[RockPrecisionFixDiag] Record 24 on Mun: scatter on. Heights are distances from the centre of Mun, in metres
[RockPrecisionFixDiag]   quad 'Mun Zp211333213': height 202846.257755 m, matrix 202846.257755 m, up 0.000 mm, across 0.000 mm
[RockPrecisionFixDiag]     holder 'Rock00': built, height 202846.257755 m, matrix 202846.257755 m, up 0.000 mm, across 0.000 mm
[RockPrecisionFixDiag]   quad 'Mun Zp211333212': height 202779.186396 m, matrix 202779.186396 m, up 0.000 mm, across 0.000 mm
[RockPrecisionFixDiag]     holder 'Rock00': built, height 202779.186396 m, matrix 202779.186396 m, up 0.000 mm, across 0.000 mm
[RockPrecisionFixDiag]   quad 'Mun Zp211333211': height 202849.621118 m, matrix 202849.621118 m, up 0.000 mm, across 0.000 mm
[RockPrecisionFixDiag]     holder 'Rock00': built, height 202849.621118 m, matrix 202849.621118 m, up 0.000 mm, across 0.000 mm
[RockPrecisionFixDiag]   quad 'Mun Zp211333210': height 202816.470610 m, matrix 202816.470610 m, up 0.000 mm, across 0.000 mm
[RockPrecisionFixDiag]     holder 'Rock00': built, height 202816.470610 m, matrix 202816.470610 m, up 0.000 mm, across 0.000 mm
[RockPrecisionFixDiag]   quad 'Mun Zp211333203': height 202649.884505 m, matrix 202649.884505 m, up 0.000 mm, across 0.000 mm
[RockPrecisionFixDiag]     holder 'Rock00': built, height 202649.884505 m, matrix 202649.884505 m, up 0.000 mm, across 0.000 mm
[RockPrecisionFixDiag]   quad 'Mun Zp211333202': height 202635.572742 m, matrix 202635.572742 m, up 0.000 mm, across 0.000 mm
[RockPrecisionFixDiag]     holder 'Rock00': built, height 202635.572742 m, matrix 202635.572742 m, up 0.000 mm, across 0.000 mm
[RockPrecisionFixDiag]   quad 'Mun Zp211333201': height 202733.336381 m, matrix 202733.336381 m, up 0.000 mm, across 0.000 mm
[RockPrecisionFixDiag]     holder 'Rock00': built, height 202733.336381 m, matrix 202733.336381 m, up 0.000 mm, across 0.000 mm
[RockPrecisionFixDiag]   quad 'Mun Zp211333200': height 202681.499402 m, matrix 202681.499402 m, up 0.000 mm, across 0.000 mm
[RockPrecisionFixDiag]     holder 'Rock00': built, height 202681.499402 m, matrix 202681.499402 m, up 0.000 mm, across 0.000 mm
[RockPrecisionFixDiag]   quad 'Mun Zp211333123': height 202931.375946 m, matrix 202931.375946 m, up 0.000 mm, across 0.000 mm
[RockPrecisionFixDiag]     holder 'Rock00': built, height 202931.375946 m, matrix 202931.375946 m, up 0.000 mm, across 0.000 mm
[RockPrecisionFixDiag]   quad 'Mun Zp211333122': height 202880.006966 m, matrix 202880.006966 m, up 0.000 mm, across 0.000 mm
[RockPrecisionFixDiag]     holder 'Rock00': built, height 202880.006966 m, matrix 202880.006966 m, up 0.000 mm, across 0.000 mm
[RockPrecisionFixDiag]   quad 'Mun Zp211333121': height 202811.022140 m, matrix 202811.022140 m, up 0.000 mm, across 0.000 mm
[RockPrecisionFixDiag]     holder 'Rock00': built, height 202811.022140 m, matrix 202811.022140 m, up 0.000 mm, across 0.000 mm
[RockPrecisionFixDiag]   quad 'Mun Zp211333120': height 202805.576741 m, matrix 202805.576741 m, up 0.000 mm, across 0.000 mm
[RockPrecisionFixDiag]     holder 'Rock00': built, height 202805.576741 m, matrix 202805.576741 m, up 0.000 mm, across 0.000 mm
[RockPrecisionFixDiag]   quad 'Mun Zp211333103': height 202667.812792 m, matrix 202667.812792 m, up 0.000 mm, across 0.000 mm
[RockPrecisionFixDiag]     holder 'Rock00': built, height 202667.812792 m, matrix 202667.812792 m, up 0.000 mm, across 0.000 mm
[RockPrecisionFixDiag]   quad 'Mun Zp211333102': height 202746.018034 m, matrix 202746.018034 m, up 0.000 mm, across 0.000 mm
[RockPrecisionFixDiag]     holder 'Rock00': built, height 202746.018034 m, matrix 202746.018034 m, up 0.000 mm, across 0.000 mm
[RockPrecisionFixDiag]   quad 'Mun Zp211333101': height 202593.173308 m, matrix 202593.173308 m, up 0.000 mm, across 0.000 mm
[RockPrecisionFixDiag]     holder 'Rock00': built, height 202593.173308 m, matrix 202593.173308 m, up 0.000 mm, across 0.000 mm
[RockPrecisionFixDiag]   quad 'Mun Zp211333100': height 202635.794741 m, matrix 202635.794741 m, up 0.000 mm, across 0.000 mm
[RockPrecisionFixDiag]     holder 'Rock00': built, height 202635.794741 m, matrix 202635.794741 m, up 0.000 mm, across 0.000 mm
[RockPrecisionFixDiag]   quad 'Mun Zp211333033': height 202837.503354 m, matrix 202837.503354 m, up 0.000 mm, across 0.000 mm
[RockPrecisionFixDiag]     holder 'Rock00': built, height 202837.503354 m, matrix 202837.503354 m, up 0.000 mm, across 0.000 mm
[RockPrecisionFixDiag]   quad 'Mun Zp211333032': height 202828.507941 m, matrix 202828.507941 m, up 0.000 mm, across 0.000 mm
[RockPrecisionFixDiag]     holder 'Rock00': built, height 202828.507941 m, matrix 202828.507941 m, up 0.000 mm, across 0.000 mm
[RockPrecisionFixDiag]   quad 'Mun Zp211333031': height 202829.996534 m, matrix 202829.996534 m, up 0.000 mm, across 0.000 mm
[RockPrecisionFixDiag]     holder 'Rock00': built, height 202829.996534 m, matrix 202829.996534 m, up 0.000 mm, across 0.000 mm
[RockPrecisionFixDiag]   quad 'Mun Zp211333030': height 202481.871088 m, matrix 202481.871088 m, up 0.000 mm, across 0.000 mm
[RockPrecisionFixDiag]     holder 'Rock00': built, height 202481.871088 m, matrix 202481.871088 m, up 0.000 mm, across 0.000 mm
[RockPrecisionFixDiag]   quad 'Mun Zp211333023': height 202635.512057 m, matrix 202635.512057 m, up 0.000 mm, across 0.000 mm
[RockPrecisionFixDiag]     holder 'Rock00': built, height 202635.512057 m, matrix 202635.512057 m, up 0.000 mm, across 0.000 mm
[RockPrecisionFixDiag]   quad 'Mun Zp211333022': height 202567.667055 m, matrix 202567.667055 m, up 0.000 mm, across 0.000 mm
[RockPrecisionFixDiag]     holder 'Rock00': built, height 202567.667055 m, matrix 202567.667055 m, up 0.000 mm, across 0.000 mm
[RockPrecisionFixDiag]   quad 'Mun Zp211333021': height 202324.316176 m, matrix 202324.316176 m, up 0.000 mm, across 0.000 mm
[RockPrecisionFixDiag]     holder 'Rock00': built, height 202324.316176 m, matrix 202324.316176 m, up 0.000 mm, across 0.000 mm
[RockPrecisionFixDiag]   quad 'Mun Zp211333020': height 202291.416325 m, matrix 202291.416325 m, up 0.000 mm, across 0.000 mm
[RockPrecisionFixDiag]     holder 'Rock00': built, height 202291.416325 m, matrix 202291.416325 m, up 0.000 mm, across 0.000 mm
[RockPrecisionFixDiag]   quad 'Mun Zp211333013': height 202522.526822 m, matrix 202522.526822 m, up 0.000 mm, across 0.000 mm
[RockPrecisionFixDiag]     holder 'Rock00': built, height 202522.526822 m, matrix 202522.526822 m, up 0.000 mm, across 0.000 mm
[RockPrecisionFixDiag]   quad 'Mun Zp211333012': height 202295.836509 m, matrix 202295.836509 m, up 0.000 mm, across 0.000 mm
[RockPrecisionFixDiag]     holder 'Rock00': built, height 202295.836509 m, matrix 202295.836509 m, up 0.000 mm, across 0.000 mm
[RockPrecisionFixDiag]   quad 'Mun Zp211333011': height 202464.089936 m, matrix 202464.089936 m, up 0.000 mm, across 0.000 mm
[RockPrecisionFixDiag]     holder 'Rock00': built, height 202464.089936 m, matrix 202464.089936 m, up 0.000 mm, across 0.000 mm
[RockPrecisionFixDiag]   quad 'Mun Zp211333010': height 202233.596021 m, matrix 202233.596021 m, up 0.000 mm, across 0.000 mm
[RockPrecisionFixDiag]     holder 'Rock00': built, height 202233.596021 m, matrix 202233.596021 m, up 0.000 mm, across 0.000 mm
[RockPrecisionFixDiag]   quad 'Mun Zp211333003': height 202211.558004 m, matrix 202211.558004 m, up 0.000 mm, across 0.000 mm
[RockPrecisionFixDiag]     holder 'Rock00': built, height 202211.558004 m, matrix 202211.558004 m, up 0.000 mm, across 0.000 mm
[RockPrecisionFixDiag]   quad 'Mun Zp211333002': height 202172.848645 m, matrix 202172.848645 m, up 0.000 mm, across 0.000 mm
[RockPrecisionFixDiag]     holder 'Rock00': built, height 202172.848645 m, matrix 202172.848645 m, up 0.000 mm, across 0.000 mm
[RockPrecisionFixDiag]   quad 'Mun Zp211333001': height 202138.073699 m, matrix 202138.073699 m, up 0.000 mm, across 0.000 mm
[RockPrecisionFixDiag]     holder 'Rock00': built, height 202138.073699 m, matrix 202138.073699 m, up 0.000 mm, across 0.000 mm
[RockPrecisionFixDiag]   quad 'Mun Zp211333000': height 202141.169958 m, matrix 202141.169958 m, up 0.000 mm, across 0.000 mm
[RockPrecisionFixDiag]     holder 'Rock00': built, height 202141.169958 m, matrix 202141.169958 m, up 0.000 mm, across 0.000 mm
[RockPrecisionFixDiag]   quad 'Mun Zp211332313': height 202646.209122 m, matrix 202646.209122 m, up 0.000 mm, across 0.000 mm
[RockPrecisionFixDiag]     holder 'Rock00': built, height 202646.209122 m, matrix 202646.209122 m, up 0.000 mm, across 0.000 mm
[RockPrecisionFixDiag]   quad 'Mun Zp211332312': height 202665.408014 m, matrix 202665.408014 m, up 0.000 mm, across 0.000 mm
[RockPrecisionFixDiag]     holder 'Rock00': built, height 202665.408014 m, matrix 202665.408014 m, up 0.000 mm, across 0.000 mm
[RockPrecisionFixDiag]   quad 'Mun Zp211332311': height 202658.813734 m, matrix 202658.813734 m, up 0.000 mm, across 0.000 mm
[RockPrecisionFixDiag]     holder 'Rock00': built, height 202658.813734 m, matrix 202658.813734 m, up 0.000 mm, across 0.000 mm
[RockPrecisionFixDiag]   quad 'Mun Zp211332310': height 202653.540371 m, matrix 202653.540371 m, up 0.000 mm, across 0.000 mm
[RockPrecisionFixDiag]     holder 'Rock00': built, height 202653.540371 m, matrix 202653.540371 m, up 0.000 mm, across 0.000 mm
[RockPrecisionFixDiag]   quad 'Mun Zp211332303': height 202691.596744 m, matrix 202691.596744 m, up 0.000 mm, across 0.000 mm
[RockPrecisionFixDiag]     holder 'Rock00': built, height 202691.596744 m, matrix 202691.596744 m, up 0.000 mm, across 0.000 mm
[RockPrecisionFixDiag]   quad 'Mun Zp211332302': height 202818.330695 m, matrix 202818.330695 m, up 0.000 mm, across 0.000 mm
[RockPrecisionFixDiag]     holder 'Rock00': built, height 202818.330695 m, matrix 202818.330695 m, up 0.000 mm, across 0.000 mm
[RockPrecisionFixDiag]   quad 'Mun Zp211332301': height 202692.275963 m, matrix 202692.275963 m, up 0.000 mm, across 0.000 mm
[RockPrecisionFixDiag]     holder 'Rock00': built, height 202692.275963 m, matrix 202692.275963 m, up 0.000 mm, across 0.000 mm
[RockPrecisionFixDiag]   quad 'Mun Zp211332300': height 202795.997751 m, matrix 202795.997751 m, up 0.000 mm, across 0.000 mm
[RockPrecisionFixDiag]     holder 'Rock00': built, height 202795.997751 m, matrix 202795.997751 m, up 0.000 mm, across 0.000 mm
[RockPrecisionFixDiag]   quad 'Mun Zp211332133': height 202595.095551 m, matrix 202595.095551 m, up 0.000 mm, across 0.000 mm
[RockPrecisionFixDiag]     holder 'Rock00': built, height 202595.095551 m, matrix 202595.095551 m, up 0.000 mm, across 0.000 mm
[RockPrecisionFixDiag]   quad 'Mun Zp211332132': height 202755.060316 m, matrix 202755.060316 m, up 0.000 mm, across 0.000 mm
[RockPrecisionFixDiag]     holder 'Rock00': built, height 202755.060316 m, matrix 202755.060316 m, up 0.000 mm, across 0.000 mm
[RockPrecisionFixDiag]   quad 'Mun Zp211332131': height 202350.972031 m, matrix 202350.972031 m, up 0.000 mm, across 0.000 mm
[RockPrecisionFixDiag]     holder 'Rock00': built, height 202350.972031 m, matrix 202350.972031 m, up 0.000 mm, across 0.000 mm
[RockPrecisionFixDiag]   quad 'Mun Zp211332130': height 202529.302314 m, matrix 202529.302314 m, up 0.000 mm, across 0.000 mm
[RockPrecisionFixDiag]     holder 'Rock00': built, height 202529.302314 m, matrix 202529.302314 m, up 0.000 mm, across 0.000 mm
[RockPrecisionFixDiag]   quad 'Mun Zp211332123': height 202725.681297 m, matrix 202725.681297 m, up 0.000 mm, across 0.000 mm
[RockPrecisionFixDiag]     holder 'Rock00': built, height 202725.681297 m, matrix 202725.681297 m, up 0.000 mm, across 0.000 mm
[RockPrecisionFixDiag]   quad 'Mun Zp211332122': height 202784.171232 m, matrix 202784.171232 m, up 0.000 mm, across 0.000 mm
[RockPrecisionFixDiag]     holder 'Rock00': built, height 202784.171232 m, matrix 202784.171232 m, up 0.000 mm, across 0.000 mm
[RockPrecisionFixDiag]   quad 'Mun Zp211332121': height 202785.712304 m, matrix 202785.712304 m, up 0.000 mm, across 0.000 mm
[RockPrecisionFixDiag]     holder 'Rock00': built, height 202785.712304 m, matrix 202785.712304 m, up 0.000 mm, across 0.000 mm
[RockPrecisionFixDiag]   quad 'Mun Zp211332120': height 202796.747149 m, matrix 202796.747149 m, up 0.000 mm, across 0.000 mm
[RockPrecisionFixDiag]     holder 'Rock00': built, height 202796.747149 m, matrix 202796.747149 m, up 0.000 mm, across 0.000 mm
[RockPrecisionFixDiag]   quad 'Mun Zp211332113': height 202196.475004 m, matrix 202196.475004 m, up 0.000 mm, across 0.000 mm
[RockPrecisionFixDiag]     holder 'Rock00': built, height 202196.475004 m, matrix 202196.475004 m, up 0.000 mm, across 0.000 mm
[RockPrecisionFixDiag]   quad 'Mun Zp211332112': height 202302.027330 m, matrix 202302.027330 m, up 0.000 mm, across 0.000 mm
[RockPrecisionFixDiag]     holder 'Rock00': built, height 202302.027330 m, matrix 202302.027330 m, up 0.000 mm, across 0.000 mm
[RockPrecisionFixDiag]   quad 'Mun Zp211332111': height 202128.637759 m, matrix 202128.637759 m, up 0.000 mm, across 0.000 mm
[RockPrecisionFixDiag]     holder 'Rock00': built, height 202128.637759 m, matrix 202128.637759 m, up 0.000 mm, across 0.000 mm
[RockPrecisionFixDiag]   quad 'Mun Zp211332110': height 202204.644123 m, matrix 202204.644123 m, up 0.000 mm, across 0.000 mm
[RockPrecisionFixDiag]     holder 'Rock00': built, height 202204.644123 m, matrix 202204.644123 m, up 0.000 mm, across 0.000 mm
[RockPrecisionFixDiag]   quad 'Mun Zp211332103': height 202574.413438 m, matrix 202574.413438 m, up 0.000 mm, across 0.000 mm
[RockPrecisionFixDiag]     holder 'Rock00': built, height 202574.413438 m, matrix 202574.413438 m, up 0.000 mm, across 0.000 mm
[RockPrecisionFixDiag]   quad 'Mun Zp211332102': height 202798.107300 m, matrix 202798.107300 m, up 0.000 mm, across 0.000 mm
[RockPrecisionFixDiag]     holder 'Rock00': built, height 202798.107300 m, matrix 202798.107300 m, up 0.000 mm, across 0.000 mm
[RockPrecisionFixDiag]   quad 'Mun Zp211332101': height 202440.199238 m, matrix 202440.199238 m, up 0.000 mm, across 0.000 mm
[RockPrecisionFixDiag]     holder 'Rock00': built, height 202440.199238 m, matrix 202440.199238 m, up 0.000 mm, across 0.000 mm
[RockPrecisionFixDiag]   quad 'Mun Zp211332100': height 202787.689059 m, matrix 202787.689059 m, up 0.000 mm, across 0.000 mm
[RockPrecisionFixDiag]     holder 'Rock00': built, height 202787.689059 m, matrix 202787.689059 m, up 0.000 mm, across 0.000 mm
[RockPrecisionFixDiag]   quad 'Mun Zp211332033': height 202904.838898 m, matrix 202904.838898 m, up 0.000 mm, across 0.000 mm
[RockPrecisionFixDiag]     holder 'Rock00': built, height 202904.838898 m, matrix 202904.838898 m, up 0.000 mm, across 0.000 mm
[RockPrecisionFixDiag]   quad 'Mun Zp211332032': height 203072.725074 m, matrix 203072.725074 m, up 0.000 mm, across 0.000 mm
[RockPrecisionFixDiag]     holder 'Rock00': built, height 203072.725074 m, matrix 203072.725074 m, up 0.000 mm, across 0.000 mm
[RockPrecisionFixDiag]   quad 'Mun Zp211332031': height 202893.175860 m, matrix 202893.175860 m, up 0.000 mm, across 0.000 mm
[RockPrecisionFixDiag]     holder 'Rock00': built, height 202893.175860 m, matrix 202893.175860 m, up 0.000 mm, across 0.000 mm
[RockPrecisionFixDiag]   quad 'Mun Zp211332030': height 203037.541343 m, matrix 203037.541343 m, up 0.000 mm, across 0.000 mm
[RockPrecisionFixDiag]     holder 'Rock00': built, height 203037.541343 m, matrix 203037.541343 m, up 0.000 mm, across 0.000 mm
[RockPrecisionFixDiag]   quad 'Mun Zp211332013': height 202833.397017 m, matrix 202833.397017 m, up 0.000 mm, across 0.000 mm
[RockPrecisionFixDiag]     holder 'Rock00': built, height 202833.397017 m, matrix 202833.397017 m, up 0.000 mm, across 0.000 mm
[RockPrecisionFixDiag]   quad 'Mun Zp211332012': height 202944.381879 m, matrix 202944.381879 m, up 0.000 mm, across 0.000 mm
[RockPrecisionFixDiag]     holder 'Rock00': built, height 202944.381879 m, matrix 202944.381879 m, up 0.000 mm, across 0.000 mm
[RockPrecisionFixDiag]   quad 'Mun Zp211332011': height 202765.214607 m, matrix 202765.214607 m, up 0.000 mm, across 0.000 mm
[RockPrecisionFixDiag]     holder 'Rock00': built, height 202765.214607 m, matrix 202765.214607 m, up 0.000 mm, across 0.000 mm
[RockPrecisionFixDiag]   quad 'Mun Zp211332010': height 202851.546813 m, matrix 202851.546813 m, up 0.000 mm, across 0.000 mm
[RockPrecisionFixDiag]     holder 'Rock00': built, height 202851.546813 m, matrix 202851.546813 m, up 0.000 mm, across 0.000 mm
[RockPrecisionFixDiag]   quad 'Mun Zp211331323': height 202446.499734 m, matrix 202446.499734 m, up 0.000 mm, across 0.000 mm
[RockPrecisionFixDiag]     holder 'Rock00': built, height 202446.499734 m, matrix 202446.499734 m, up 0.000 mm, across 0.000 mm
[RockPrecisionFixDiag]   quad 'Mun Zp211331322': height 202534.065193 m, matrix 202534.065193 m, up 0.000 mm, across 0.000 mm
[RockPrecisionFixDiag]     holder 'Rock00': built, height 202534.065193 m, matrix 202534.065193 m, up 0.000 mm, across 0.000 mm
[RockPrecisionFixDiag]   quad 'Mun Zp211331321': height 202433.350882 m, matrix 202433.350882 m, up 0.000 mm, across 0.000 mm
[RockPrecisionFixDiag]     holder 'Rock00': built, height 202433.350882 m, matrix 202433.350882 m, up 0.000 mm, across 0.000 mm
[RockPrecisionFixDiag]   quad 'Mun Zp211331320': height 202529.882726 m, matrix 202529.882726 m, up 0.000 mm, across 0.000 mm
[RockPrecisionFixDiag]     holder 'Rock00': built, height 202529.882726 m, matrix 202529.882726 m, up 0.000 mm, across 0.000 mm
[RockPrecisionFixDiag]   quad 'Mun Zp211331303': height 202624.681801 m, matrix 202624.681801 m, up 0.000 mm, across 0.000 mm
[RockPrecisionFixDiag]     holder 'Rock00': built, height 202624.681801 m, matrix 202624.681801 m, up 0.000 mm, across 0.000 mm
[RockPrecisionFixDiag]   quad 'Mun Zp211331302': height 202557.255903 m, matrix 202557.255903 m, up 0.000 mm, across 0.000 mm
[RockPrecisionFixDiag]     holder 'Rock00': built, height 202557.255903 m, matrix 202557.255903 m, up 0.000 mm, across 0.000 mm
[RockPrecisionFixDiag]   quad 'Mun Zp211331301': height 202578.387919 m, matrix 202578.387919 m, up 0.000 mm, across 0.000 mm
[RockPrecisionFixDiag]     holder 'Rock00': built, height 202578.387919 m, matrix 202578.387919 m, up 0.000 mm, across 0.000 mm
[RockPrecisionFixDiag]   quad 'Mun Zp211331300': height 202519.357732 m, matrix 202519.357732 m, up 0.000 mm, across 0.000 mm
[RockPrecisionFixDiag]     holder 'Rock00': built, height 202519.357732 m, matrix 202519.357732 m, up 0.000 mm, across 0.000 mm
[RockPrecisionFixDiag]   quad 'Mun Zp211331233': height 202286.625353 m, matrix 202286.625353 m, up 0.000 mm, across 0.000 mm
[RockPrecisionFixDiag]     holder 'Rock00': built, height 202286.625353 m, matrix 202286.625353 m, up 0.000 mm, across 0.000 mm
[RockPrecisionFixDiag]   quad 'Mun Zp211331232': height 202233.292439 m, matrix 202233.292439 m, up 0.000 mm, across 0.000 mm
[RockPrecisionFixDiag]     holder 'Rock00': built, height 202233.292439 m, matrix 202233.292439 m, up 0.000 mm, across 0.000 mm
[RockPrecisionFixDiag]   quad 'Mun Zp211331231': height 202298.297237 m, matrix 202298.297237 m, up 0.000 mm, across 0.000 mm
[RockPrecisionFixDiag]     holder 'Rock00': built, height 202298.297237 m, matrix 202298.297237 m, up 0.000 mm, across 0.000 mm
[RockPrecisionFixDiag]   quad 'Mun Zp211331230': height 202249.652602 m, matrix 202249.652602 m, up 0.000 mm, across 0.000 mm
[RockPrecisionFixDiag]     holder 'Rock00': built, height 202249.652602 m, matrix 202249.652602 m, up 0.000 mm, across 0.000 mm
[RockPrecisionFixDiag]   quad 'Mun Zp211331223': height 202124.204665 m, matrix 202124.204665 m, up 0.000 mm, across 0.000 mm
[RockPrecisionFixDiag]     holder 'Rock00': built, height 202124.204665 m, matrix 202124.204665 m, up 0.000 mm, across 0.000 mm
[RockPrecisionFixDiag]   quad 'Mun Zp211331222': height 202121.991523 m, matrix 202121.991523 m, up 0.000 mm, across 0.000 mm
[RockPrecisionFixDiag]     holder 'Rock00': built, height 202121.991523 m, matrix 202121.991523 m, up 0.000 mm, across 0.000 mm
[RockPrecisionFixDiag]   quad 'Mun Zp211331221': height 202140.023272 m, matrix 202140.023272 m, up 0.000 mm, across 0.000 mm
[RockPrecisionFixDiag]     holder 'Rock00': built, height 202140.023272 m, matrix 202140.023272 m, up 0.000 mm, across 0.000 mm
[RockPrecisionFixDiag]   quad 'Mun Zp211331220': height 202099.773834 m, matrix 202099.773834 m, up 0.000 mm, across 0.000 mm
[RockPrecisionFixDiag]     holder 'Rock00': built, height 202099.773834 m, matrix 202099.773834 m, up 0.000 mm, across 0.000 mm
[RockPrecisionFixDiag]   quad 'Mun Zp211331213': height 202491.881533 m, matrix 202491.881533 m, up 0.000 mm, across 0.000 mm
[RockPrecisionFixDiag]     holder 'Rock00': built, height 202491.881533 m, matrix 202491.881533 m, up 0.000 mm, across 0.000 mm
[RockPrecisionFixDiag]   quad 'Mun Zp211331212': height 202343.480630 m, matrix 202343.480630 m, up 0.000 mm, across 0.000 mm
[RockPrecisionFixDiag]     holder 'Rock00': built, height 202343.480630 m, matrix 202343.480630 m, up 0.000 mm, across 0.000 mm
[RockPrecisionFixDiag]   quad 'Mun Zp211331211': height 202468.511359 m, matrix 202468.511359 m, up 0.000 mm, across 0.000 mm
[RockPrecisionFixDiag]     holder 'Rock00': built, height 202468.511359 m, matrix 202468.511359 m, up 0.000 mm, across 0.000 mm
[RockPrecisionFixDiag]   quad 'Mun Zp211331210': height 202538.402476 m, matrix 202538.402476 m, up 0.000 mm, across 0.000 mm
[RockPrecisionFixDiag]     holder 'Rock00': built, height 202538.402476 m, matrix 202538.402476 m, up 0.000 mm, across 0.000 mm
[RockPrecisionFixDiag]   quad 'Mun Zp211331203': height 202268.873543 m, matrix 202268.873543 m, up 0.000 mm, across 0.000 mm
[RockPrecisionFixDiag]     holder 'Rock00': built, height 202268.873543 m, matrix 202268.873543 m, up 0.000 mm, across 0.000 mm
[RockPrecisionFixDiag]   quad 'Mun Zp211331202': height 202217.943604 m, matrix 202217.943604 m, up 0.000 mm, across 0.000 mm
[RockPrecisionFixDiag]     holder 'Rock00': built, height 202217.943604 m, matrix 202217.943604 m, up 0.000 mm, across 0.000 mm
[RockPrecisionFixDiag]   quad 'Mun Zp211331201': height 202274.124605 m, matrix 202274.124605 m, up 0.000 mm, across 0.000 mm
[RockPrecisionFixDiag]     holder 'Rock00': built, height 202274.124605 m, matrix 202274.124605 m, up 0.000 mm, across 0.000 mm
[RockPrecisionFixDiag]   quad 'Mun Zp211331200': height 202291.418205 m, matrix 202291.418205 m, up 0.000 mm, across 0.000 mm
[RockPrecisionFixDiag]     holder 'Rock00': built, height 202291.418205 m, matrix 202291.418205 m, up 0.000 mm, across 0.000 mm
[RockPrecisionFixDiag]   quad 'Mun Zp211331033': height 202519.894358 m, matrix 202519.894358 m, up 0.000 mm, across 0.000 mm
[RockPrecisionFixDiag]     holder 'Rock00': built, height 202519.894358 m, matrix 202519.894358 m, up 0.000 mm, across 0.000 mm
[RockPrecisionFixDiag]   quad 'Mun Zp211331032': height 202513.700715 m, matrix 202513.700715 m, up 0.000 mm, across 0.000 mm
[RockPrecisionFixDiag]     holder 'Rock00': built, height 202513.700715 m, matrix 202513.700715 m, up 0.000 mm, across 0.000 mm
[RockPrecisionFixDiag]   quad 'Mun Zp211331031': height 202735.484761 m, matrix 202735.484761 m, up 0.000 mm, across 0.000 mm
[RockPrecisionFixDiag]     holder 'Rock00': built, height 202735.484761 m, matrix 202735.484761 m, up 0.000 mm, across 0.000 mm
[RockPrecisionFixDiag]   quad 'Mun Zp211331030': height 202655.638109 m, matrix 202655.638109 m, up 0.000 mm, across 0.000 mm
[RockPrecisionFixDiag]     holder 'Rock00': built, height 202655.638109 m, matrix 202655.638109 m, up 0.000 mm, across 0.000 mm
[RockPrecisionFixDiag]   quad 'Mun Zp211331023': height 202509.398762 m, matrix 202509.398762 m, up 0.000 mm, across 0.000 mm
[RockPrecisionFixDiag]     holder 'Rock00': built, height 202509.398762 m, matrix 202509.398762 m, up 0.000 mm, across 0.000 mm
[RockPrecisionFixDiag]   quad 'Mun Zp211331022': height 202568.396800 m, matrix 202568.396800 m, up 0.000 mm, across 0.000 mm
[RockPrecisionFixDiag]     holder 'Rock00': built, height 202568.396800 m, matrix 202568.396800 m, up 0.000 mm, across 0.000 mm
[RockPrecisionFixDiag]   quad 'Mun Zp211331021': height 202631.736243 m, matrix 202631.736243 m, up 0.000 mm, across 0.000 mm
[RockPrecisionFixDiag]     holder 'Rock00': built, height 202631.736243 m, matrix 202631.736243 m, up 0.000 mm, across 0.000 mm
[RockPrecisionFixDiag]   quad 'Mun Zp211331020': height 202658.938080 m, matrix 202658.938080 m, up 0.000 mm, across 0.000 mm
[RockPrecisionFixDiag]     holder 'Rock00': built, height 202658.938080 m, matrix 202658.938080 m, up 0.000 mm, across 0.000 mm
[RockPrecisionFixDiag]   quad 'Mun Zp211330333': height 202093.202635 m, matrix 202093.202635 m, up 0.000 mm, across 0.000 mm
[RockPrecisionFixDiag]     holder 'Rock00': built, height 202093.202635 m, matrix 202093.202635 m, up 0.000 mm, across 0.000 mm
[RockPrecisionFixDiag]   quad 'Mun Zp211330332': height 202196.340563 m, matrix 202196.340563 m, up 0.000 mm, across 0.000 mm
[RockPrecisionFixDiag]     holder 'Rock00': built, height 202196.340563 m, matrix 202196.340563 m, up 0.000 mm, across 0.000 mm
[RockPrecisionFixDiag]   quad 'Mun Zp211330331': height 202137.821482 m, matrix 202137.821482 m, up 0.000 mm, across 0.000 mm
[RockPrecisionFixDiag]     holder 'Rock00': built, height 202137.821482 m, matrix 202137.821482 m, up 0.000 mm, across 0.000 mm
[RockPrecisionFixDiag]   quad 'Mun Zp211330330': height 202243.552114 m, matrix 202243.552114 m, up 0.000 mm, across 0.000 mm
[RockPrecisionFixDiag]     holder 'Rock00': built, height 202243.552114 m, matrix 202243.552114 m, up 0.000 mm, across 0.000 mm
[RockPrecisionFixDiag]   quad 'Mun Zp211330323': height 202424.884474 m, matrix 202424.884474 m, up 0.000 mm, across 0.000 mm
[RockPrecisionFixDiag]     holder 'Rock00': built, height 202424.884474 m, matrix 202424.884474 m, up 0.000 mm, across 0.000 mm
[RockPrecisionFixDiag]   quad 'Mun Zp211330322': height 202745.477299 m, matrix 202745.477299 m, up 0.000 mm, across 0.000 mm
[RockPrecisionFixDiag]     holder 'Rock00': built, height 202745.477299 m, matrix 202745.477299 m, up 0.000 mm, across 0.000 mm
[RockPrecisionFixDiag]   quad 'Mun Zp211330321': height 202532.447053 m, matrix 202532.447053 m, up 0.000 mm, across 0.000 mm
[RockPrecisionFixDiag]     holder 'Rock00': built, height 202532.447053 m, matrix 202532.447053 m, up 0.000 mm, across 0.000 mm
[RockPrecisionFixDiag]   quad 'Mun Zp211330320': height 202747.280318 m, matrix 202747.280318 m, up 0.000 mm, across 0.000 mm
[RockPrecisionFixDiag]     holder 'Rock00': built, height 202747.280318 m, matrix 202747.280318 m, up 0.000 mm, across 0.000 mm
[RockPrecisionFixDiag]   quad 'Mun Zp211330313': height 202239.882715 m, matrix 202239.882715 m, up 0.000 mm, across 0.000 mm
[RockPrecisionFixDiag]     holder 'Rock00': built, height 202239.882715 m, matrix 202239.882715 m, up 0.000 mm, across 0.000 mm
[RockPrecisionFixDiag]   quad 'Mun Zp211330312': height 202414.623384 m, matrix 202414.623384 m, up 0.000 mm, across 0.000 mm
[RockPrecisionFixDiag]     holder 'Rock00': built, height 202414.623384 m, matrix 202414.623384 m, up 0.000 mm, across 0.000 mm
[RockPrecisionFixDiag]   quad 'Mun Zp211330311': height 202544.398897 m, matrix 202544.398897 m, up 0.000 mm, across 0.000 mm
[RockPrecisionFixDiag]     holder 'Rock00': built, height 202544.398897 m, matrix 202544.398897 m, up 0.000 mm, across 0.000 mm
[RockPrecisionFixDiag]   quad 'Mun Zp211330310': height 202751.159171 m, matrix 202751.159171 m, up 0.000 mm, across 0.000 mm
[RockPrecisionFixDiag]     holder 'Rock00': built, height 202751.159171 m, matrix 202751.159171 m, up 0.000 mm, across 0.000 mm
[RockPrecisionFixDiag]   quad 'Mun Zp211330303': height 202791.847212 m, matrix 202791.847212 m, up 0.000 mm, across 0.000 mm
[RockPrecisionFixDiag]     holder 'Rock00': built, height 202791.847212 m, matrix 202791.847212 m, up 0.000 mm, across 0.000 mm
[RockPrecisionFixDiag]   quad 'Mun Zp211330302': height 202727.267453 m, matrix 202727.267453 m, up 0.000 mm, across 0.000 mm
[RockPrecisionFixDiag]     holder 'Rock00': built, height 202727.267453 m, matrix 202727.267453 m, up 0.000 mm, across 0.000 mm
[RockPrecisionFixDiag]   quad 'Mun Zp211330301': height 202748.280243 m, matrix 202748.280243 m, up 0.000 mm, across 0.000 mm
[RockPrecisionFixDiag]     holder 'Rock00': built, height 202748.280243 m, matrix 202748.280243 m, up 0.000 mm, across 0.000 mm
[RockPrecisionFixDiag]   quad 'Mun Zp211330300': height 202725.965712 m, matrix 202725.965712 m, up 0.000 mm, across 0.000 mm
[RockPrecisionFixDiag]     holder 'Rock00': built, height 202725.965712 m, matrix 202725.965712 m, up 0.000 mm, across 0.000 mm
[RockPrecisionFixDiag]   quad 'Mun Zp211330233': height 202697.581060 m, matrix 202697.581060 m, up 0.000 mm, across 0.000 mm
[RockPrecisionFixDiag]     holder 'Rock00': built, height 202697.581060 m, matrix 202697.581060 m, up 0.000 mm, across 0.000 mm
[RockPrecisionFixDiag]   quad 'Mun Zp211330232': height 202766.028375 m, matrix 202766.028375 m, up 0.000 mm, across 0.000 mm
[RockPrecisionFixDiag]     holder 'Rock00': built, height 202766.028375 m, matrix 202766.028375 m, up 0.000 mm, across 0.000 mm
[RockPrecisionFixDiag]   quad 'Mun Zp211330231': height 202683.174706 m, matrix 202683.174706 m, up 0.000 mm, across 0.000 mm
[RockPrecisionFixDiag]     holder 'Rock00': built, height 202683.174706 m, matrix 202683.174706 m, up 0.000 mm, across 0.000 mm
[RockPrecisionFixDiag]   quad 'Mun Zp211330230': height 202738.936596 m, matrix 202738.936596 m, up 0.000 mm, across 0.000 mm
[RockPrecisionFixDiag]     holder 'Rock00': built, height 202738.936596 m, matrix 202738.936596 m, up 0.000 mm, across 0.000 mm
[RockPrecisionFixDiag]   quad 'Mun Zp211330213': height 202697.298382 m, matrix 202697.298382 m, up 0.000 mm, across 0.000 mm
[RockPrecisionFixDiag]     holder 'Rock00': built, height 202697.298382 m, matrix 202697.298382 m, up 0.000 mm, across 0.000 mm
[RockPrecisionFixDiag]   quad 'Mun Zp211330212': height 202770.818162 m, matrix 202770.818162 m, up 0.000 mm, across 0.000 mm
[RockPrecisionFixDiag]     holder 'Rock00': built, height 202770.818162 m, matrix 202770.818162 m, up 0.000 mm, across 0.000 mm
[RockPrecisionFixDiag]   quad 'Mun Zp211330211': height 202735.811416 m, matrix 202735.811416 m, up 0.000 mm, across 0.000 mm
[RockPrecisionFixDiag]     holder 'Rock00': built, height 202735.811416 m, matrix 202735.811416 m, up 0.000 mm, across 0.000 mm
[RockPrecisionFixDiag]   quad 'Mun Zp211330210': height 202838.957140 m, matrix 202838.957140 m, up 0.000 mm, across 0.000 mm
[RockPrecisionFixDiag]     holder 'Rock00': built, height 202838.957140 m, matrix 202838.957140 m, up 0.000 mm, across 0.000 mm
[RockPrecisionFixDiag]   quad 'Mun Zp211330133': height 202588.416496 m, matrix 202588.416496 m, up 0.000 mm, across 0.000 mm
[RockPrecisionFixDiag]     holder 'Rock00': built, height 202588.416496 m, matrix 202588.416496 m, up 0.000 mm, across 0.000 mm
[RockPrecisionFixDiag]   quad 'Mun Zp211330132': height 202536.287105 m, matrix 202536.287105 m, up 0.000 mm, across 0.000 mm
[RockPrecisionFixDiag]     holder 'Rock00': built, height 202536.287105 m, matrix 202536.287105 m, up 0.000 mm, across 0.000 mm
[RockPrecisionFixDiag]   quad 'Mun Zp211330131': height 202610.940060 m, matrix 202610.940060 m, up 0.000 mm, across 0.000 mm
[RockPrecisionFixDiag]     holder 'Rock00': built, height 202610.940060 m, matrix 202610.940060 m, up 0.000 mm, across 0.000 mm
[RockPrecisionFixDiag]   quad 'Mun Zp211330130': height 202518.671623 m, matrix 202518.671623 m, up 0.000 mm, across 0.000 mm
[RockPrecisionFixDiag]     holder 'Rock00': built, height 202518.671623 m, matrix 202518.671623 m, up 0.000 mm, across 0.000 mm
[RockPrecisionFixDiag]   quad 'Mun Zp211330123': height 202607.515555 m, matrix 202607.515555 m, up 0.000 mm, across 0.000 mm
[RockPrecisionFixDiag]     holder 'Rock00': built, height 202607.515555 m, matrix 202607.515555 m, up 0.000 mm, across 0.000 mm
[RockPrecisionFixDiag]   quad 'Mun Zp211330122': height 202749.538260 m, matrix 202749.538260 m, up 0.000 mm, across 0.000 mm
[RockPrecisionFixDiag]     holder 'Rock00': built, height 202749.538260 m, matrix 202749.538260 m, up 0.000 mm, across 0.000 mm
[RockPrecisionFixDiag]   quad 'Mun Zp211330121': height 202621.046489 m, matrix 202621.046489 m, up 0.000 mm, across 0.000 mm
[RockPrecisionFixDiag]     holder 'Rock00': built, height 202621.046489 m, matrix 202621.046489 m, up 0.000 mm, across 0.000 mm
[RockPrecisionFixDiag]   quad 'Mun Zp211330120': height 202754.991305 m, matrix 202754.991305 m, up 0.000 mm, across 0.000 mm
[RockPrecisionFixDiag]     holder 'Rock00': built, height 202754.991305 m, matrix 202754.991305 m, up 0.000 mm, across 0.000 mm
[RockPrecisionFixDiag]   rock 'Mun Zp211333000' 'Rock00' #0 vertex 120: ground 202136.197610 m, vertex 202135.094185 m, -1103.425 mm above the ground
[RockPrecisionFixDiag]   rock 'Mun Zp211333000' 'Rock00' #0 vertex 104: ground 202136.258349 m, vertex 202136.953770 m, +695.422 mm above the ground
[RockPrecisionFixDiag]   rock 'Mun Zp211333000' 'Rock00' #0 vertex 35: ground 202136.172811 m, vertex 202137.369993 m, +1197.182 mm above the ground
[RockPrecisionFixDiag]   rock 'Mun Zp211333000' 'Rock00' #0 vertex 62: ground 202136.151856 m, vertex 202136.605492 m, +453.637 mm above the ground
[RockPrecisionFixDiag]   rock 'Mun Zp211333000' 'Rock00' #0 vertex 173: ground 202136.311193 m, vertex 202135.928801 m, -382.391 mm above the ground
[RockPrecisionFixDiag]   rock 'Mun Zp211333000' 'Rock00' #0 vertex 15: ground 202136.233752 m, vertex 202135.444494 m, -789.258 mm above the ground
[RockPrecisionFixDiag]   rock 'Mun Zp211333000' 'Rock00' #0 vertex 21: ground 202136.214290 m, vertex 202135.975207 m, -239.084 mm above the ground
[RockPrecisionFixDiag]   rock 'Mun Zp211333000' 'Rock00' #0 vertex 34: ground 202136.266064 m, vertex 202137.028101 m, +762.038 mm above the ground
[RockPrecisionFixDiag]   rock 'Mun Zp211333000' 'Rock00' #0 vertex 0: ground 202136.139059 m, vertex 202135.809425 m, -329.634 mm above the ground
[RockPrecisionFixDiag]   rock 'Mun Zp211333000' 'Rock00' #0 vertex 90: ground 202136.224547 m, vertex 202137.305346 m, +1080.799 mm above the ground
[RockPrecisionFixDiag]   rock 'Mun Zp211333000' 'Rock00' #1 vertex 120: ground 202142.437764 m, vertex 202140.877501 m, -1560.263 mm above the ground
[RockPrecisionFixDiag]   rock 'Mun Zp211333000' 'Rock00' #1 vertex 104: ground 202142.477251 m, vertex 202143.476172 m, +998.920 mm above the ground
[RockPrecisionFixDiag]   rock 'Mun Zp211333000' 'Rock00' #1 vertex 35: ground 202142.412223 m, vertex 202144.059001 m, +1646.777 mm above the ground
[RockPrecisionFixDiag]   rock 'Mun Zp211333000' 'Rock00' #1 vertex 62: ground 202142.497600 m, vertex 202142.987828 m, +490.228 mm above the ground
[RockPrecisionFixDiag]   rock 'Mun Zp211333000' 'Rock00' #1 vertex 173: ground 202142.357069 m, vertex 202142.045696 m, -311.373 mm above the ground
[RockPrecisionFixDiag]   rock 'Mun Zp211333000' 'Rock00' #1 vertex 15: ground 202142.502336 m, vertex 202141.366078 m, -1136.258 mm above the ground
[RockPrecisionFixDiag]   rock 'Mun Zp211333000' 'Rock00' #1 vertex 21: ground 202142.361805 m, vertex 202142.110560 m, -251.245 mm above the ground
[RockPrecisionFixDiag]   rock 'Mun Zp211333000' 'Rock00' #1 vertex 34: ground 202142.375151 m, vertex 202143.581985 m, +1206.834 mm above the ground
[RockPrecisionFixDiag]   rock 'Mun Zp211333000' 'Rock00' #1 vertex 0: ground 202142.418335 m, vertex 202141.877055 m, -541.280 mm above the ground
[RockPrecisionFixDiag]   rock 'Mun Zp211333000' 'Rock00' #1 vertex 90: ground 202142.466719 m, vertex 202143.967785 m, +1501.065 mm above the ground
[RockPrecisionFixDiag]   rock 'Mun Zp211333000' 'Rock00' #2 vertex 120: ground 202139.296976 m, vertex 202135.452076 m, -3844.900 mm above the ground
[RockPrecisionFixDiag]   rock 'Mun Zp211333000' 'Rock00' #2 vertex 104: ground 202139.143761 m, vertex 202141.638938 m, +2495.177 mm above the ground
[RockPrecisionFixDiag]   rock 'Mun Zp211333000' 'Rock00' #2 vertex 35: ground 202139.357634 m, vertex 202143.028829 m, +3671.195 mm above the ground
[RockPrecisionFixDiag]   rock 'Mun Zp211333000' 'Rock00' #2 vertex 62: ground 202139.447580 m, vertex 202140.482811 m, +1035.231 mm above the ground
[RockPrecisionFixDiag]   rock 'Mun Zp211333000' 'Rock00' #2 vertex 173: ground 202139.253604 m, vertex 202138.227353 m, -1026.251 mm above the ground
[RockPrecisionFixDiag]   rock 'Mun Zp211333000' 'Rock00' #2 vertex 15: ground 202139.154358 m, vertex 202136.615499 m, -2538.859 mm above the ground
[RockPrecisionFixDiag]   rock 'Mun Zp211333000' 'Rock00' #2 vertex 21: ground 202139.347933 m, vertex 202138.385185 m, -962.748 mm above the ground
[RockPrecisionFixDiag]   rock 'Mun Zp211333000' 'Rock00' #2 vertex 34: ground 202139.279036 m, vertex 202141.888042 m, +2609.005 mm above the ground
[RockPrecisionFixDiag]   rock 'Mun Zp211333000' 'Rock00' #2 vertex 0: ground 202139.468858 m, vertex 202137.834884 m, -1633.974 mm above the ground
[RockPrecisionFixDiag]   rock 'Mun Zp211333000' 'Rock00' #2 vertex 90: ground 202139.221131 m, vertex 202142.811193 m, +3590.062 mm above the ground
[RockPrecisionFixDiag]   rock 'Mun Zp211333000' 'Rock00' #3 vertex 120: ground 202140.943513 m, vertex 202137.102820 m, -3840.693 mm above the ground
[RockPrecisionFixDiag]   rock 'Mun Zp211333000' 'Rock00' #3 vertex 104: ground 202140.852329 m, vertex 202143.362347 m, +2510.018 mm above the ground
[RockPrecisionFixDiag]   rock 'Mun Zp211333000' 'Rock00' #3 vertex 35: ground 202140.977050 m, vertex 202144.776575 m, +3799.525 mm above the ground
[RockPrecisionFixDiag]   rock 'Mun Zp211333000' 'Rock00' #3 vertex 62: ground 202140.826793 m, vertex 202142.194778 m, +1367.985 mm above the ground
[RockPrecisionFixDiag]   rock 'Mun Zp211333000' 'Rock00' #3 vertex 173: ground 202140.987457 m, vertex 202139.910200 m, -1077.257 mm above the ground
[RockPrecisionFixDiag]   rock 'Mun Zp211333000' 'Rock00' #3 vertex 15: ground 202140.837479 m, vertex 202138.276252 m, -2561.228 mm above the ground
[RockPrecisionFixDiag]   rock 'Mun Zp211333000' 'Rock00' #3 vertex 21: ground 202141.026521 m, vertex 202140.074593 m, -951.928 mm above the ground
[RockPrecisionFixDiag]   rock 'Mun Zp211333000' 'Rock00' #3 vertex 34: ground 202140.988825 m, vertex 202143.618494 m, +2629.670 mm above the ground
[RockPrecisionFixDiag]   rock 'Mun Zp211333000' 'Rock00' #3 vertex 0: ground 202140.956018 m, vertex 202139.517987 m, -1438.031 mm above the ground
[RockPrecisionFixDiag]   rock 'Mun Zp211333000' 'Rock00' #3 vertex 90: ground 202140.903463 m, vertex 202144.552195 m, +3648.732 mm above the ground
[RockPrecisionFixDiag]   rock 'Mun Zp211333000' 'Rock00' #4 vertex 120: ground 202152.977467 m, vertex 202152.438994 m, -538.473 mm above the ground
[RockPrecisionFixDiag]   rock 'Mun Zp211333000' 'Rock00' #4 vertex 104: ground 202153.087897 m, vertex 202154.243407 m, +1155.511 mm above the ground
[RockPrecisionFixDiag]   rock 'Mun Zp211333000' 'Rock00' #4 vertex 35: ground 202152.929336 m, vertex 202154.651613 m, +1722.277 mm above the ground
[RockPrecisionFixDiag]   rock 'Mun Zp211333000' 'Rock00' #4 vertex 62: ground 202153.103216 m, vertex 202153.905041 m, +801.825 mm above the ground
[RockPrecisionFixDiag]   rock 'Mun Zp211333000' 'Rock00' #4 vertex 173: ground 202152.954487 m, vertex 202153.250140 m, +295.653 mm above the ground
[RockPrecisionFixDiag]   rock 'Mun Zp211333000' 'Rock00' #4 vertex 15: ground 202153.100373 m, vertex 202152.776593 m, -323.780 mm above the ground
[RockPrecisionFixDiag]   rock 'Mun Zp211333000' 'Rock00' #4 vertex 21: ground 202152.879203 m, vertex 202153.297165 m, +417.962 mm above the ground
[RockPrecisionFixDiag]   rock 'Mun Zp211333000' 'Rock00' #4 vertex 34: ground 202152.940425 m, vertex 202154.318832 m, +1378.408 mm above the ground
[RockPrecisionFixDiag]   rock 'Mun Zp211333000' 'Rock00' #4 vertex 0: ground 202152.945935 m, vertex 202153.134895 m, +188.960 mm above the ground
[RockPrecisionFixDiag]   rock 'Mun Zp211333000' 'Rock00' #4 vertex 90: ground 202153.032353 m, vertex 202154.586411 m, +1554.058 mm above the ground
[RockPrecisionFixDiag]   rock 'Mun Zp211333000' 'Rock00' #5 vertex 120: ground 202136.551209 m, vertex 202132.845119 m, -3706.090 mm above the ground
[RockPrecisionFixDiag]   rock 'Mun Zp211333000' 'Rock00' #5 vertex 104: ground 202136.274368 m, vertex 202138.773234 m, +2498.866 mm above the ground
[RockPrecisionFixDiag]   rock 'Mun Zp211333000' 'Rock00' #5 vertex 35: ground 202136.627992 m, vertex 202140.098395 m, +3470.403 mm above the ground
[RockPrecisionFixDiag]   rock 'Mun Zp211333000' 'Rock00' #5 vertex 62: ground 202136.780649 m, vertex 202137.659967 m, +879.319 mm above the ground
[RockPrecisionFixDiag]   rock 'Mun Zp211333000' 'Rock00' #5 vertex 173: ground 202136.085363 m, vertex 202135.508406 m, -576.957 mm above the ground
[RockPrecisionFixDiag]   rock 'Mun Zp211333000' 'Rock00' #5 vertex 15: ground 202136.387362 m, vertex 202133.962087 m, -2425.275 mm above the ground
[RockPrecisionFixDiag]   rock 'Mun Zp211333000' 'Rock00' #5 vertex 21: ground 202136.438104 m, vertex 202135.654465 m, -783.639 mm above the ground
[RockPrecisionFixDiag]   rock 'Mun Zp211333000' 'Rock00' #5 vertex 34: ground 202136.259571 m, vertex 202139.011049 m, +2751.479 mm above the ground
[RockPrecisionFixDiag]   rock 'Mun Zp211333000' 'Rock00' #5 vertex 0: ground 202136.771005 m, vertex 202135.123518 m, -1647.487 mm above the ground
[RockPrecisionFixDiag]   rock 'Mun Zp211333000' 'Rock00' #5 vertex 90: ground 202136.459420 m, vertex 202139.892837 m, +3433.418 mm above the ground
[RockPrecisionFixDiag]   rock 'Mun Zp211333000' 'Rock00' #6 vertex 120: ground 202140.662635 m, vertex 202139.299487 m, -1363.148 mm above the ground
[RockPrecisionFixDiag]   rock 'Mun Zp211333000' 'Rock00' #6 vertex 104: ground 202140.695919 m, vertex 202141.279592 m, +583.673 mm above the ground
[RockPrecisionFixDiag]   rock 'Mun Zp211333000' 'Rock00' #6 vertex 35: ground 202140.650457 m, vertex 202141.726062 m, +1075.606 mm above the ground
[RockPrecisionFixDiag]   rock 'Mun Zp211333000' 'Rock00' #6 vertex 62: ground 202140.674594 m, vertex 202140.909429 m, +234.834 mm above the ground
[RockPrecisionFixDiag]   rock 'Mun Zp211333000' 'Rock00' #6 vertex 173: ground 202140.681796 m, vertex 202140.188177 m, -493.619 mm above the ground
[RockPrecisionFixDiag]   rock 'Mun Zp211333000' 'Rock00' #6 vertex 15: ground 202140.692841 m, vertex 202139.670968 m, -1021.873 mm above the ground
[RockPrecisionFixDiag]   rock 'Mun Zp211333000' 'Rock00' #6 vertex 21: ground 202140.651201 m, vertex 202140.239452 m, -411.749 mm above the ground
[RockPrecisionFixDiag]   rock 'Mun Zp211333000' 'Rock00' #6 vertex 34: ground 202140.670686 m, vertex 202141.360554 m, +689.868 mm above the ground
[RockPrecisionFixDiag]   rock 'Mun Zp211333000' 'Rock00' #6 vertex 0: ground 202140.646247 m, vertex 202140.062812 m, -583.434 mm above the ground
[RockPrecisionFixDiag]   rock 'Mun Zp211333000' 'Rock00' #6 vertex 90: ground 202140.676857 m, vertex 202141.655485 m, +978.628 mm above the ground
[RockPrecisionFixDiag]   rock 'Mun Zp211333000' 'Rock00' #7 vertex 120: ground 202133.476796 m, vertex 202131.811222 m, -1665.574 mm above the ground
[RockPrecisionFixDiag]   rock 'Mun Zp211333000' 'Rock00' #7 vertex 104: ground 202133.606443 m, vertex 202134.605030 m, +998.587 mm above the ground
[RockPrecisionFixDiag]   rock 'Mun Zp211333000' 'Rock00' #7 vertex 35: ground 202133.441030 m, vertex 202135.228316 m, +1787.286 mm above the ground
[RockPrecisionFixDiag]   rock 'Mun Zp211333000' 'Rock00' #7 vertex 62: ground 202133.537647 m, vertex 202134.079615 m, +541.968 mm above the ground
[RockPrecisionFixDiag]   rock 'Mun Zp211333000' 'Rock00' #7 vertex 173: ground 202133.539893 m, vertex 202133.066851 m, -473.042 mm above the ground
[RockPrecisionFixDiag]   rock 'Mun Zp211333000' 'Rock00' #7 vertex 15: ground 202133.599897 m, vertex 202132.338107 m, -1261.790 mm above the ground
[RockPrecisionFixDiag]   rock 'Mun Zp211333000' 'Rock00' #7 vertex 21: ground 202133.447190 m, vertex 202133.134817 m, -312.373 mm above the ground
[RockPrecisionFixDiag]   rock 'Mun Zp211333000' 'Rock00' #7 vertex 34: ground 202133.505172 m, vertex 202134.716749 m, +1211.577 mm above the ground
[RockPrecisionFixDiag]   rock 'Mun Zp211333000' 'Rock00' #7 vertex 0: ground 202133.426437 m, vertex 202132.884175 m, -542.261 mm above the ground
[RockPrecisionFixDiag]   rock 'Mun Zp211333000' 'Rock00' #7 vertex 90: ground 202133.523744 m, vertex 202135.132039 m, +1608.295 mm above the ground
[RockPrecisionFixDiag]   rock 'Mun Zp211333000' 'Rock00' #8 vertex 120: ground 202140.419653 m, vertex 202139.362599 m, -1057.054 mm above the ground
[RockPrecisionFixDiag]   rock 'Mun Zp211333000' 'Rock00' #8 vertex 104: ground 202140.365805 m, vertex 202141.098249 m, +732.443 mm above the ground
[RockPrecisionFixDiag]   rock 'Mun Zp211333000' 'Rock00' #8 vertex 35: ground 202140.416562 m, vertex 202141.488368 m, +1071.806 mm above the ground
[RockPrecisionFixDiag]   rock 'Mun Zp211333000' 'Rock00' #8 vertex 62: ground 202140.460670 m, vertex 202140.771411 m, +310.741 mm above the ground
[RockPrecisionFixDiag]   rock 'Mun Zp211333000' 'Rock00' #8 vertex 173: ground 202140.359095 m, vertex 202140.143670 m, -215.425 mm above the ground
[RockPrecisionFixDiag]   rock 'Mun Zp211333000' 'Rock00' #8 vertex 15: ground 202140.384455 m, vertex 202139.688337 m, -696.118 mm above the ground
[RockPrecisionFixDiag]   rock 'Mun Zp211333000' 'Rock00' #8 vertex 21: ground 202140.390125 m, vertex 202140.187176 m, -202.949 mm above the ground
[RockPrecisionFixDiag]   rock 'Mun Zp211333000' 'Rock00' #8 vertex 34: ground 202140.387101 m, vertex 202141.169968 m, +782.867 mm above the ground
[RockPrecisionFixDiag]   rock 'Mun Zp211333000' 'Rock00' #8 vertex 0: ground 202140.432200 m, vertex 202140.030384 m, -401.816 mm above the ground
[RockPrecisionFixDiag]   rock 'Mun Zp211333000' 'Rock00' #8 vertex 90: ground 202140.417057 m, vertex 202141.426886 m, +1009.829 mm above the ground
[RockPrecisionFixDiag]   rock 'Mun Zp211333000' 'Rock00' #9 vertex 120: ground 202124.305591 m, vertex 202122.036287 m, -2269.304 mm above the ground
[RockPrecisionFixDiag]   rock 'Mun Zp211333000' 'Rock00' #9 vertex 104: ground 202124.392449 m, vertex 202125.833089 m, +1440.640 mm above the ground
[RockPrecisionFixDiag]   rock 'Mun Zp211333000' 'Rock00' #9 vertex 35: ground 202124.253018 m, vertex 202126.692703 m, +2439.685 mm above the ground
[RockPrecisionFixDiag]   rock 'Mun Zp211333000' 'Rock00' #9 vertex 62: ground 202124.415747 m, vertex 202125.129879 m, +714.132 mm above the ground
[RockPrecisionFixDiag]   rock 'Mun Zp211333000' 'Rock00' #9 vertex 173: ground 202124.278080 m, vertex 202123.734566 m, -543.514 mm above the ground
[RockPrecisionFixDiag]   rock 'Mun Zp211333000' 'Rock00' #9 vertex 15: ground 202124.404067 m, vertex 202122.748214 m, -1655.852 mm above the ground
[RockPrecisionFixDiag]   rock 'Mun Zp211333000' 'Rock00' #9 vertex 21: ground 202124.197791 m, vertex 202123.836917 m, -360.874 mm above the ground
[RockPrecisionFixDiag]   rock 'Mun Zp211333000' 'Rock00' #9 vertex 34: ground 202124.263363 m, vertex 202125.986322 m, +1722.959 mm above the ground
[RockPrecisionFixDiag]   rock 'Mun Zp211333000' 'Rock00' #9 vertex 0: ground 202124.272173 m, vertex 202123.503601 m, -768.572 mm above the ground
[RockPrecisionFixDiag]   rock 'Mun Zp211333000' 'Rock00' #9 vertex 90: ground 202124.359144 m, vertex 202126.556253 m, +2197.110 mm above the ground
[RockPrecisionFixDiag]   rock 'Mun Zp211333000' 'Rock00' #10 vertex 120: ground 202136.255958 m, vertex 202132.970111 m, -3285.847 mm above the ground
[RockPrecisionFixDiag]   rock 'Mun Zp211333000' 'Rock00' #10 vertex 104: ground 202136.275432 m, vertex 202138.362591 m, +2087.159 mm above the ground
[RockPrecisionFixDiag]   rock 'Mun Zp211333000' 'Rock00' #10 vertex 35: ground 202136.244888 m, vertex 202139.568547 m, +3323.659 mm above the ground
[RockPrecisionFixDiag]   rock 'Mun Zp211333000' 'Rock00' #10 vertex 62: ground 202136.440534 m, vertex 202137.346822 m, +906.288 mm above the ground
[RockPrecisionFixDiag]   rock 'Mun Zp211333000' 'Rock00' #10 vertex 173: ground 202136.154018 m, vertex 202135.395916 m, -758.101 mm above the ground
[RockPrecisionFixDiag]   rock 'Mun Zp211333000' 'Rock00' #10 vertex 15: ground 202136.299768 m, vertex 202133.985213 m, -2314.555 mm above the ground
[RockPrecisionFixDiag]   rock 'Mun Zp211333000' 'Rock00' #10 vertex 21: ground 202136.151478 m, vertex 202135.527959 m, -623.519 mm above the ground
[RockPrecisionFixDiag]   rock 'Mun Zp211333000' 'Rock00' #10 vertex 34: ground 202136.169164 m, vertex 202138.581384 m, +2412.220 mm above the ground
[RockPrecisionFixDiag]   rock 'Mun Zp211333000' 'Rock00' #10 vertex 0: ground 202136.314984 m, vertex 202135.041942 m, -1273.042 mm above the ground
[RockPrecisionFixDiag]   rock 'Mun Zp211333000' 'Rock00' #10 vertex 90: ground 202136.265559 m, vertex 202139.380870 m, +3115.311 mm above the ground
[RockPrecisionFixDiag]   rock 'Mun Zp211333000' 'Rock00' #11 vertex 120: ground 202141.504067 m, vertex 202139.500751 m, -2003.316 mm above the ground
[RockPrecisionFixDiag]   rock 'Mun Zp211333000' 'Rock00' #11 vertex 104: ground 202141.449723 m, vertex 202142.747674 m, +1297.951 mm above the ground
[RockPrecisionFixDiag]   rock 'Mun Zp211333000' 'Rock00' #11 vertex 35: ground 202141.529744 m, vertex 202143.481682 m, +1951.938 mm above the ground
[RockPrecisionFixDiag]   rock 'Mun Zp211333000' 'Rock00' #11 vertex 62: ground 202141.519082 m, vertex 202142.142512 m, +623.430 mm above the ground
[RockPrecisionFixDiag]   rock 'Mun Zp211333000' 'Rock00' #11 vertex 173: ground 202141.469765 m, vertex 202140.956586 m, -513.179 mm above the ground
[RockPrecisionFixDiag]   rock 'Mun Zp211333000' 'Rock00' #11 vertex 15: ground 202141.464710 m, vertex 202140.109316 m, -1355.393 mm above the ground
[RockPrecisionFixDiag]   rock 'Mun Zp211333000' 'Rock00' #11 vertex 21: ground 202141.531457 m, vertex 202141.042238 m, -489.219 mm above the ground
[RockPrecisionFixDiag]   rock 'Mun Zp211333000' 'Rock00' #11 vertex 34: ground 202141.491327 m, vertex 202142.880511 m, +1389.184 mm above the ground
[RockPrecisionFixDiag]   rock 'Mun Zp211333000' 'Rock00' #11 vertex 0: ground 202141.536595 m, vertex 202140.753877 m, -782.718 mm above the ground
[RockPrecisionFixDiag]   rock 'Mun Zp211333000' 'Rock00' #11 vertex 90: ground 202141.478892 m, vertex 202143.365123 m, +1886.231 mm above the ground
[RockPrecisionFixDiag]   rock 'Mun Zp211333000' 'Rock00' #12 vertex 120: ground 202142.330660 m, vertex 202140.280036 m, -2050.624 mm above the ground
[RockPrecisionFixDiag]   rock 'Mun Zp211333000' 'Rock00' #12 vertex 104: ground 202142.199695 m, vertex 202144.873905 m, +2674.210 mm above the ground
[RockPrecisionFixDiag]   rock 'Mun Zp211333000' 'Rock00' #12 vertex 35: ground 202142.382142 m, vertex 202145.905041 m, +3522.899 mm above the ground
[RockPrecisionFixDiag]   rock 'Mun Zp211333000' 'Rock00' #12 vertex 62: ground 202142.246914 m, vertex 202144.010978 m, +1764.063 mm above the ground
[RockPrecisionFixDiag]   rock 'Mun Zp211333000' 'Rock00' #12 vertex 173: ground 202142.292270 m, vertex 202142.344969 m, +52.699 mm above the ground
[RockPrecisionFixDiag]   rock 'Mun Zp211333000' 'Rock00' #12 vertex 15: ground 202142.202011 m, vertex 202141.143384 m, -1058.628 mm above the ground
[RockPrecisionFixDiag]   rock 'Mun Zp211333000' 'Rock00' #12 vertex 21: ground 202142.401594 m, vertex 202142.460165 m, +58.571 mm above the ground
[RockPrecisionFixDiag]   rock 'Mun Zp211333000' 'Rock00' #12 vertex 34: ground 202142.326349 m, vertex 202145.061293 m, +2734.944 mm above the ground
[RockPrecisionFixDiag]   rock 'Mun Zp211333000' 'Rock00' #12 vertex 0: ground 202142.385566 m, vertex 202142.047524 m, -338.042 mm above the ground
[RockPrecisionFixDiag]   rock 'Mun Zp211333000' 'Rock00' #12 vertex 90: ground 202142.271514 m, vertex 202145.743367 m, +3471.853 mm above the ground
[RockPrecisionFixDiag]   rock 'Mun Zp211333000' 'Rock00' #13 vertex 120: ground 202142.082521 m, vertex 202141.677830 m, -404.691 mm above the ground
[RockPrecisionFixDiag]   rock 'Mun Zp211333000' 'Rock00' #13 vertex 104: ground 202142.086580 m, vertex 202142.324315 m, +237.735 mm above the ground
[RockPrecisionFixDiag]   rock 'Mun Zp211333000' 'Rock00' #13 vertex 35: ground 202142.082058 m, vertex 202142.470413 m, +388.355 mm above the ground
[RockPrecisionFixDiag]   rock 'Mun Zp211333000' 'Rock00' #13 vertex 62: ground 202142.072551 m, vertex 202142.202398 m, +129.847 mm above the ground
[RockPrecisionFixDiag]   rock 'Mun Zp211333000' 'Rock00' #13 vertex 173: ground 202142.096359 m, vertex 202141.969084 m, -127.275 mm above the ground
[RockPrecisionFixDiag]   rock 'Mun Zp211333000' 'Rock00' #13 vertex 15: ground 202142.083196 m, vertex 202141.798711 m, -284.485 mm above the ground
[RockPrecisionFixDiag]   rock 'Mun Zp211333000' 'Rock00' #13 vertex 21: ground 202142.089137 m, vertex 202141.985628 m, -103.509 mm above the ground
[RockPrecisionFixDiag]   rock 'Mun Zp211333000' 'Rock00' #13 vertex 34: ground 202142.091960 m, vertex 202142.351691 m, +259.731 mm above the ground
[RockPrecisionFixDiag]   rock 'Mun Zp211333000' 'Rock00' #13 vertex 0: ground 202142.077502 m, vertex 202141.926879 m, -150.623 mm above the ground
[RockPrecisionFixDiag]   rock 'Mun Zp211333000' 'Rock00' #13 vertex 90: ground 202142.083230 m, vertex 202142.447044 m, +363.814 mm above the ground
[RockPrecisionFixDiag]   rock 'Mun Zp211333000' 'Rock00' #14 vertex 120: ground 202146.090472 m, vertex 202145.393500 m, -696.972 mm above the ground
[RockPrecisionFixDiag]   rock 'Mun Zp211333000' 'Rock00' #14 vertex 104: ground 202146.060690 m, vertex 202146.653044 m, +592.354 mm above the ground
[RockPrecisionFixDiag]   rock 'Mun Zp211333000' 'Rock00' #14 vertex 35: ground 202146.102732 m, vertex 202146.939126 m, +836.394 mm above the ground
[RockPrecisionFixDiag]   rock 'Mun Zp211333000' 'Rock00' #14 vertex 62: ground 202146.064730 m, vertex 202146.418643 m, +353.913 mm above the ground
[RockPrecisionFixDiag]   rock 'Mun Zp211333000' 'Rock00' #14 vertex 173: ground 202146.088472 m, vertex 202145.958175 m, -130.297 mm above the ground
[RockPrecisionFixDiag]   rock 'Mun Zp211333000' 'Rock00' #14 vertex 15: ground 202146.059467 m, vertex 202145.628955 m, -430.512 mm above the ground
[RockPrecisionFixDiag]   rock 'Mun Zp211333000' 'Rock00' #14 vertex 21: ground 202146.111262 m, vertex 202145.992183 m, -119.080 mm above the ground
[RockPrecisionFixDiag]   rock 'Mun Zp211333000' 'Rock00' #14 vertex 34: ground 202146.094425 m, vertex 202146.705277 m, +610.851 mm above the ground
[RockPrecisionFixDiag]   rock 'Mun Zp211333000' 'Rock00' #14 vertex 0: ground 202146.101153 m, vertex 202145.880338 m, -220.815 mm above the ground
[RockPrecisionFixDiag]   rock 'Mun Zp211333000' 'Rock00' #14 vertex 90: ground 202146.076405 m, vertex 202146.893210 m, +816.805 mm above the ground
[RockPrecisionFixDiag]   rock 'Mun Zp211333000' 'Rock00' #15 vertex 120: ground 202145.788379 m, vertex 202145.380789 m, -407.590 mm above the ground
[RockPrecisionFixDiag]   rock 'Mun Zp211333000' 'Rock00' #15 vertex 104: ground 202145.729386 m, vertex 202146.649655 m, +920.269 mm above the ground
[RockPrecisionFixDiag]   rock 'Mun Zp211333000' 'Rock00' #15 vertex 35: ground 202145.806471 m, vertex 202146.935435 m, +1128.964 mm above the ground
[RockPrecisionFixDiag]   rock 'Mun Zp211333000' 'Rock00' #15 vertex 62: ground 202145.805383 m, vertex 202146.411633 m, +606.250 mm above the ground
[RockPrecisionFixDiag]   rock 'Mun Zp211333000' 'Rock00' #15 vertex 173: ground 202145.716024 m, vertex 202145.951008 m, +234.984 mm above the ground
[RockPrecisionFixDiag]   rock 'Mun Zp211333000' 'Rock00' #15 vertex 15: ground 202145.744953 m, vertex 202145.618824 m, -126.130 mm above the ground
[RockPrecisionFixDiag]   rock 'Mun Zp211333000' 'Rock00' #15 vertex 21: ground 202145.781843 m, vertex 202145.983421 m, +201.579 mm above the ground
[RockPrecisionFixDiag]   rock 'Mun Zp211333000' 'Rock00' #15 vertex 34: ground 202145.745770 m, vertex 202146.701864 m, +956.094 mm above the ground
[RockPrecisionFixDiag]   rock 'Mun Zp211333000' 'Rock00' #15 vertex 0: ground 202145.827551 m, vertex 202145.869531 m, +41.980 mm above the ground
[RockPrecisionFixDiag]   rock 'Mun Zp211333000' 'Rock00' #15 vertex 90: ground 202145.766555 m, vertex 202146.890283 m, +1123.728 mm above the ground
[RockPrecisionFixDiag]   rock 'Mun Zp211333000' 'Rock00' #16 vertex 120: ground 202128.226191 m, vertex 202125.543049 m, -2683.142 mm above the ground
[RockPrecisionFixDiag]   rock 'Mun Zp211333000' 'Rock00' #16 vertex 104: ground 202128.382106 m, vertex 202129.599108 m, +1217.002 mm above the ground
[RockPrecisionFixDiag]   rock 'Mun Zp211333000' 'Rock00' #16 vertex 35: ground 202128.143709 m, vertex 202130.517004 m, +2373.296 mm above the ground
[RockPrecisionFixDiag]   rock 'Mun Zp211333000' 'Rock00' #16 vertex 62: ground 202128.545255 m, vertex 202128.846514 m, +301.258 mm above the ground
[RockPrecisionFixDiag]   rock 'Mun Zp211333000' 'Rock00' #16 vertex 173: ground 202128.051111 m, vertex 202127.358548 m, -692.564 mm above the ground
[RockPrecisionFixDiag]   rock 'Mun Zp211333000' 'Rock00' #16 vertex 15: ground 202128.437983 m, vertex 202126.303504 m, -2134.479 mm above the ground
[RockPrecisionFixDiag]   rock 'Mun Zp211333000' 'Rock00' #16 vertex 21: ground 202127.987026 m, vertex 202127.467204 m, -519.822 mm above the ground
[RockPrecisionFixDiag]   rock 'Mun Zp211333000' 'Rock00' #16 vertex 34: ground 202128.067806 m, vertex 202129.763437 m, +1695.631 mm above the ground
[RockPrecisionFixDiag]   rock 'Mun Zp211333000' 'Rock00' #16 vertex 0: ground 202128.218433 m, vertex 202127.109942 m, -1108.491 mm above the ground
[RockPrecisionFixDiag]   rock 'Mun Zp211333000' 'Rock00' #16 vertex 90: ground 202128.315515 m, vertex 202130.371292 m, +2055.777 mm above the ground
[RockPrecisionFixDiag]   rock 'Mun Zp211333000' 'Rock00' #17 vertex 120: ground 202139.663096 m, vertex 202136.876161 m, -2786.935 mm above the ground
[RockPrecisionFixDiag]   rock 'Mun Zp211333000' 'Rock00' #17 vertex 104: ground 202139.777406 m, vertex 202141.585586 m, +1808.180 mm above the ground
[RockPrecisionFixDiag]   rock 'Mun Zp211333000' 'Rock00' #17 vertex 35: ground 202139.564720 m, vertex 202142.646216 m, +3081.496 mm above the ground
[RockPrecisionFixDiag]   rock 'Mun Zp211333000' 'Rock00' #17 vertex 62: ground 202139.934292 m, vertex 202140.709029 m, +774.737 mm above the ground
[RockPrecisionFixDiag]   rock 'Mun Zp211333000' 'Rock00' #17 vertex 173: ground 202139.398116 m, vertex 202138.985775 m, -412.341 mm above the ground
[RockPrecisionFixDiag]   rock 'Mun Zp211333000' 'Rock00' #17 vertex 15: ground 202139.865624 m, vertex 202137.761147 m, -2104.476 mm above the ground
[RockPrecisionFixDiag]   rock 'Mun Zp211333000' 'Rock00' #17 vertex 21: ground 202139.447936 m, vertex 202139.108448 m, -339.488 mm above the ground
[RockPrecisionFixDiag]   rock 'Mun Zp211333000' 'Rock00' #17 vertex 34: ground 202139.469514 m, vertex 202141.774677 m, +2305.163 mm above the ground
[RockPrecisionFixDiag]   rock 'Mun Zp211333000' 'Rock00' #17 vertex 0: ground 202139.606535 m, vertex 202138.692240 m, -914.294 mm above the ground
[RockPrecisionFixDiag]   rock 'Mun Zp211333000' 'Rock00' #17 vertex 90: ground 202139.772879 m, vertex 202142.479537 m, +2706.657 mm above the ground
[RockPrecisionFixDiag]   rock 'Mun Zp211333000' 'Rock00' #18 vertex 120: ground 202140.596032 m, vertex 202140.128270 m, -467.762 mm above the ground
[RockPrecisionFixDiag]   rock 'Mun Zp211333000' 'Rock00' #18 vertex 104: ground 202140.571372 m, vertex 202140.620316 m, +48.944 mm above the ground
[RockPrecisionFixDiag]   rock 'Mun Zp211333000' 'Rock00' #18 vertex 35: ground 202140.603917 m, vertex 202140.731139 m, +127.222 mm above the ground
[RockPrecisionFixDiag]   rock 'Mun Zp211333000' 'Rock00' #18 vertex 62: ground 202140.599768 m, vertex 202140.527537 m, -72.231 mm above the ground
[RockPrecisionFixDiag]   rock 'Mun Zp211333000' 'Rock00' #18 vertex 173: ground 202140.569172 m, vertex 202140.349859 m, -219.313 mm above the ground
[RockPrecisionFixDiag]   rock 'Mun Zp211333000' 'Rock00' #18 vertex 15: ground 202140.576978 m, vertex 202140.220470 m, -356.508 mm above the ground
[RockPrecisionFixDiag]   rock 'Mun Zp211333000' 'Rock00' #18 vertex 21: ground 202140.595668 m, vertex 202140.362268 m, -233.400 mm above the ground
[RockPrecisionFixDiag]   rock 'Mun Zp211333000' 'Rock00' #18 vertex 34: ground 202140.580736 m, vertex 202140.640888 m, +60.153 mm above the ground
[RockPrecisionFixDiag]   rock 'Mun Zp211333000' 'Rock00' #18 vertex 0: ground 202140.611509 m, vertex 202140.317648 m, -293.861 mm above the ground
[RockPrecisionFixDiag]   rock 'Mun Zp211333000' 'Rock00' #18 vertex 90: ground 202140.586616 m, vertex 202140.713569 m, +126.953 mm above the ground
[RockPrecisionFixDiag]   rock 'Mun Zp211333000' 'Rock00' #19 vertex 120: ground 202148.610132 m, vertex 202144.749825 m, -3860.307 mm above the ground
[RockPrecisionFixDiag]   rock 'Mun Zp211333000' 'Rock00' #19 vertex 104: ground 202147.834136 m, vertex 202151.026637 m, +3192.501 mm above the ground
[RockPrecisionFixDiag]   rock 'Mun Zp211333000' 'Rock00' #19 vertex 35: ground 202148.889188 m, vertex 202152.465640 m, +3576.451 mm above the ground
[RockPrecisionFixDiag]   rock 'Mun Zp211333000' 'Rock00' #19 vertex 62: ground 202148.345553 m, vertex 202149.861319 m, +1515.766 mm above the ground
[RockPrecisionFixDiag]   rock 'Mun Zp211333000' 'Rock00' #19 vertex 173: ground 202148.148629 m, vertex 202147.563785 m, -584.844 mm above the ground
[RockPrecisionFixDiag]   rock 'Mun Zp211333000' 'Rock00' #19 vertex 15: ground 202147.911583 m, vertex 202145.916965 m, -1994.618 mm above the ground
[RockPrecisionFixDiag]   rock 'Mun Zp211333000' 'Rock00' #19 vertex 21: ground 202148.864370 m, vertex 202147.740846 m, -1123.524 mm above the ground
[RockPrecisionFixDiag]   rock 'Mun Zp211333000' 'Rock00' #19 vertex 34: ground 202148.409373 m, vertex 202151.294304 m, +2884.931 mm above the ground
[RockPrecisionFixDiag]   rock 'Mun Zp211333000' 'Rock00' #19 vertex 0: ground 202148.994482 m, vertex 202147.183035 m, -1811.447 mm above the ground
[RockPrecisionFixDiag]   rock 'Mun Zp211333000' 'Rock00' #19 vertex 90: ground 202148.278155 m, vertex 202152.229704 m, +3951.549 mm above the ground
[RockPrecisionFixDiag] End of record 24: 128 quads with rocks, 128 holders (0 not built yet); nearest quad 'Mun Zp211333000': 20 rocks, 200 vertices measured, 0 without ground under them
