[RockPrecisionFixDiag] Record 5 on Kerbin: scatter on. Heights are distances from the centre of Kerbin, in metres
[RockPrecisionFixDiag]   quad 'Kerbin Xn0131002303': height 600621.549951 m, matrix 600621.549951 m, up 0.000 mm, across 0.000 mm
[RockPrecisionFixDiag]     holder 'cactus': built, height 600621.549951 m, matrix 600621.549951 m, up 0.000 mm, across 0.000 mm, 5 colliders
[RockPrecisionFixDiag]   quad 'Kerbin Xn0131002302': height 600596.547930 m, matrix 600596.547930 m, up 0.000 mm, across 0.000 mm
[RockPrecisionFixDiag]     holder 'cactus': built, height 600596.547930 m, matrix 600596.547930 m, up 0.000 mm, across 0.000 mm, 5 colliders
[RockPrecisionFixDiag]   quad 'Kerbin Xn0131002301': height 600634.018381 m, matrix 600634.018381 m, up 0.000 mm, across 0.000 mm
[RockPrecisionFixDiag]     holder 'cactus': built, height 600634.018381 m, matrix 600634.018381 m, up 0.000 mm, across 0.000 mm, 5 colliders
[RockPrecisionFixDiag]   quad 'Kerbin Xn0131002300': height 600645.315940 m, matrix 600645.315940 m, up 0.000 mm, across 0.000 mm
[RockPrecisionFixDiag]     holder 'cactus': built, height 600645.315940 m, matrix 600645.315940 m, up 0.000 mm, across 0.000 mm, 5 colliders
[RockPrecisionFixDiag]   quad 'Kerbin Xn0131002233': height 600517.699205 m, matrix 600517.699205 m, up 0.000 mm, across 0.000 mm
[RockPrecisionFixDiag]     holder 'cactus': built, height 600517.699205 m, matrix 600517.699205 m, up 0.000 mm, across 0.000 mm, 5 colliders
[RockPrecisionFixDiag]   quad 'Kerbin Xn0131002232': height 600510.536115 m, matrix 600510.536115 m, up 0.000 mm, across 0.000 mm
[RockPrecisionFixDiag]     holder 'cactus': built, height 600510.536115 m, matrix 600510.536115 m, up 0.000 mm, across 0.000 mm, 5 colliders
[RockPrecisionFixDiag]   quad 'Kerbin Xn0131002231': height 600579.560195 m, matrix 600579.560195 m, up 0.000 mm, across 0.000 mm
[RockPrecisionFixDiag]     holder 'cactus': built, height 600579.560195 m, matrix 600579.560195 m, up 0.000 mm, across 0.000 mm, 5 colliders
[RockPrecisionFixDiag]   quad 'Kerbin Xn0131002230': height 600552.219166 m, matrix 600552.219166 m, up 0.000 mm, across 0.000 mm
[RockPrecisionFixDiag]     holder 'cactus': built, height 600552.219166 m, matrix 600552.219166 m, up 0.000 mm, across 0.000 mm, 5 colliders
[RockPrecisionFixDiag]   quad 'Kerbin Xn0131002223': height 600496.221240 m, matrix 600496.221240 m, up 0.000 mm, across 0.000 mm
[RockPrecisionFixDiag]     holder 'cactus': built, height 600496.221240 m, matrix 600496.221240 m, up 0.000 mm, across 0.000 mm, 5 colliders
[RockPrecisionFixDiag]   quad 'Kerbin Xn0131002221': height 600523.736706 m, matrix 600523.736706 m, up 0.000 mm, across 0.000 mm
[RockPrecisionFixDiag]     holder 'cactus': built, height 600523.736706 m, matrix 600523.736706 m, up 0.000 mm, across 0.000 mm, 5 colliders
[RockPrecisionFixDiag]   quad 'Kerbin Xn0131002213': height 600620.656997 m, matrix 600620.656997 m, up 0.000 mm, across 0.000 mm
[RockPrecisionFixDiag]     holder 'cactus': built, height 600620.656997 m, matrix 600620.656997 m, up 0.000 mm, across 0.000 mm, 5 colliders
[RockPrecisionFixDiag]   quad 'Kerbin Xn0131002212': height 600599.648804 m, matrix 600599.648804 m, up 0.000 mm, across 0.000 mm
[RockPrecisionFixDiag]     holder 'cactus': built, height 600599.648804 m, matrix 600599.648804 m, up 0.000 mm, across 0.000 mm, 5 colliders
[RockPrecisionFixDiag]   quad 'Kerbin Xn0131002211': height 600620.593645 m, matrix 600620.593645 m, up 0.000 mm, across 0.000 mm
[RockPrecisionFixDiag]     holder 'cactus': built, height 600620.593645 m, matrix 600620.593645 m, up 0.000 mm, across 0.000 mm, 5 colliders
[RockPrecisionFixDiag]   quad 'Kerbin Xn0131002210': height 600616.137046 m, matrix 600616.137046 m, up 0.000 mm, across 0.000 mm
[RockPrecisionFixDiag]     holder 'cactus': built, height 600616.137046 m, matrix 600616.137046 m, up 0.000 mm, across 0.000 mm, 5 colliders
[RockPrecisionFixDiag]   quad 'Kerbin Xn0131002203': height 600568.638079 m, matrix 600568.638079 m, up 0.000 mm, across 0.000 mm
[RockPrecisionFixDiag]     holder 'cactus': built, height 600568.638079 m, matrix 600568.638079 m, up 0.000 mm, across 0.000 mm, 5 colliders
[RockPrecisionFixDiag]   quad 'Kerbin Xn0131002201': height 600607.697858 m, matrix 600607.697858 m, up 0.000 mm, across 0.000 mm
[RockPrecisionFixDiag]     holder 'cactus': built, height 600607.697858 m, matrix 600607.697858 m, up 0.000 mm, across 0.000 mm, 5 colliders
[RockPrecisionFixDiag]   quad 'Kerbin Xn0131002133': height 600659.969446 m, matrix 600659.969446 m, up 0.000 mm, across 0.000 mm
[RockPrecisionFixDiag]     holder 'cactus': built, height 600659.969446 m, matrix 600659.969446 m, up 0.000 mm, across 0.000 mm, 5 colliders
[RockPrecisionFixDiag]   quad 'Kerbin Xn0131002132': height 600686.252311 m, matrix 600686.252311 m, up 0.000 mm, across 0.000 mm
[RockPrecisionFixDiag]     holder 'cactus': built, height 600686.252311 m, matrix 600686.252311 m, up 0.000 mm, across 0.000 mm, 5 colliders
[RockPrecisionFixDiag]   quad 'Kerbin Xn0131002131': height 600686.177662 m, matrix 600686.177662 m, up 0.000 mm, across 0.000 mm
[RockPrecisionFixDiag]     holder 'cactus': built, height 600686.177662 m, matrix 600686.177662 m, up 0.000 mm, across 0.000 mm, 5 colliders
[RockPrecisionFixDiag]   quad 'Kerbin Xn0131002130': height 600686.484186 m, matrix 600686.484186 m, up 0.000 mm, across 0.000 mm
[RockPrecisionFixDiag]     holder 'cactus': built, height 600686.484186 m, matrix 600686.484186 m, up 0.000 mm, across 0.000 mm, 5 colliders
[RockPrecisionFixDiag]   quad 'Kerbin Xn0131002123': height 600679.213464 m, matrix 600679.213464 m, up 0.000 mm, across 0.000 mm
[RockPrecisionFixDiag]     holder 'cactus': built, height 600679.213464 m, matrix 600679.213464 m, up 0.000 mm, across 0.000 mm, 5 colliders
[RockPrecisionFixDiag]   quad 'Kerbin Xn0131002122': height 600657.329197 m, matrix 600657.329197 m, up 0.000 mm, across 0.000 mm
[RockPrecisionFixDiag]     holder 'cactus': built, height 600657.329197 m, matrix 600657.329197 m, up 0.000 mm, across 0.000 mm, 5 colliders
[RockPrecisionFixDiag]   quad 'Kerbin Xn0131002121': height 600643.294705 m, matrix 600643.294705 m, up 0.000 mm, across 0.000 mm
[RockPrecisionFixDiag]     holder 'cactus': built, height 600643.294705 m, matrix 600643.294705 m, up 0.000 mm, across 0.000 mm, 5 colliders
[RockPrecisionFixDiag]   quad 'Kerbin Xn0131002120': height 600620.272468 m, matrix 600620.272468 m, up 0.000 mm, across 0.000 mm
[RockPrecisionFixDiag]     holder 'cactus': built, height 600620.272468 m, matrix 600620.272468 m, up 0.000 mm, across 0.000 mm, 5 colliders
[RockPrecisionFixDiag]   quad 'Kerbin Xn0131002113': height 600718.934007 m, matrix 600718.934007 m, up 0.000 mm, across 0.000 mm
[RockPrecisionFixDiag]     holder 'cactus': built, height 600718.934007 m, matrix 600718.934007 m, up 0.000 mm, across 0.000 mm, 5 colliders
[RockPrecisionFixDiag]   quad 'Kerbin Xn0131002112': height 600682.461303 m, matrix 600682.461303 m, up 0.000 mm, across 0.000 mm
[RockPrecisionFixDiag]     holder 'cactus': built, height 600682.461303 m, matrix 600682.461303 m, up 0.000 mm, across 0.000 mm, 5 colliders
[RockPrecisionFixDiag]   quad 'Kerbin Xn0131002111': height 600790.562206 m, matrix 600790.562206 m, up 0.000 mm, across 0.000 mm
[RockPrecisionFixDiag]     holder 'cactus': built, height 600790.562206 m, matrix 600790.562206 m, up 0.000 mm, across 0.000 mm, 5 colliders
[RockPrecisionFixDiag]   quad 'Kerbin Xn0131002110': height 600719.170168 m, matrix 600719.170168 m, up 0.000 mm, across 0.000 mm
[RockPrecisionFixDiag]     holder 'cactus': built, height 600719.170168 m, matrix 600719.170168 m, up 0.000 mm, across 0.000 mm, 5 colliders
[RockPrecisionFixDiag]   quad 'Kerbin Xn0131002103': height 600659.409795 m, matrix 600659.409795 m, up 0.000 mm, across 0.000 mm
[RockPrecisionFixDiag]     holder 'cactus': built, height 600659.409795 m, matrix 600659.409795 m, up 0.000 mm, across 0.000 mm, 5 colliders
[RockPrecisionFixDiag]   quad 'Kerbin Xn0131002102': height 600604.441993 m, matrix 600604.441993 m, up 0.000 mm, across 0.000 mm
[RockPrecisionFixDiag]     holder 'cactus': built, height 600604.441993 m, matrix 600604.441993 m, up 0.000 mm, across 0.000 mm, 5 colliders
[RockPrecisionFixDiag]   quad 'Kerbin Xn0131002101': height 600671.004652 m, matrix 600671.004652 m, up 0.000 mm, across 0.000 mm
[RockPrecisionFixDiag]     holder 'cactus': built, height 600671.004652 m, matrix 600671.004652 m, up 0.000 mm, across 0.000 mm, 5 colliders
[RockPrecisionFixDiag]   quad 'Kerbin Xn0131002100': height 600661.735506 m, matrix 600661.735506 m, up 0.000 mm, across 0.000 mm
[RockPrecisionFixDiag]     holder 'cactus': built, height 600661.735506 m, matrix 600661.735506 m, up 0.000 mm, across 0.000 mm, 5 colliders
[RockPrecisionFixDiag]   quad 'Kerbin Xn0131002033': height 600629.613901 m, matrix 600629.613901 m, up 0.000 mm, across 0.000 mm
[RockPrecisionFixDiag]     holder 'cactus': built, height 600629.613901 m, matrix 600629.613901 m, up 0.000 mm, across 0.000 mm, 5 colliders
[RockPrecisionFixDiag]   quad 'Kerbin Xn0131002032': height 600621.152198 m, matrix 600621.152198 m, up 0.000 mm, across 0.000 mm
[RockPrecisionFixDiag]     holder 'cactus': built, height 600621.152198 m, matrix 600621.152198 m, up 0.000 mm, across 0.000 mm, 5 colliders
[RockPrecisionFixDiag]   quad 'Kerbin Xn0131002031': height 600636.180169 m, matrix 600636.180169 m, up 0.000 mm, across 0.000 mm
[RockPrecisionFixDiag]     holder 'cactus': built, height 600636.180169 m, matrix 600636.180169 m, up 0.000 mm, across 0.000 mm, 5 colliders
[RockPrecisionFixDiag]   quad 'Kerbin Xn0131002030': height 600637.633001 m, matrix 600637.633001 m, up 0.000 mm, across 0.000 mm
[RockPrecisionFixDiag]     holder 'cactus': built, height 600637.633001 m, matrix 600637.633001 m, up 0.000 mm, across 0.000 mm, 5 colliders
[RockPrecisionFixDiag]   quad 'Kerbin Xn0131002023': height 600609.963379 m, matrix 600609.963379 m, up 0.000 mm, across 0.000 mm
[RockPrecisionFixDiag]     holder 'cactus': built, height 600609.963379 m, matrix 600609.963379 m, up 0.000 mm, across 0.000 mm, 5 colliders
[RockPrecisionFixDiag]   quad 'Kerbin Xn0131002021': height 600590.055817 m, matrix 600590.055817 m, up 0.000 mm, across 0.000 mm
[RockPrecisionFixDiag]     holder 'cactus': built, height 600590.055817 m, matrix 600590.055817 m, up 0.000 mm, across 0.000 mm, 5 colliders
[RockPrecisionFixDiag]   quad 'Kerbin Xn0131002013': height 600650.226448 m, matrix 600650.226448 m, up 0.000 mm, across 0.000 mm
[RockPrecisionFixDiag]     holder 'cactus': built, height 600650.226448 m, matrix 600650.226448 m, up 0.000 mm, across 0.000 mm, 5 colliders
[RockPrecisionFixDiag]   quad 'Kerbin Xn0131002012': height 600662.447690 m, matrix 600662.447690 m, up 0.000 mm, across 0.000 mm
[RockPrecisionFixDiag]     holder 'cactus': built, height 600662.447690 m, matrix 600662.447690 m, up 0.000 mm, across 0.000 mm, 5 colliders
[RockPrecisionFixDiag]   quad 'Kerbin Xn0131002011': height 600687.686051 m, matrix 600687.686051 m, up 0.000 mm, across 0.000 mm
[RockPrecisionFixDiag]     holder 'cactus': built, height 600687.686051 m, matrix 600687.686051 m, up 0.000 mm, across 0.000 mm, 5 colliders
[RockPrecisionFixDiag]   quad 'Kerbin Xn0131002010': height 600756.718443 m, matrix 600756.718443 m, up 0.000 mm, across 0.000 mm
[RockPrecisionFixDiag]     holder 'cactus': built, height 600756.718443 m, matrix 600756.718443 m, up 0.000 mm, across 0.000 mm, 5 colliders
[RockPrecisionFixDiag]   quad 'Kerbin Xn0131002003': height 600611.212920 m, matrix 600611.212920 m, up 0.000 mm, across 0.000 mm
[RockPrecisionFixDiag]     holder 'cactus': built, height 600611.212920 m, matrix 600611.212920 m, up 0.000 mm, across 0.000 mm, 5 colliders
[RockPrecisionFixDiag]   quad 'Kerbin Xn0131002002': height 600621.578945 m, matrix 600621.578945 m, up 0.000 mm, across 0.000 mm
[RockPrecisionFixDiag]     holder 'cactus': built, height 600621.578945 m, matrix 600621.578945 m, up 0.000 mm, across 0.000 mm, 5 colliders
[RockPrecisionFixDiag]   quad 'Kerbin Xn0131002001': height 600712.055609 m, matrix 600712.055609 m, up 0.000 mm, across 0.000 mm
[RockPrecisionFixDiag]     holder 'cactus': built, height 600712.055609 m, matrix 600712.055609 m, up 0.000 mm, across 0.000 mm, 5 colliders
[RockPrecisionFixDiag]   quad 'Kerbin Xn0131002000': height 600670.652646 m, matrix 600670.652646 m, up 0.000 mm, across 0.000 mm
[RockPrecisionFixDiag]     holder 'cactus': built, height 600670.652646 m, matrix 600670.652646 m, up 0.000 mm, across 0.000 mm, 5 colliders
[RockPrecisionFixDiag]   quad 'Kerbin Xn0131001223': height 600819.861050 m, matrix 600819.861050 m, up 0.000 mm, across 0.000 mm
[RockPrecisionFixDiag]     holder 'boulder': built, height 600819.861050 m, matrix 600819.861050 m, up 0.000 mm, across 0.000 mm, 1 colliders
[RockPrecisionFixDiag]     holder 'cactus': built, height 600819.861050 m, matrix 600819.861050 m, up 0.000 mm, across 0.000 mm, 4 colliders
[RockPrecisionFixDiag]   quad 'Kerbin Xn0131001222': height 600792.077347 m, matrix 600792.077347 m, up 0.000 mm, across 0.000 mm
[RockPrecisionFixDiag]     holder 'boulder': built, height 600792.077347 m, matrix 600792.077347 m, up 0.000 mm, across 0.000 mm, 1 colliders
[RockPrecisionFixDiag]     holder 'cactus': built, height 600792.077347 m, matrix 600792.077347 m, up 0.000 mm, across 0.000 mm, 4 colliders
[RockPrecisionFixDiag]   quad 'Kerbin Xn0131001221': height 600920.636955 m, matrix 600920.636955 m, up 0.000 mm, across 0.000 mm
[RockPrecisionFixDiag]     holder 'boulder': built, height 600920.636955 m, matrix 600920.636955 m, up 0.000 mm, across 0.000 mm, 2 colliders
[RockPrecisionFixDiag]     holder 'cactus': built, height 600920.636955 m, matrix 600920.636955 m, up 0.000 mm, across 0.000 mm, 4 colliders
[RockPrecisionFixDiag]   quad 'Kerbin Xn0131001220': height 600872.465498 m, matrix 600872.465498 m, up 0.000 mm, across 0.000 mm
[RockPrecisionFixDiag]     holder 'boulder': built, height 600872.465498 m, matrix 600872.465498 m, up 0.000 mm, across 0.000 mm, 1 colliders
[RockPrecisionFixDiag]     holder 'cactus': built, height 600872.465498 m, matrix 600872.465498 m, up 0.000 mm, across 0.000 mm, 4 colliders
[RockPrecisionFixDiag]   quad 'Kerbin Xn0131001203': height 600985.033527 m, matrix 600985.033527 m, up 0.000 mm, across 0.000 mm
[RockPrecisionFixDiag]     holder 'boulder': built, height 600985.033527 m, matrix 600985.033527 m, up 0.000 mm, across 0.000 mm, 2 colliders
[RockPrecisionFixDiag]     holder 'cactus': built, height 600985.033527 m, matrix 600985.033527 m, up 0.000 mm, across 0.000 mm, 4 colliders
[RockPrecisionFixDiag]   quad 'Kerbin Xn0131001202': height 600926.874852 m, matrix 600926.874852 m, up 0.000 mm, across 0.000 mm
[RockPrecisionFixDiag]     holder 'boulder': built, height 600926.874852 m, matrix 600926.874852 m, up 0.000 mm, across 0.000 mm, 2 colliders
[RockPrecisionFixDiag]     holder 'cactus': built, height 600926.874852 m, matrix 600926.874852 m, up 0.000 mm, across 0.000 mm, 4 colliders
[RockPrecisionFixDiag]   quad 'Kerbin Xn0131001201': height 601005.198279 m, matrix 601005.198279 m, up 0.000 mm, across 0.000 mm
[RockPrecisionFixDiag]     holder 'boulder': built, height 601005.198279 m, matrix 601005.198279 m, up 0.000 mm, across 0.000 mm, 2 colliders
[RockPrecisionFixDiag]     holder 'cactus': built, height 601005.198279 m, matrix 601005.198279 m, up 0.000 mm, across 0.000 mm, 4 colliders
[RockPrecisionFixDiag]   quad 'Kerbin Xn0131001200': height 600904.292636 m, matrix 600904.292636 m, up 0.000 mm, across 0.000 mm
[RockPrecisionFixDiag]     holder 'boulder': built, height 600904.292636 m, matrix 600904.292636 m, up 0.000 mm, across 0.000 mm, 2 colliders
[RockPrecisionFixDiag]     holder 'cactus': built, height 600904.292636 m, matrix 600904.292636 m, up 0.000 mm, across 0.000 mm, 4 colliders
[RockPrecisionFixDiag]   quad 'Kerbin Xn0131000333': height 600808.244002 m, matrix 600808.244002 m, up 0.000 mm, across 0.000 mm
[RockPrecisionFixDiag]     holder 'boulder': built, height 600808.244002 m, matrix 600808.244002 m, up 0.000 mm, across 0.000 mm, 1 colliders
[RockPrecisionFixDiag]     holder 'cactus': built, height 600808.244002 m, matrix 600808.244002 m, up 0.000 mm, across 0.000 mm, 4 colliders
[RockPrecisionFixDiag]   quad 'Kerbin Xn0131000332': height 600783.390162 m, matrix 600783.390162 m, up 0.000 mm, across 0.000 mm
[RockPrecisionFixDiag]     holder 'cactus': built, height 600783.390162 m, matrix 600783.390162 m, up 0.000 mm, across 0.000 mm, 5 colliders
[RockPrecisionFixDiag]   quad 'Kerbin Xn0131000331': height 600865.140500 m, matrix 600865.140500 m, up 0.000 mm, across 0.000 mm
[RockPrecisionFixDiag]     holder 'boulder': built, height 600865.140500 m, matrix 600865.140500 m, up 0.000 mm, across 0.000 mm, 1 colliders
[RockPrecisionFixDiag]     holder 'cactus': built, height 600865.140500 m, matrix 600865.140500 m, up 0.000 mm, across 0.000 mm, 4 colliders
[RockPrecisionFixDiag]   quad 'Kerbin Xn0131000330': height 600830.752886 m, matrix 600830.752886 m, up 0.000 mm, across 0.000 mm
[RockPrecisionFixDiag]     holder 'boulder': built, height 600830.752886 m, matrix 600830.752886 m, up 0.000 mm, across 0.000 mm, 1 colliders
[RockPrecisionFixDiag]     holder 'cactus': built, height 600830.752886 m, matrix 600830.752886 m, up 0.000 mm, across 0.000 mm, 4 colliders
[RockPrecisionFixDiag]   quad 'Kerbin Xn0131000323': height 600701.933525 m, matrix 600701.933525 m, up 0.000 mm, across 0.000 mm
[RockPrecisionFixDiag]     holder 'cactus': built, height 600701.933525 m, matrix 600701.933525 m, up 0.000 mm, across 0.000 mm, 5 colliders
[RockPrecisionFixDiag]   quad 'Kerbin Xn0131000322': height 600737.385070 m, matrix 600737.385070 m, up 0.000 mm, across 0.000 mm
[RockPrecisionFixDiag]     holder 'cactus': built, height 600737.385070 m, matrix 600737.385070 m, up 0.000 mm, across 0.000 mm, 5 colliders
[RockPrecisionFixDiag]   quad 'Kerbin Xn0131000321': height 600851.265300 m, matrix 600851.265300 m, up 0.000 mm, across 0.000 mm
[RockPrecisionFixDiag]     holder 'boulder': built, height 600851.265300 m, matrix 600851.265300 m, up 0.000 mm, across 0.000 mm, 1 colliders
[RockPrecisionFixDiag]     holder 'cactus': built, height 600851.265300 m, matrix 600851.265300 m, up 0.000 mm, across 0.000 mm, 4 colliders
[RockPrecisionFixDiag]   quad 'Kerbin Xn0131000320': height 600840.133936 m, matrix 600840.133936 m, up 0.000 mm, across 0.000 mm
[RockPrecisionFixDiag]     holder 'boulder': built, height 600840.133936 m, matrix 600840.133936 m, up 0.000 mm, across 0.000 mm, 1 colliders
[RockPrecisionFixDiag]     holder 'cactus': built, height 600840.133936 m, matrix 600840.133936 m, up 0.000 mm, across 0.000 mm, 4 colliders
[RockPrecisionFixDiag]   quad 'Kerbin Xn0131000313': height 600907.424492 m, matrix 600907.424492 m, up 0.000 mm, across 0.000 mm
[RockPrecisionFixDiag]     holder 'boulder': built, height 600907.424492 m, matrix 600907.424492 m, up 0.000 mm, across 0.000 mm, 2 colliders
[RockPrecisionFixDiag]     holder 'cactus': built, height 600907.424492 m, matrix 600907.424492 m, up 0.000 mm, across 0.000 mm, 4 colliders
[RockPrecisionFixDiag]   quad 'Kerbin Xn0131000312': height 600900.217083 m, matrix 600900.217083 m, up 0.000 mm, across 0.000 mm
[RockPrecisionFixDiag]     holder 'boulder': built, height 600900.217083 m, matrix 600900.217083 m, up 0.000 mm, across 0.000 mm, 2 colliders
[RockPrecisionFixDiag]     holder 'cactus': built, height 600900.217083 m, matrix 600900.217083 m, up 0.000 mm, across 0.000 mm, 4 colliders
[RockPrecisionFixDiag]   quad 'Kerbin Xn0131000311': height 600947.839303 m, matrix 600947.839303 m, up 0.000 mm, across 0.000 mm
[RockPrecisionFixDiag]     holder 'boulder': built, height 600947.839303 m, matrix 600947.839303 m, up 0.000 mm, across 0.000 mm, 2 colliders
[RockPrecisionFixDiag]     holder 'cactus': built, height 600947.839303 m, matrix 600947.839303 m, up 0.000 mm, across 0.000 mm, 4 colliders
[RockPrecisionFixDiag]   quad 'Kerbin Xn0131000310': height 601008.475803 m, matrix 601008.475803 m, up 0.000 mm, across 0.000 mm
[RockPrecisionFixDiag]     holder 'boulder': built, height 601008.475803 m, matrix 601008.475803 m, up 0.000 mm, across 0.000 mm, 2 colliders
[RockPrecisionFixDiag]     holder 'cactus': built, height 601008.475803 m, matrix 601008.475803 m, up 0.000 mm, across 0.000 mm, 4 colliders
[RockPrecisionFixDiag]   quad 'Kerbin Xn0131000303': height 600952.320446 m, matrix 600952.320446 m, up 0.000 mm, across 0.000 mm
[RockPrecisionFixDiag]     holder 'boulder': built, height 600952.320446 m, matrix 600952.320446 m, up 0.000 mm, across 0.000 mm, 2 colliders
[RockPrecisionFixDiag]     holder 'cactus': built, height 600952.320446 m, matrix 600952.320446 m, up 0.000 mm, across 0.000 mm, 4 colliders
[RockPrecisionFixDiag]   quad 'Kerbin Xn0131000302': height 601004.000089 m, matrix 601004.000089 m, up 0.000 mm, across 0.000 mm
[RockPrecisionFixDiag]     holder 'boulder': built, height 601004.000089 m, matrix 601004.000089 m, up 0.000 mm, across 0.000 mm, 2 colliders
[RockPrecisionFixDiag]     holder 'cactus': built, height 601004.000089 m, matrix 601004.000089 m, up 0.000 mm, across 0.000 mm, 4 colliders
[RockPrecisionFixDiag]   quad 'Kerbin Xn0131000301': height 601064.166812 m, matrix 601064.166812 m, up 0.000 mm, across 0.000 mm
[RockPrecisionFixDiag]     holder 'boulder': built, height 601064.166812 m, matrix 601064.166812 m, up 0.000 mm, across 0.000 mm, 3 colliders
[RockPrecisionFixDiag]     holder 'cactus': built, height 601064.166812 m, matrix 601064.166812 m, up 0.000 mm, across 0.000 mm, 4 colliders
[RockPrecisionFixDiag]   quad 'Kerbin Xn0131000300': height 601085.738779 m, matrix 601085.738779 m, up 0.000 mm, across 0.000 mm
[RockPrecisionFixDiag]     holder 'boulder': built, height 601085.738779 m, matrix 601085.738779 m, up 0.000 mm, across 0.000 mm, 3 colliders
[RockPrecisionFixDiag]     holder 'cactus': built, height 601085.738779 m, matrix 601085.738779 m, up 0.000 mm, across 0.000 mm, 4 colliders
[RockPrecisionFixDiag]   quad 'Kerbin Xn0131000233': height 600788.083279 m, matrix 600788.083279 m, up 0.000 mm, across 0.000 mm
[RockPrecisionFixDiag]     holder 'cactus': built, height 600788.083279 m, matrix 600788.083279 m, up 0.000 mm, across 0.000 mm, 5 colliders
[RockPrecisionFixDiag]   quad 'Kerbin Xn0131000232': height 600824.372437 m, matrix 600824.372437 m, up 0.000 mm, across 0.000 mm
[RockPrecisionFixDiag]     holder 'boulder': built, height 600824.372437 m, matrix 600824.372437 m, up 0.000 mm, across 0.000 mm, 1 colliders
[RockPrecisionFixDiag]     holder 'cactus': built, height 600824.372437 m, matrix 600824.372437 m, up 0.000 mm, across 0.000 mm, 5 colliders
[RockPrecisionFixDiag]   quad 'Kerbin Xn0131000231': height 600891.549379 m, matrix 600891.549379 m, up 0.000 mm, across 0.000 mm
[RockPrecisionFixDiag]     holder 'boulder': built, height 600891.549379 m, matrix 600891.549379 m, up 0.000 mm, across 0.000 mm, 1 colliders
[RockPrecisionFixDiag]     holder 'cactus': built, height 600891.549379 m, matrix 600891.549379 m, up 0.000 mm, across 0.000 mm, 4 colliders
[RockPrecisionFixDiag]   quad 'Kerbin Xn0131000230': height 600849.551845 m, matrix 600849.551845 m, up 0.000 mm, across 0.000 mm
[RockPrecisionFixDiag]     holder 'boulder': built, height 600849.551845 m, matrix 600849.551845 m, up 0.000 mm, across 0.000 mm, 1 colliders
[RockPrecisionFixDiag]     holder 'cactus': built, height 600849.551845 m, matrix 600849.551845 m, up 0.000 mm, across 0.000 mm, 5 colliders
[RockPrecisionFixDiag]   quad 'Kerbin Xn0131000223': height 600738.876969 m, matrix 600738.876969 m, up 0.000 mm, across 0.000 mm
[RockPrecisionFixDiag]     holder 'cactus': built, height 600738.876969 m, matrix 600738.876969 m, up 0.000 mm, across 0.000 mm, 5 colliders
[RockPrecisionFixDiag]   quad 'Kerbin Xn0131000222': height 600736.705675 m, matrix 600736.705675 m, up 0.000 mm, across 0.000 mm
[RockPrecisionFixDiag]     holder 'cactus': built, height 600736.705675 m, matrix 600736.705675 m, up 0.000 mm, across 0.000 mm, 5 colliders
[RockPrecisionFixDiag]   quad 'Kerbin Xn0131000221': height 600808.519688 m, matrix 600808.519688 m, up 0.000 mm, across 0.000 mm
[RockPrecisionFixDiag]     holder 'boulder': built, height 600808.519688 m, matrix 600808.519688 m, up 0.000 mm, across 0.000 mm, 1 colliders
[RockPrecisionFixDiag]     holder 'cactus': built, height 600808.519688 m, matrix 600808.519688 m, up 0.000 mm, across 0.000 mm, 5 colliders
[RockPrecisionFixDiag]   quad 'Kerbin Xn0131000220': height 600784.056288 m, matrix 600784.056288 m, up 0.000 mm, across 0.000 mm
[RockPrecisionFixDiag]     holder 'boulder': built, height 600784.056288 m, matrix 600784.056288 m, up 0.000 mm, across 0.000 mm, 1 colliders
[RockPrecisionFixDiag]     holder 'cactus': built, height 600784.056288 m, matrix 600784.056288 m, up 0.000 mm, across 0.000 mm, 5 colliders
[RockPrecisionFixDiag]   quad 'Kerbin Xn0131000213': height 601026.557311 m, matrix 601026.557311 m, up 0.000 mm, across 0.000 mm
[RockPrecisionFixDiag]     holder 'boulder': built, height 601026.557311 m, matrix 601026.557311 m, up 0.000 mm, across 0.000 mm, 2 colliders
[RockPrecisionFixDiag]     holder 'cactus': built, height 601026.557311 m, matrix 601026.557311 m, up 0.000 mm, across 0.000 mm, 4 colliders
[RockPrecisionFixDiag]   quad 'Kerbin Xn0131000212': height 600871.573664 m, matrix 600871.573664 m, up 0.000 mm, across 0.000 mm
[RockPrecisionFixDiag]     holder 'boulder': built, height 600871.573664 m, matrix 600871.573664 m, up 0.000 mm, across 0.000 mm, 1 colliders
[RockPrecisionFixDiag]     holder 'cactus': built, height 600871.573664 m, matrix 600871.573664 m, up 0.000 mm, across 0.000 mm, 4 colliders
[RockPrecisionFixDiag]   quad 'Kerbin Xn0131000211': height 600993.348248 m, matrix 600993.348248 m, up 0.000 mm, across 0.000 mm
[RockPrecisionFixDiag]     holder 'boulder': built, height 600993.348248 m, matrix 600993.348248 m, up 0.000 mm, across 0.000 mm, 2 colliders
[RockPrecisionFixDiag]     holder 'cactus': built, height 600993.348248 m, matrix 600993.348248 m, up 0.000 mm, across 0.000 mm, 4 colliders
[RockPrecisionFixDiag]   quad 'Kerbin Xn0131000210': height 600936.017705 m, matrix 600936.017705 m, up 0.000 mm, across 0.000 mm
[RockPrecisionFixDiag]     holder 'boulder': built, height 600936.017705 m, matrix 600936.017705 m, up 0.000 mm, across 0.000 mm, 2 colliders
[RockPrecisionFixDiag]     holder 'cactus': built, height 600936.017705 m, matrix 600936.017705 m, up 0.000 mm, across 0.000 mm, 4 colliders
[RockPrecisionFixDiag]   quad 'Kerbin Xn0131000203': height 600862.400641 m, matrix 600862.400641 m, up 0.000 mm, across 0.000 mm
[RockPrecisionFixDiag]     holder 'boulder': built, height 600862.400641 m, matrix 600862.400641 m, up 0.000 mm, across 0.000 mm, 1 colliders
[RockPrecisionFixDiag]     holder 'cactus': built, height 600862.400641 m, matrix 600862.400641 m, up 0.000 mm, across 0.000 mm, 5 colliders
[RockPrecisionFixDiag]   quad 'Kerbin Xn0131000202': height 600874.149986 m, matrix 600874.149986 m, up 0.000 mm, across 0.000 mm
[RockPrecisionFixDiag]     holder 'boulder': built, height 600874.149986 m, matrix 600874.149986 m, up 0.000 mm, across 0.000 mm, 1 colliders
[RockPrecisionFixDiag]     holder 'cactus': built, height 600874.149986 m, matrix 600874.149986 m, up 0.000 mm, across 0.000 mm, 5 colliders
[RockPrecisionFixDiag]   quad 'Kerbin Xn0131000201': height 600899.082906 m, matrix 600899.082906 m, up 0.000 mm, across 0.000 mm
[RockPrecisionFixDiag]     holder 'boulder': built, height 600899.082906 m, matrix 600899.082906 m, up 0.000 mm, across 0.000 mm, 2 colliders
[RockPrecisionFixDiag]     holder 'cactus': built, height 600899.082906 m, matrix 600899.082906 m, up 0.000 mm, across 0.000 mm, 4 colliders
[RockPrecisionFixDiag]   quad 'Kerbin Xn0131000200': height 600926.224491 m, matrix 600926.224491 m, up 0.000 mm, across 0.000 mm
[RockPrecisionFixDiag]     holder 'boulder': built, height 600926.224491 m, matrix 600926.224491 m, up 0.000 mm, across 0.000 mm, 2 colliders
[RockPrecisionFixDiag]     holder 'cactus': built, height 600926.224491 m, matrix 600926.224491 m, up 0.000 mm, across 0.000 mm, 4 colliders
[RockPrecisionFixDiag]   quad 'Kerbin Xn0131000133': height 600990.324754 m, matrix 600990.324754 m, up 0.000 mm, across 0.000 mm
[RockPrecisionFixDiag]     holder 'boulder': built, height 600990.324754 m, matrix 600990.324754 m, up 0.000 mm, across 0.000 mm, 2 colliders
[RockPrecisionFixDiag]     holder 'cactus': built, height 600990.324754 m, matrix 600990.324754 m, up 0.000 mm, across 0.000 mm, 4 colliders
[RockPrecisionFixDiag]   quad 'Kerbin Xn0131000132': height 601062.295945 m, matrix 601062.295945 m, up 0.000 mm, across 0.000 mm
[RockPrecisionFixDiag]     holder 'boulder': built, height 601062.295945 m, matrix 601062.295945 m, up 0.000 mm, across 0.000 mm, 3 colliders
[RockPrecisionFixDiag]     holder 'cactus': built, height 601062.295945 m, matrix 601062.295945 m, up 0.000 mm, across 0.000 mm, 3 colliders
[RockPrecisionFixDiag]   quad 'Kerbin Xn0131000131': height 601072.562999 m, matrix 601072.562999 m, up 0.000 mm, across 0.000 mm
[RockPrecisionFixDiag]     holder 'boulder': built, height 601072.562999 m, matrix 601072.562999 m, up 0.000 mm, across 0.000 mm, 3 colliders
[RockPrecisionFixDiag]     holder 'cactus': built, height 601072.562999 m, matrix 601072.562999 m, up 0.000 mm, across 0.000 mm, 3 colliders
[RockPrecisionFixDiag]   quad 'Kerbin Xn0131000130': height 601111.787691 m, matrix 601111.787691 m, up 0.000 mm, across 0.000 mm
[RockPrecisionFixDiag]     holder 'boulder': built, height 601111.787691 m, matrix 601111.787691 m, up 0.000 mm, across 0.000 mm, 3 colliders
[RockPrecisionFixDiag]     holder 'cactus': built, height 601111.787691 m, matrix 601111.787691 m, up 0.000 mm, across 0.000 mm, 3 colliders
[RockPrecisionFixDiag]   quad 'Kerbin Xn0131000123': height 601141.338867 m, matrix 601141.338867 m, up 0.000 mm, across 0.000 mm
[RockPrecisionFixDiag]     holder 'boulder': built, height 601141.338867 m, matrix 601141.338867 m, up 0.000 mm, across 0.000 mm, 3 colliders
[RockPrecisionFixDiag]     holder 'cactus': built, height 601141.338867 m, matrix 601141.338867 m, up 0.000 mm, across 0.000 mm, 3 colliders
[RockPrecisionFixDiag]   quad 'Kerbin Xn0131000122': height 601093.246307 m, matrix 601093.246307 m, up 0.000 mm, across 0.000 mm
[RockPrecisionFixDiag]     holder 'boulder': built, height 601093.246307 m, matrix 601093.246307 m, up 0.000 mm, across 0.000 mm, 3 colliders
[RockPrecisionFixDiag]     holder 'cactus': built, height 601093.246307 m, matrix 601093.246307 m, up 0.000 mm, across 0.000 mm, 3 colliders
[RockPrecisionFixDiag]   quad 'Kerbin Xn0131000121': height 601186.419938 m, matrix 601186.419938 m, up 0.000 mm, across 0.000 mm
[RockPrecisionFixDiag]     holder 'boulder': built, height 601186.419938 m, matrix 601186.419938 m, up 0.000 mm, across 0.000 mm, 4 colliders
[RockPrecisionFixDiag]     holder 'cactus': built, height 601186.419938 m, matrix 601186.419938 m, up 0.000 mm, across 0.000 mm, 3 colliders
[RockPrecisionFixDiag]   quad 'Kerbin Xn0131000120': height 601168.079194 m, matrix 601168.079194 m, up 0.000 mm, across 0.000 mm
[RockPrecisionFixDiag]     holder 'boulder': built, height 601168.079194 m, matrix 601168.079194 m, up 0.000 mm, across 0.000 mm, 3 colliders
[RockPrecisionFixDiag]     holder 'cactus': built, height 601168.079194 m, matrix 601168.079194 m, up 0.000 mm, across 0.000 mm, 3 colliders
[RockPrecisionFixDiag]   quad 'Kerbin Xn0131000113': height 601088.183035 m, matrix 601088.183035 m, up 0.000 mm, across 0.000 mm
[RockPrecisionFixDiag]     holder 'boulder': built, height 601088.183035 m, matrix 601088.183035 m, up 0.000 mm, across 0.000 mm, 3 colliders
[RockPrecisionFixDiag]     holder 'cactus': built, height 601088.183035 m, matrix 601088.183035 m, up 0.000 mm, across 0.000 mm, 3 colliders
[RockPrecisionFixDiag]   quad 'Kerbin Xn0131000112': height 601054.353970 m, matrix 601054.353970 m, up 0.000 mm, across 0.000 mm
[RockPrecisionFixDiag]     holder 'boulder': built, height 601054.353970 m, matrix 601054.353970 m, up 0.000 mm, across 0.000 mm, 3 colliders
[RockPrecisionFixDiag]     holder 'cactus': built, height 601054.353970 m, matrix 601054.353970 m, up 0.000 mm, across 0.000 mm, 3 colliders
[RockPrecisionFixDiag]   quad 'Kerbin Xn0131000111': height 601081.195836 m, matrix 601081.195836 m, up 0.000 mm, across 0.000 mm
[RockPrecisionFixDiag]     holder 'boulder': built, height 601081.195836 m, matrix 601081.195836 m, up 0.000 mm, across 0.000 mm, 3 colliders
[RockPrecisionFixDiag]     holder 'cactus': built, height 601081.195836 m, matrix 601081.195836 m, up 0.000 mm, across 0.000 mm, 3 colliders
[RockPrecisionFixDiag]   quad 'Kerbin Xn0131000110': height 601078.195967 m, matrix 601078.195967 m, up 0.000 mm, across 0.000 mm
[RockPrecisionFixDiag]     holder 'boulder': built, height 601078.195967 m, matrix 601078.195967 m, up 0.000 mm, across 0.000 mm, 3 colliders
[RockPrecisionFixDiag]     holder 'cactus': built, height 601078.195967 m, matrix 601078.195967 m, up 0.000 mm, across 0.000 mm, 3 colliders
[RockPrecisionFixDiag]   quad 'Kerbin Xn0131000103': height 601216.519860 m, matrix 601216.519860 m, up 0.000 mm, across 0.000 mm
[RockPrecisionFixDiag]     holder 'boulder': built, height 601216.519860 m, matrix 601216.519860 m, up 0.000 mm, across 0.000 mm, 4 colliders
[RockPrecisionFixDiag]     holder 'cactus': built, height 601216.519860 m, matrix 601216.519860 m, up 0.000 mm, across 0.000 mm, 3 colliders
[RockPrecisionFixDiag]   quad 'Kerbin Xn0131000102': height 601341.784053 m, matrix 601341.784053 m, up 0.000 mm, across 0.000 mm
[RockPrecisionFixDiag]     holder 'boulder': built, height 601341.784053 m, matrix 601341.784053 m, up 0.000 mm, across 0.000 mm, 4 colliders
[RockPrecisionFixDiag]     holder 'cactus': built, height 601341.784053 m, matrix 601341.784053 m, up 0.000 mm, across 0.000 mm, 3 colliders
[RockPrecisionFixDiag]   quad 'Kerbin Xn0131000101': height 601086.429255 m, matrix 601086.429255 m, up 0.000 mm, across 0.000 mm
[RockPrecisionFixDiag]     holder 'boulder': built, height 601086.429255 m, matrix 601086.429255 m, up 0.000 mm, across 0.000 mm, 3 colliders
[RockPrecisionFixDiag]     holder 'cactus': built, height 601086.429255 m, matrix 601086.429255 m, up 0.000 mm, across 0.000 mm, 3 colliders
[RockPrecisionFixDiag]   quad 'Kerbin Xn0131000100': height 601304.724199 m, matrix 601304.724199 m, up 0.000 mm, across 0.000 mm
[RockPrecisionFixDiag]     holder 'boulder': built, height 601304.724199 m, matrix 601304.724199 m, up 0.000 mm, across 0.000 mm, 4 colliders
[RockPrecisionFixDiag]     holder 'cactus': built, height 601304.724199 m, matrix 601304.724199 m, up 0.000 mm, across 0.000 mm, 3 colliders
[RockPrecisionFixDiag]   quad 'Kerbin Xn0131000033': height 601046.415998 m, matrix 601046.415998 m, up 0.000 mm, across 0.000 mm
[RockPrecisionFixDiag]     holder 'boulder': built, height 601046.415998 m, matrix 601046.415998 m, up 0.000 mm, across 0.000 mm, 2 colliders
[RockPrecisionFixDiag]     holder 'cactus': built, height 601046.415998 m, matrix 601046.415998 m, up 0.000 mm, across 0.000 mm, 4 colliders
[RockPrecisionFixDiag]   quad 'Kerbin Xn0131000032': height 600971.612165 m, matrix 600971.612165 m, up 0.000 mm, across 0.000 mm
[RockPrecisionFixDiag]     holder 'boulder': built, height 600971.612165 m, matrix 600971.612165 m, up 0.000 mm, across 0.000 mm, 2 colliders
[RockPrecisionFixDiag]     holder 'cactus': built, height 600971.612165 m, matrix 600971.612165 m, up 0.000 mm, across 0.000 mm, 4 colliders
[RockPrecisionFixDiag]   quad 'Kerbin Xn0131000031': height 601049.656931 m, matrix 601049.656931 m, up 0.000 mm, across 0.000 mm
[RockPrecisionFixDiag]     holder 'boulder': built, height 601049.656931 m, matrix 601049.656931 m, up 0.000 mm, across 0.000 mm, 3 colliders
[RockPrecisionFixDiag]     holder 'cactus': built, height 601049.656931 m, matrix 601049.656931 m, up 0.000 mm, across 0.000 mm, 4 colliders
[RockPrecisionFixDiag]   quad 'Kerbin Xn0131000030': height 601029.608657 m, matrix 601029.608657 m, up 0.000 mm, across 0.000 mm
[RockPrecisionFixDiag]     holder 'boulder': built, height 601029.608657 m, matrix 601029.608657 m, up 0.000 mm, across 0.000 mm, 2 colliders
[RockPrecisionFixDiag]     holder 'cactus': built, height 601029.608657 m, matrix 601029.608657 m, up 0.000 mm, across 0.000 mm, 4 colliders
[RockPrecisionFixDiag]   quad 'Kerbin Xn0131000023': height 600962.892718 m, matrix 600962.892718 m, up 0.000 mm, across 0.000 mm
[RockPrecisionFixDiag]     holder 'boulder': built, height 600962.892718 m, matrix 600962.892718 m, up 0.000 mm, across 0.000 mm, 2 colliders
[RockPrecisionFixDiag]     holder 'cactus': built, height 600962.892718 m, matrix 600962.892718 m, up 0.000 mm, across 0.000 mm, 4 colliders
[RockPrecisionFixDiag]   quad 'Kerbin Xn0131000022': height 600885.011707 m, matrix 600885.011707 m, up 0.000 mm, across 0.000 mm
[RockPrecisionFixDiag]     holder 'boulder': built, height 600885.011707 m, matrix 600885.011707 m, up 0.000 mm, across 0.000 mm, 1 colliders
[RockPrecisionFixDiag]     holder 'cactus': built, height 600885.011707 m, matrix 600885.011707 m, up 0.000 mm, across 0.000 mm, 4 colliders
[RockPrecisionFixDiag]   quad 'Kerbin Xn0131000021': height 600958.602299 m, matrix 600958.602299 m, up 0.000 mm, across 0.000 mm
[RockPrecisionFixDiag]     holder 'boulder': built, height 600958.602299 m, matrix 600958.602299 m, up 0.000 mm, across 0.000 mm, 2 colliders
[RockPrecisionFixDiag]     holder 'cactus': built, height 600958.602299 m, matrix 600958.602299 m, up 0.000 mm, across 0.000 mm, 4 colliders
[RockPrecisionFixDiag]   quad 'Kerbin Xn0131000020': height 600869.873512 m, matrix 600869.873512 m, up 0.000 mm, across 0.000 mm
[RockPrecisionFixDiag]     holder 'boulder': built, height 600869.873512 m, matrix 600869.873512 m, up 0.000 mm, across 0.000 mm, 1 colliders
[RockPrecisionFixDiag]     holder 'cactus': built, height 600869.873512 m, matrix 600869.873512 m, up 0.000 mm, across 0.000 mm, 4 colliders
[RockPrecisionFixDiag]   quad 'Kerbin Xn0131000013': height 601212.383904 m, matrix 601212.383904 m, up 0.000 mm, across 0.000 mm
[RockPrecisionFixDiag]     holder 'boulder': built, height 601212.383904 m, matrix 601212.383904 m, up 0.000 mm, across 0.000 mm, 4 colliders
[RockPrecisionFixDiag]     holder 'cactus': built, height 601212.383904 m, matrix 601212.383904 m, up 0.000 mm, across 0.000 mm, 3 colliders
[RockPrecisionFixDiag]   quad 'Kerbin Xn0131000012': height 601129.994595 m, matrix 601129.994595 m, up 0.000 mm, across 0.000 mm
[RockPrecisionFixDiag]     holder 'boulder': built, height 601129.994595 m, matrix 601129.994595 m, up 0.000 mm, across 0.000 mm, 3 colliders
[RockPrecisionFixDiag]     holder 'cactus': built, height 601129.994595 m, matrix 601129.994595 m, up 0.000 mm, across 0.000 mm, 3 colliders
[RockPrecisionFixDiag]   quad 'Kerbin Xn0131000011': height 601416.292127 m, matrix 601416.292127 m, up 0.000 mm, across 0.000 mm
[RockPrecisionFixDiag]     holder 'boulder': built, height 601416.292127 m, matrix 601416.292127 m, up 0.000 mm, across 0.000 mm, 5 colliders
[RockPrecisionFixDiag]     holder 'cactus': built, height 601416.292127 m, matrix 601416.292127 m, up 0.000 mm, across 0.000 mm, 3 colliders
[RockPrecisionFixDiag]   quad 'Kerbin Xn0131000010': height 601086.287092 m, matrix 601086.287092 m, up 0.000 mm, across 0.000 mm
[RockPrecisionFixDiag]     holder 'boulder': built, height 601086.287092 m, matrix 601086.287092 m, up 0.000 mm, across 0.000 mm, 3 colliders
[RockPrecisionFixDiag]     holder 'cactus': built, height 601086.287092 m, matrix 601086.287092 m, up 0.000 mm, across 0.000 mm, 3 colliders
[RockPrecisionFixDiag]   quad 'Kerbin Xn0131000003': height 600905.022009 m, matrix 600905.022009 m, up 0.000 mm, across 0.000 mm
[RockPrecisionFixDiag]     holder 'boulder': built, height 600905.022009 m, matrix 600905.022009 m, up 0.000 mm, across 0.000 mm, 2 colliders
[RockPrecisionFixDiag]     holder 'cactus': built, height 600905.022009 m, matrix 600905.022009 m, up 0.000 mm, across 0.000 mm, 4 colliders
[RockPrecisionFixDiag]   quad 'Kerbin Xn0131000002': height 600912.215538 m, matrix 600912.215538 m, up 0.000 mm, across 0.000 mm
[RockPrecisionFixDiag]     holder 'boulder': built, height 600912.215538 m, matrix 600912.215538 m, up 0.000 mm, across 0.000 mm, 2 colliders
[RockPrecisionFixDiag]     holder 'cactus': built, height 600912.215538 m, matrix 600912.215538 m, up 0.000 mm, across 0.000 mm, 4 colliders
[RockPrecisionFixDiag]   quad 'Kerbin Xn0131000001': height 600935.809551 m, matrix 600935.809551 m, up 0.000 mm, across 0.000 mm
[RockPrecisionFixDiag]     holder 'boulder': built, height 600935.809551 m, matrix 600935.809551 m, up 0.000 mm, across 0.000 mm, 2 colliders
[RockPrecisionFixDiag]     holder 'cactus': built, height 600935.809551 m, matrix 600935.809551 m, up 0.000 mm, across 0.000 mm, 4 colliders
[RockPrecisionFixDiag]   quad 'Kerbin Xn0131000000': height 600989.190428 m, matrix 600989.190428 m, up 0.000 mm, across 0.000 mm
[RockPrecisionFixDiag]     holder 'boulder': built, height 600989.190428 m, matrix 600989.190428 m, up 0.000 mm, across 0.000 mm, 2 colliders
[RockPrecisionFixDiag]     holder 'cactus': built, height 600989.190428 m, matrix 600989.190428 m, up 0.000 mm, across 0.000 mm, 4 colliders
[RockPrecisionFixDiag]   quad 'Kerbin Xn0130111331': height 600738.917425 m, matrix 600738.917425 m, up 0.000 mm, across 0.000 mm
[RockPrecisionFixDiag]     holder 'cactus': built, height 600738.917425 m, matrix 600738.917425 m, up 0.000 mm, across 0.000 mm, 5 colliders
[RockPrecisionFixDiag]   quad 'Kerbin Xn0130111313': height 600855.566490 m, matrix 600855.566490 m, up 0.000 mm, across 0.000 mm
[RockPrecisionFixDiag]     holder 'boulder': built, height 600855.566490 m, matrix 600855.566490 m, up 0.000 mm, across 0.000 mm, 1 colliders
[RockPrecisionFixDiag]     holder 'cactus': built, height 600855.566490 m, matrix 600855.566490 m, up 0.000 mm, across 0.000 mm, 5 colliders
[RockPrecisionFixDiag]   quad 'Kerbin Xn0130111311': height 600902.967601 m, matrix 600902.967601 m, up 0.000 mm, across 0.000 mm
[RockPrecisionFixDiag]     holder 'boulder': built, height 600902.967601 m, matrix 600902.967601 m, up 0.000 mm, across 0.000 mm, 2 colliders
[RockPrecisionFixDiag]     holder 'cactus': built, height 600902.967601 m, matrix 600902.967601 m, up 0.000 mm, across 0.000 mm, 4 colliders
[RockPrecisionFixDiag]   quad 'Kerbin Xn0130111310': height 600877.944717 m, matrix 600877.944717 m, up 0.000 mm, across 0.000 mm
[RockPrecisionFixDiag]     holder 'boulder': built, height 600877.944717 m, matrix 600877.944717 m, up 0.000 mm, across 0.000 mm, 1 colliders
[RockPrecisionFixDiag]     holder 'cactus': built, height 600877.944717 m, matrix 600877.944717 m, up 0.000 mm, across 0.000 mm, 4 colliders
[RockPrecisionFixDiag]   quad 'Kerbin Xn0130111133': height 600848.949716 m, matrix 600848.949716 m, up 0.000 mm, across 0.000 mm
[RockPrecisionFixDiag]     holder 'boulder': built, height 600848.949716 m, matrix 600848.949716 m, up 0.000 mm, across 0.000 mm, 1 colliders
[RockPrecisionFixDiag]     holder 'cactus': built, height 600848.949716 m, matrix 600848.949716 m, up 0.000 mm, across 0.000 mm, 5 colliders
[RockPrecisionFixDiag]   quad 'Kerbin Xn0130111132': height 600833.920519 m, matrix 600833.920519 m, up 0.000 mm, across 0.000 mm
[RockPrecisionFixDiag]     holder 'boulder': built, height 600833.920519 m, matrix 600833.920519 m, up 0.000 mm, across 0.000 mm, 1 colliders
[RockPrecisionFixDiag]     holder 'cactus': built, height 600833.920519 m, matrix 600833.920519 m, up 0.000 mm, across 0.000 mm, 5 colliders
[RockPrecisionFixDiag]   quad 'Kerbin Xn0130111131': height 600852.745644 m, matrix 600852.745644 m, up 0.000 mm, across 0.000 mm
[RockPrecisionFixDiag]     holder 'boulder': built, height 600852.745644 m, matrix 600852.745644 m, up 0.000 mm, across 0.000 mm, 1 colliders
[RockPrecisionFixDiag]     holder 'cactus': built, height 600852.745644 m, matrix 600852.745644 m, up 0.000 mm, across 0.000 mm, 5 colliders
[RockPrecisionFixDiag]   quad 'Kerbin Xn0130111130': height 600812.718525 m, matrix 600812.718525 m, up 0.000 mm, across 0.000 mm
[RockPrecisionFixDiag]     holder 'boulder': built, height 600812.718525 m, matrix 600812.718525 m, up 0.000 mm, across 0.000 mm, 1 colliders
[RockPrecisionFixDiag]     holder 'cactus': built, height 600812.718525 m, matrix 600812.718525 m, up 0.000 mm, across 0.000 mm, 5 colliders
[RockPrecisionFixDiag]   quad 'Kerbin Xn0130111123': height 600834.887192 m, matrix 600834.887192 m, up 0.000 mm, across 0.000 mm
[RockPrecisionFixDiag]     holder 'boulder': built, height 600834.887192 m, matrix 600834.887192 m, up 0.000 mm, across 0.000 mm, 1 colliders
[RockPrecisionFixDiag]     holder 'cactus': built, height 600834.887192 m, matrix 600834.887192 m, up 0.000 mm, across 0.000 mm, 5 colliders
[RockPrecisionFixDiag]   quad 'Kerbin Xn0130111121': height 600808.630744 m, matrix 600808.630744 m, up 0.000 mm, across 0.000 mm
[RockPrecisionFixDiag]     holder 'boulder': built, height 600808.630744 m, matrix 600808.630744 m, up 0.000 mm, across 0.000 mm, 1 colliders
[RockPrecisionFixDiag]     holder 'cactus': built, height 600808.630744 m, matrix 600808.630744 m, up 0.000 mm, across 0.000 mm, 5 colliders
[RockPrecisionFixDiag]   quad 'Kerbin Xn0130111120': height 600854.867541 m, matrix 600854.867541 m, up 0.000 mm, across 0.000 mm
[RockPrecisionFixDiag]     holder 'boulder': built, height 600854.867541 m, matrix 600854.867541 m, up 0.000 mm, across 0.000 mm, 1 colliders
[RockPrecisionFixDiag]     holder 'cactus': built, height 600854.867541 m, matrix 600854.867541 m, up 0.000 mm, across 0.000 mm, 5 colliders
[RockPrecisionFixDiag]   quad 'Kerbin Xn0130111113': height 600899.146527 m, matrix 600899.146527 m, up 0.000 mm, across 0.000 mm
[RockPrecisionFixDiag]     holder 'boulder': built, height 600899.146527 m, matrix 600899.146527 m, up 0.000 mm, across 0.000 mm, 2 colliders
[RockPrecisionFixDiag]     holder 'cactus': built, height 600899.146527 m, matrix 600899.146527 m, up 0.000 mm, across 0.000 mm, 4 colliders
[RockPrecisionFixDiag]   quad 'Kerbin Xn0130111112': height 600873.280803 m, matrix 600873.280803 m, up 0.000 mm, across 0.000 mm
[RockPrecisionFixDiag]     holder 'boulder': built, height 600873.280803 m, matrix 600873.280803 m, up 0.000 mm, across 0.000 mm, 1 colliders
[RockPrecisionFixDiag]     holder 'cactus': built, height 600873.280803 m, matrix 600873.280803 m, up 0.000 mm, across 0.000 mm, 5 colliders
[RockPrecisionFixDiag]   quad 'Kerbin Xn0130111111': height 600977.835645 m, matrix 600977.835645 m, up 0.000 mm, across 0.000 mm
[RockPrecisionFixDiag]     holder 'boulder': built, height 600977.835645 m, matrix 600977.835645 m, up 0.000 mm, across 0.000 mm, 2 colliders
[RockPrecisionFixDiag]     holder 'cactus': built, height 600977.835645 m, matrix 600977.835645 m, up 0.000 mm, across 0.000 mm, 4 colliders
[RockPrecisionFixDiag]   quad 'Kerbin Xn0130111110': height 600977.951998 m, matrix 600977.951998 m, up 0.000 mm, across 0.000 mm
[RockPrecisionFixDiag]     holder 'boulder': built, height 600977.951998 m, matrix 600977.951998 m, up 0.000 mm, across 0.000 mm, 2 colliders
[RockPrecisionFixDiag]     holder 'cactus': built, height 600977.951998 m, matrix 600977.951998 m, up 0.000 mm, across 0.000 mm, 4 colliders
[RockPrecisionFixDiag]   quad 'Kerbin Xn0130111103': height 600866.488191 m, matrix 600866.488191 m, up 0.000 mm, across 0.000 mm
[RockPrecisionFixDiag]     holder 'boulder': built, height 600866.488191 m, matrix 600866.488191 m, up 0.000 mm, across 0.000 mm, 1 colliders
[RockPrecisionFixDiag]     holder 'cactus': built, height 600866.488191 m, matrix 600866.488191 m, up 0.000 mm, across 0.000 mm, 5 colliders
[RockPrecisionFixDiag]   quad 'Kerbin Xn0130111102': height 600918.560607 m, matrix 600918.560607 m, up 0.000 mm, across 0.000 mm
[RockPrecisionFixDiag]     holder 'boulder': built, height 600918.560607 m, matrix 600918.560607 m, up 0.000 mm, across 0.000 mm, 2 colliders
[RockPrecisionFixDiag]     holder 'cactus': built, height 600918.560607 m, matrix 600918.560607 m, up 0.000 mm, across 0.000 mm, 4 colliders
[RockPrecisionFixDiag]   quad 'Kerbin Xn0130111101': height 600993.329064 m, matrix 600993.329064 m, up 0.000 mm, across 0.000 mm
[RockPrecisionFixDiag]     holder 'boulder': built, height 600993.329064 m, matrix 600993.329064 m, up 0.000 mm, across 0.000 mm, 2 colliders
[RockPrecisionFixDiag]     holder 'cactus': built, height 600993.329064 m, matrix 600993.329064 m, up 0.000 mm, across 0.000 mm, 4 colliders
[RockPrecisionFixDiag]   quad 'Kerbin Xn0130111100': height 601026.463304 m, matrix 601026.463304 m, up 0.000 mm, across 0.000 mm
[RockPrecisionFixDiag]     holder 'boulder': built, height 601026.463304 m, matrix 601026.463304 m, up 0.000 mm, across 0.000 mm, 2 colliders
[RockPrecisionFixDiag]     holder 'cactus': built, height 601026.463304 m, matrix 601026.463304 m, up 0.000 mm, across 0.000 mm, 4 colliders
[RockPrecisionFixDiag]   quad 'Kerbin Xn0130111013': height 600985.685638 m, matrix 600985.685638 m, up 0.000 mm, across 0.000 mm
[RockPrecisionFixDiag]     holder 'boulder': built, height 600985.685638 m, matrix 600985.685638 m, up 0.000 mm, across 0.000 mm, 2 colliders
[RockPrecisionFixDiag]     holder 'cactus': built, height 600985.685638 m, matrix 600985.685638 m, up 0.000 mm, across 0.000 mm, 4 colliders
[RockPrecisionFixDiag]   quad 'Kerbin Xn0130111012': height 601133.486359 m, matrix 601133.486359 m, up 0.000 mm, across 0.000 mm
[RockPrecisionFixDiag]     holder 'boulder': built, height 601133.486359 m, matrix 601133.486359 m, up 0.000 mm, across 0.000 mm, 3 colliders
[RockPrecisionFixDiag]     holder 'cactus': built, height 601133.486359 m, matrix 601133.486359 m, up 0.000 mm, across 0.000 mm, 4 colliders
[RockPrecisionFixDiag]   quad 'Kerbin Xn0130111011': height 601059.484225 m, matrix 601059.484225 m, up 0.000 mm, across 0.000 mm
[RockPrecisionFixDiag]     holder 'boulder': built, height 601059.484225 m, matrix 601059.484225 m, up 0.000 mm, across 0.000 mm, 3 colliders
[RockPrecisionFixDiag]     holder 'cactus': built, height 601059.484225 m, matrix 601059.484225 m, up 0.000 mm, across 0.000 mm, 4 colliders
[RockPrecisionFixDiag]   quad 'Kerbin Xn0130111010': height 601192.147706 m, matrix 601192.147706 m, up 0.000 mm, across 0.000 mm
[RockPrecisionFixDiag]     holder 'boulder': built, height 601192.147706 m, matrix 601192.147706 m, up 0.000 mm, across 0.000 mm, 4 colliders
[RockPrecisionFixDiag]     holder 'cactus': built, height 601192.147706 m, matrix 601192.147706 m, up 0.000 mm, across 0.000 mm, 3 colliders
[RockPrecisionFixDiag]   quad 'Kerbin Xn0113222323': height 601112.601431 m, matrix 601112.601431 m, up 0.000 mm, across 0.000 mm
[RockPrecisionFixDiag]     holder 'boulder': built, height 601112.601431 m, matrix 601112.601431 m, up 0.000 mm, across 0.000 mm, 3 colliders
[RockPrecisionFixDiag]     holder 'cactus': built, height 601112.601431 m, matrix 601112.601431 m, up 0.000 mm, across 0.000 mm, 3 colliders
[RockPrecisionFixDiag]   quad 'Kerbin Xn0113222322': height 601225.532042 m, matrix 601225.532042 m, up 0.000 mm, across 0.000 mm
[RockPrecisionFixDiag]     holder 'Grass00': built, height 601225.532042 m, matrix 601225.532042 m, up 0.000 mm, across 0.000 mm, 0 colliders
[RockPrecisionFixDiag]     holder 'boulder': built, height 601225.532042 m, matrix 601225.532042 m, up 0.000 mm, across 0.000 mm, 4 colliders
[RockPrecisionFixDiag]     holder 'cactus': built, height 601225.532042 m, matrix 601225.532042 m, up 0.000 mm, across 0.000 mm, 3 colliders
[RockPrecisionFixDiag]   quad 'Kerbin Xn0113222321': height 601162.291040 m, matrix 601162.291040 m, up 0.000 mm, across 0.000 mm
[RockPrecisionFixDiag]     holder 'boulder': built, height 601162.291040 m, matrix 601162.291040 m, up 0.000 mm, across 0.000 mm, 3 colliders
[RockPrecisionFixDiag]     holder 'cactus': built, height 601162.291040 m, matrix 601162.291040 m, up 0.000 mm, across 0.000 mm, 3 colliders
[RockPrecisionFixDiag]   quad 'Kerbin Xn0113222320': height 601347.545253 m, matrix 601347.545253 m, up 0.000 mm, across 0.000 mm
[RockPrecisionFixDiag]     holder 'Grass00': built, height 601347.545253 m, matrix 601347.545253 m, up 0.000 mm, across 0.000 mm, 0 colliders
[RockPrecisionFixDiag]     holder 'boulder': built, height 601347.545253 m, matrix 601347.545253 m, up 0.000 mm, across 0.000 mm, 5 colliders
[RockPrecisionFixDiag]     holder 'cactus': built, height 601347.545253 m, matrix 601347.545253 m, up 0.000 mm, across 0.000 mm, 3 colliders
[RockPrecisionFixDiag]   quad 'Kerbin Xn0113222233': height 601568.915296 m, matrix 601568.915296 m, up 0.000 mm, across 0.000 mm
[RockPrecisionFixDiag]     holder 'Grass00': built, height 601568.915296 m, matrix 601568.915296 m, up 0.000 mm, across 0.000 mm, 0 colliders
[RockPrecisionFixDiag]     holder 'boulder': built, height 601568.915296 m, matrix 601568.915296 m, up 0.000 mm, across 0.000 mm, 5 colliders
[RockPrecisionFixDiag]     holder 'cactus': built, height 601568.915296 m, matrix 601568.915296 m, up 0.000 mm, across 0.000 mm, 2 colliders
[RockPrecisionFixDiag]   quad 'Kerbin Xn0113222232': height 601376.268019 m, matrix 601376.268019 m, up 0.000 mm, across 0.000 mm
[RockPrecisionFixDiag]     holder 'Grass00': built, height 601376.268019 m, matrix 601376.268019 m, up 0.000 mm, across 0.000 mm, 0 colliders
[RockPrecisionFixDiag]     holder 'boulder': built, height 601376.268019 m, matrix 601376.268019 m, up 0.000 mm, across 0.000 mm, 5 colliders
[RockPrecisionFixDiag]     holder 'cactus': built, height 601376.268019 m, matrix 601376.268019 m, up 0.000 mm, across 0.000 mm, 3 colliders
[RockPrecisionFixDiag]   quad 'Kerbin Xn0113222231': height 601693.832328 m, matrix 601693.832328 m, up 0.000 mm, across 0.000 mm
[RockPrecisionFixDiag]     holder 'Grass00': built, height 601693.832328 m, matrix 601693.832328 m, up 0.000 mm, across 0.000 mm, 0 colliders
[RockPrecisionFixDiag]     holder 'boulder': built, height 601693.832328 m, matrix 601693.832328 m, up 0.000 mm, across 0.000 mm, 5 colliders
[RockPrecisionFixDiag]     holder 'cactus': built, height 601693.832328 m, matrix 601693.832328 m, up 0.000 mm, across 0.000 mm, 2 colliders
[RockPrecisionFixDiag]   quad 'Kerbin Xn0113222230': height 601758.683403 m, matrix 601758.683403 m, up 0.000 mm, across 0.000 mm
[RockPrecisionFixDiag]     holder 'boulder': built, height 601758.683403 m, matrix 601758.683403 m, up 0.000 mm, across 0.000 mm, 6 colliders
[RockPrecisionFixDiag]     holder 'cactus': built, height 601758.683403 m, matrix 601758.683403 m, up 0.000 mm, across 0.000 mm, 2 colliders
[RockPrecisionFixDiag]   quad 'Kerbin Xn0113222223': height 601071.768034 m, matrix 601071.768034 m, up 0.000 mm, across 0.000 mm
[RockPrecisionFixDiag]     holder 'boulder': built, height 601071.768034 m, matrix 601071.768034 m, up 0.000 mm, across 0.000 mm, 3 colliders
[RockPrecisionFixDiag]     holder 'cactus': built, height 601071.768034 m, matrix 601071.768034 m, up 0.000 mm, across 0.000 mm, 3 colliders
[RockPrecisionFixDiag]   quad 'Kerbin Xn0113222222': height 601107.498505 m, matrix 601107.498505 m, up 0.000 mm, across 0.000 mm
[RockPrecisionFixDiag]     holder 'boulder': built, height 601107.498505 m, matrix 601107.498505 m, up 0.000 mm, across 0.000 mm, 3 colliders
[RockPrecisionFixDiag]     holder 'cactus': built, height 601107.498505 m, matrix 601107.498505 m, up 0.000 mm, across 0.000 mm, 4 colliders
[RockPrecisionFixDiag]   quad 'Kerbin Xn0113222221': height 601485.465200 m, matrix 601485.465200 m, up 0.000 mm, across 0.000 mm
[RockPrecisionFixDiag]     holder 'Grass00': built, height 601485.465200 m, matrix 601485.465200 m, up 0.000 mm, across 0.000 mm, 0 colliders
[RockPrecisionFixDiag]     holder 'boulder': built, height 601485.465200 m, matrix 601485.465200 m, up 0.000 mm, across 0.000 mm, 5 colliders
[RockPrecisionFixDiag]     holder 'cactus': built, height 601485.465200 m, matrix 601485.465200 m, up 0.000 mm, across 0.000 mm, 3 colliders
[RockPrecisionFixDiag]   quad 'Kerbin Xn0113222220': height 601352.550090 m, matrix 601352.550090 m, up 0.000 mm, across 0.000 mm
[RockPrecisionFixDiag]     holder 'Grass00': built, height 601352.550090 m, matrix 601352.550090 m, up 0.000 mm, across 0.000 mm, 0 colliders
[RockPrecisionFixDiag]     holder 'boulder': built, height 601352.550090 m, matrix 601352.550090 m, up 0.000 mm, across 0.000 mm, 5 colliders
[RockPrecisionFixDiag]     holder 'cactus': built, height 601352.550090 m, matrix 601352.550090 m, up 0.000 mm, across 0.000 mm, 3 colliders
[RockPrecisionFixDiag]   quad 'Kerbin Xn0113222213': height 601945.371306 m, matrix 601945.371306 m, up 0.000 mm, across 0.000 mm
[RockPrecisionFixDiag]     holder 'Grass00': built, height 601945.371306 m, matrix 601945.371306 m, up 0.000 mm, across 0.000 mm, 0 colliders
[RockPrecisionFixDiag]     holder 'boulder': built, height 601945.371306 m, matrix 601945.371306 m, up 0.000 mm, across 0.000 mm, 6 colliders
[RockPrecisionFixDiag]     holder 'cactus': built, height 601945.371306 m, matrix 601945.371306 m, up 0.000 mm, across 0.000 mm, 2 colliders
[RockPrecisionFixDiag]   quad 'Kerbin Xn0113222212': height 601669.616657 m, matrix 601669.616657 m, up 0.000 mm, across 0.000 mm
[RockPrecisionFixDiag]     holder 'Grass00': built, height 601669.616657 m, matrix 601669.616657 m, up 0.000 mm, across 0.000 mm, 0 colliders
[RockPrecisionFixDiag]     holder 'boulder': built, height 601669.616657 m, matrix 601669.616657 m, up 0.000 mm, across 0.000 mm, 6 colliders
[RockPrecisionFixDiag]     holder 'cactus': built, height 601669.616657 m, matrix 601669.616657 m, up 0.000 mm, across 0.000 mm, 2 colliders
[RockPrecisionFixDiag]   quad 'Kerbin Xn0113222211': height 601803.392667 m, matrix 601803.392667 m, up 0.000 mm, across 0.000 mm
[RockPrecisionFixDiag]     holder 'boulder': built, height 601803.392667 m, matrix 601803.392667 m, up 0.000 mm, across 0.000 mm, 6 colliders
[RockPrecisionFixDiag]     holder 'cactus': built, height 601803.392667 m, matrix 601803.392667 m, up 0.000 mm, across 0.000 mm, 2 colliders
[RockPrecisionFixDiag]   quad 'Kerbin Xn0113222210': height 601456.836760 m, matrix 601456.836760 m, up 0.000 mm, across 0.000 mm
[RockPrecisionFixDiag]     holder 'boulder': built, height 601456.836760 m, matrix 601456.836760 m, up 0.000 mm, across 0.000 mm, 5 colliders
[RockPrecisionFixDiag]     holder 'cactus': built, height 601456.836760 m, matrix 601456.836760 m, up 0.000 mm, across 0.000 mm, 2 colliders
[RockPrecisionFixDiag]   quad 'Kerbin Xn0113222203': height 601861.571448 m, matrix 601861.571448 m, up 0.000 mm, across 0.000 mm
[RockPrecisionFixDiag]     holder 'boulder': built, height 601861.571448 m, matrix 601861.571448 m, up 0.000 mm, across 0.000 mm, 6 colliders
[RockPrecisionFixDiag]     holder 'cactus': built, height 601861.571448 m, matrix 601861.571448 m, up 0.000 mm, across 0.000 mm, 2 colliders
[RockPrecisionFixDiag]   quad 'Kerbin Xn0113222202': height 601968.134909 m, matrix 601968.134909 m, up 0.000 mm, across 0.000 mm
[RockPrecisionFixDiag]     holder 'boulder': built, height 601968.134909 m, matrix 601968.134909 m, up 0.000 mm, across 0.000 mm, 6 colliders
[RockPrecisionFixDiag]     holder 'cactus': built, height 601968.134909 m, matrix 601968.134909 m, up 0.000 mm, across 0.000 mm, 2 colliders
[RockPrecisionFixDiag]   quad 'Kerbin Xn0113222201': height 601546.771110 m, matrix 601546.771110 m, up 0.000 mm, across 0.000 mm
[RockPrecisionFixDiag]     holder 'boulder': built, height 601546.771110 m, matrix 601546.771110 m, up 0.000 mm, across 0.000 mm, 5 colliders
[RockPrecisionFixDiag]     holder 'cactus': built, height 601546.771110 m, matrix 601546.771110 m, up 0.000 mm, across 0.000 mm, 2 colliders
[RockPrecisionFixDiag]   quad 'Kerbin Xn0113222200': height 601585.493490 m, matrix 601585.493490 m, up 0.000 mm, across 0.000 mm
[RockPrecisionFixDiag]     holder 'boulder': built, height 601585.493490 m, matrix 601585.493490 m, up 0.000 mm, across 0.000 mm, 5 colliders
[RockPrecisionFixDiag]     holder 'cactus': built, height 601585.493490 m, matrix 601585.493490 m, up 0.000 mm, across 0.000 mm, 2 colliders
[RockPrecisionFixDiag]   quad 'Kerbin Xn0112333333': height 601088.985732 m, matrix 601088.985732 m, up 0.000 mm, across 0.000 mm
[RockPrecisionFixDiag]     holder 'boulder': built, height 601088.985732 m, matrix 601088.985732 m, up 0.000 mm, across 0.000 mm, 3 colliders
[RockPrecisionFixDiag]     holder 'cactus': built, height 601088.985732 m, matrix 601088.985732 m, up 0.000 mm, across 0.000 mm, 4 colliders
[RockPrecisionFixDiag]   quad 'Kerbin Xn0112333332': height 601097.741265 m, matrix 601097.741265 m, up 0.000 mm, across 0.000 mm
[RockPrecisionFixDiag]     holder 'boulder': built, height 601097.741265 m, matrix 601097.741265 m, up 0.000 mm, across 0.000 mm, 3 colliders
[RockPrecisionFixDiag]     holder 'cactus': built, height 601097.741265 m, matrix 601097.741265 m, up 0.000 mm, across 0.000 mm, 4 colliders
[RockPrecisionFixDiag]   quad 'Kerbin Xn0112333331': height 601185.750649 m, matrix 601185.750649 m, up 0.000 mm, across 0.000 mm
[RockPrecisionFixDiag]     holder 'boulder': built, height 601185.750649 m, matrix 601185.750649 m, up 0.000 mm, across 0.000 mm, 4 colliders
[RockPrecisionFixDiag]     holder 'cactus': built, height 601185.750649 m, matrix 601185.750649 m, up 0.000 mm, across 0.000 mm, 3 colliders
[RockPrecisionFixDiag]   quad 'Kerbin Xn0112333330': height 601167.924449 m, matrix 601167.924449 m, up 0.000 mm, across 0.000 mm
[RockPrecisionFixDiag]     holder 'boulder': built, height 601167.924449 m, matrix 601167.924449 m, up 0.000 mm, across 0.000 mm, 4 colliders
[RockPrecisionFixDiag]     holder 'cactus': built, height 601167.924449 m, matrix 601167.924449 m, up 0.000 mm, across 0.000 mm, 3 colliders
[RockPrecisionFixDiag]   quad 'Kerbin Xn0112333323': height 601127.189733 m, matrix 601127.189733 m, up 0.000 mm, across 0.000 mm
[RockPrecisionFixDiag]     holder 'boulder': built, height 601127.189733 m, matrix 601127.189733 m, up 0.000 mm, across 0.000 mm, 3 colliders
[RockPrecisionFixDiag]     holder 'cactus': built, height 601127.189733 m, matrix 601127.189733 m, up 0.000 mm, across 0.000 mm, 4 colliders
[RockPrecisionFixDiag]   quad 'Kerbin Xn0112333322': height 601135.797507 m, matrix 601135.797507 m, up 0.000 mm, across 0.000 mm
[RockPrecisionFixDiag]     holder 'boulder': built, height 601135.797507 m, matrix 601135.797507 m, up 0.000 mm, across 0.000 mm, 3 colliders
[RockPrecisionFixDiag]     holder 'cactus': built, height 601135.797507 m, matrix 601135.797507 m, up 0.000 mm, across 0.000 mm, 4 colliders
[RockPrecisionFixDiag]   quad 'Kerbin Xn0112333321': height 601223.847443 m, matrix 601223.847443 m, up 0.000 mm, across 0.000 mm
[RockPrecisionFixDiag]     holder 'boulder': built, height 601223.847443 m, matrix 601223.847443 m, up 0.000 mm, across 0.000 mm, 4 colliders
[RockPrecisionFixDiag]     holder 'cactus': built, height 601223.847443 m, matrix 601223.847443 m, up 0.000 mm, across 0.000 mm, 3 colliders
[RockPrecisionFixDiag]   quad 'Kerbin Xn0112333320': height 601279.095863 m, matrix 601279.095863 m, up 0.000 mm, across 0.000 mm
[RockPrecisionFixDiag]     holder 'boulder': built, height 601279.095863 m, matrix 601279.095863 m, up 0.000 mm, across 0.000 mm, 4 colliders
[RockPrecisionFixDiag]     holder 'cactus': built, height 601279.095863 m, matrix 601279.095863 m, up 0.000 mm, across 0.000 mm, 3 colliders
[RockPrecisionFixDiag]   quad 'Kerbin Xn0112333313': height 601674.170659 m, matrix 601674.170659 m, up 0.000 mm, across 0.000 mm
[RockPrecisionFixDiag]     holder 'Grass00': built, height 601674.170659 m, matrix 601674.170659 m, up 0.000 mm, across 0.000 mm, 0 colliders
[RockPrecisionFixDiag]     holder 'boulder': built, height 601674.170659 m, matrix 601674.170659 m, up 0.000 mm, across 0.000 mm, 5 colliders
[RockPrecisionFixDiag]     holder 'cactus': built, height 601674.170659 m, matrix 601674.170659 m, up 0.000 mm, across 0.000 mm, 2 colliders
[RockPrecisionFixDiag]   quad 'Kerbin Xn0112333312': height 601368.857777 m, matrix 601368.857777 m, up 0.000 mm, across 0.000 mm
[RockPrecisionFixDiag]     holder 'Grass00': built, height 601368.857777 m, matrix 601368.857777 m, up 0.000 mm, across 0.000 mm, 0 colliders
[RockPrecisionFixDiag]     holder 'boulder': built, height 601368.857777 m, matrix 601368.857777 m, up 0.000 mm, across 0.000 mm, 5 colliders
[RockPrecisionFixDiag]     holder 'cactus': built, height 601368.857777 m, matrix 601368.857777 m, up 0.000 mm, across 0.000 mm, 3 colliders
[RockPrecisionFixDiag]   quad 'Kerbin Xn0112333311': height 601755.269572 m, matrix 601755.269572 m, up 0.000 mm, across 0.000 mm
[RockPrecisionFixDiag]     holder 'Grass00': built, height 601755.269572 m, matrix 601755.269572 m, up 0.000 mm, across 0.000 mm, 0 colliders
[RockPrecisionFixDiag]     holder 'boulder': built, height 601755.269572 m, matrix 601755.269572 m, up 0.000 mm, across 0.000 mm, 6 colliders
[RockPrecisionFixDiag]     holder 'cactus': built, height 601755.269572 m, matrix 601755.269572 m, up 0.000 mm, across 0.000 mm, 2 colliders
[RockPrecisionFixDiag]   quad 'Kerbin Xn0112333310': height 601630.492992 m, matrix 601630.492992 m, up 0.000 mm, across 0.000 mm
[RockPrecisionFixDiag]     holder 'Grass00': built, height 601630.492992 m, matrix 601630.492992 m, up 0.000 mm, across 0.000 mm, 0 colliders
[RockPrecisionFixDiag]     holder 'boulder': built, height 601630.492992 m, matrix 601630.492992 m, up 0.000 mm, across 0.000 mm, 5 colliders
[RockPrecisionFixDiag]     holder 'cactus': built, height 601630.492992 m, matrix 601630.492992 m, up 0.000 mm, across 0.000 mm, 2 colliders
[RockPrecisionFixDiag]   rock 'Kerbin Xn0131000203' 'boulder' #0 vertex 120: ground 600842.409361 m, vertex 600839.758080 m, -2651.281 mm above the ground
[RockPrecisionFixDiag]   rock 'Kerbin Xn0131000203' 'boulder' #0 vertex 104: ground 600842.312454 m, vertex 600843.569599 m, +1257.144 mm above the ground
[RockPrecisionFixDiag]   rock 'Kerbin Xn0131000203' 'boulder' #0 vertex 35: ground 600842.478927 m, vertex 600844.431865 m, +1952.938 mm above the ground
[RockPrecisionFixDiag]   rock 'Kerbin Xn0131000203' 'boulder' #0 vertex 62: ground 600842.469831 m, vertex 600842.856534 m, +386.703 mm above the ground
[RockPrecisionFixDiag]   rock 'Kerbin Xn0131000203' 'boulder' #0 vertex 173: ground 600842.184042 m, vertex 600841.469827 m, -714.215 mm above the ground
[RockPrecisionFixDiag]   rock 'Kerbin Xn0131000203' 'boulder' #0 vertex 15: ground 600842.351213 m, vertex 600840.471564 m, -1879.649 mm above the ground
[RockPrecisionFixDiag]   rock 'Kerbin Xn0131000203' 'boulder' #0 vertex 21: ground 600842.387382 m, vertex 600841.569749 m, -817.633 mm above the ground
[RockPrecisionFixDiag]   rock 'Kerbin Xn0131000203' 'boulder' #0 vertex 34: ground 600842.249085 m, vertex 600843.727784 m, +1478.700 mm above the ground
[RockPrecisionFixDiag]   rock 'Kerbin Xn0131000203' 'boulder' #0 vertex 0: ground 600842.558331 m, vertex 600841.228568 m, -1329.763 mm above the ground
[RockPrecisionFixDiag]   rock 'Kerbin Xn0131000203' 'boulder' #0 vertex 90: ground 600842.338328 m, vertex 600844.294349 m, +1956.021 mm above the ground
[RockPrecisionFixDiag]   rock 'Kerbin Xn0131000203' 'boulder' #0 collider: physics 600842.215393 m, drawn 600842.215397 m, up -0.003 mm, across 0.006 mm
[RockPrecisionFixDiag]   rock 'Kerbin Xn0131000203' 'cactus' #0 vertex 53: ground 600848.029235 m, vertex 600847.379128 m, -650.108 mm above the ground
[RockPrecisionFixDiag]   rock 'Kerbin Xn0131000203' 'cactus' #0 vertex 33: ground 600848.063678 m, vertex 600854.906256 m, +6842.578 mm above the ground
[RockPrecisionFixDiag]   rock 'Kerbin Xn0131000203' 'cactus' #0 vertex 334: ground 600847.933771 m, vertex 600851.367301 m, +3433.530 mm above the ground
[RockPrecisionFixDiag]   rock 'Kerbin Xn0131000203' 'cactus' #0 vertex 100: ground 600848.148708 m, vertex 600851.921742 m, +3773.033 mm above the ground
[RockPrecisionFixDiag]   rock 'Kerbin Xn0131000203' 'cactus' #0 vertex 159: ground 600848.056627 m, vertex 600849.651963 m, +1595.337 mm above the ground
[RockPrecisionFixDiag]   rock 'Kerbin Xn0131000203' 'cactus' #0 vertex 418: ground 600847.952437 m, vertex 600853.342970 m, +5390.533 mm above the ground
[RockPrecisionFixDiag]   rock 'Kerbin Xn0131000203' 'cactus' #0 vertex 303: ground 600848.139979 m, vertex 600853.660685 m, +5520.707 mm above the ground
[RockPrecisionFixDiag]   rock 'Kerbin Xn0131000203' 'cactus' #0 vertex 125: ground 600848.101797 m, vertex 600850.629703 m, +2527.906 mm above the ground
[RockPrecisionFixDiag]   rock 'Kerbin Xn0131000203' 'cactus' #0 vertex 340: ground 600847.968172 m, vertex 600850.190921 m, +2222.748 mm above the ground
[RockPrecisionFixDiag]   rock 'Kerbin Xn0131000203' 'cactus' #0 vertex 348: ground 600847.935629 m, vertex 600852.445594 m, +4509.964 mm above the ground
[RockPrecisionFixDiag]   rock 'Kerbin Xn0131000203' 'cactus' #0 collider: physics 600851.142699 m, drawn 600851.142699 m, up 0.000 mm, across 0.000 mm
[RockPrecisionFixDiag]   rock 'Kerbin Xn0131000203' 'cactus' #1 vertex 53: ground 600846.439218 m, vertex 600845.571960 m, -867.258 mm above the ground
[RockPrecisionFixDiag]   rock 'Kerbin Xn0131000203' 'cactus' #1 vertex 33: ground 600846.478720 m, vertex 600855.802695 m, +9323.975 mm above the ground
[RockPrecisionFixDiag]   rock 'Kerbin Xn0131000203' 'cactus' #1 vertex 334: ground 600846.311201 m, vertex 600850.990845 m, +4679.644 mm above the ground
[RockPrecisionFixDiag]   rock 'Kerbin Xn0131000203' 'cactus' #1 vertex 100: ground 600846.577268 m, vertex 600851.747885 m, +5170.617 mm above the ground
[RockPrecisionFixDiag]   rock 'Kerbin Xn0131000203' 'cactus' #1 vertex 159: ground 600846.475417 m, vertex 600848.661397 m, +2185.980 mm above the ground
[RockPrecisionFixDiag]   rock 'Kerbin Xn0131000203' 'cactus' #1 vertex 418: ground 600846.338302 m, vertex 600853.676225 m, +7337.923 mm above the ground
[RockPrecisionFixDiag]   rock 'Kerbin Xn0131000203' 'cactus' #1 vertex 303: ground 600846.567248 m, vertex 600854.111118 m, +7543.870 mm above the ground
[RockPrecisionFixDiag]   rock 'Kerbin Xn0131000203' 'cactus' #1 vertex 125: ground 600846.518915 m, vertex 600849.991128 m, +3472.213 mm above the ground
[RockPrecisionFixDiag]   rock 'Kerbin Xn0131000203' 'cactus' #1 vertex 340: ground 600846.361110 m, vertex 600849.392494 m, +3031.384 mm above the ground
[RockPrecisionFixDiag]   rock 'Kerbin Xn0131000203' 'cactus' #1 vertex 348: ground 600846.309127 m, vertex 600852.456434 m, +6147.307 mm above the ground
[RockPrecisionFixDiag]   rock 'Kerbin Xn0131000203' 'cactus' #1 collider: physics 600850.687374 m, drawn 600850.687382 m, up -0.008 mm, across 0.014 mm
[RockPrecisionFixDiag]   rock 'Kerbin Xn0131000203' 'cactus' #2 vertex 53: ground 600844.256358 m, vertex 600843.377600 m, -878.758 mm above the ground
[RockPrecisionFixDiag]   rock 'Kerbin Xn0131000203' 'cactus' #2 vertex 33: ground 600844.232891 m, vertex 600849.280489 m, +5047.598 mm above the ground
[RockPrecisionFixDiag]   rock 'Kerbin Xn0131000203' 'cactus' #2 vertex 334: ground 600844.338034 m, vertex 600846.504459 m, +2166.425 mm above the ground
[RockPrecisionFixDiag]   rock 'Kerbin Xn0131000203' 'cactus' #2 vertex 100: ground 600844.170673 m, vertex 600846.940686 m, +2770.013 mm above the ground
[RockPrecisionFixDiag]   rock 'Kerbin Xn0131000203' 'cactus' #2 vertex 159: ground 600844.233069 m, vertex 600845.160091 m, +927.022 mm above the ground
[RockPrecisionFixDiag]   rock 'Kerbin Xn0131000203' 'cactus' #2 vertex 418: ground 600844.319761 m, vertex 600848.053840 m, +3734.079 mm above the ground
[RockPrecisionFixDiag]   rock 'Kerbin Xn0131000203' 'cactus' #2 vertex 303: ground 600844.176882 m, vertex 600848.304265 m, +4127.383 mm above the ground
[RockPrecisionFixDiag]   rock 'Kerbin Xn0131000203' 'cactus' #2 vertex 125: ground 600844.209479 m, vertex 600845.927189 m, +1717.709 mm above the ground
[RockPrecisionFixDiag]   rock 'Kerbin Xn0131000203' 'cactus' #2 vertex 340: ground 600844.304661 m, vertex 600845.582149 m, +1277.488 mm above the ground
[RockPrecisionFixDiag]   rock 'Kerbin Xn0131000203' 'cactus' #2 vertex 348: ground 600844.341118 m, vertex 600847.350090 m, +3008.972 mm above the ground
[RockPrecisionFixDiag]   rock 'Kerbin Xn0131000203' 'cactus' #2 collider: physics 600846.329093 m, drawn 600846.329071 m, up +0.022 mm, across 0.003 mm
[RockPrecisionFixDiag]   rock 'Kerbin Xn0131000203' 'cactus' #3 vertex 53: ground 600843.318182 m, vertex 600842.820275 m, -497.906 mm above the ground
[RockPrecisionFixDiag]   rock 'Kerbin Xn0131000203' 'cactus' #3 vertex 33: ground 600843.340929 m, vertex 600848.178535 m, +4837.606 mm above the ground
[RockPrecisionFixDiag]   rock 'Kerbin Xn0131000203' 'cactus' #3 vertex 334: ground 600843.254826 m, vertex 600845.658941 m, +2404.115 mm above the ground
[RockPrecisionFixDiag]   rock 'Kerbin Xn0131000203' 'cactus' #3 vertex 100: ground 600843.348557 m, vertex 600846.054331 m, +2705.775 mm above the ground
[RockPrecisionFixDiag]   rock 'Kerbin Xn0131000203' 'cactus' #3 vertex 159: ground 600843.335151 m, vertex 600844.438263 m, +1103.111 mm above the ground
[RockPrecisionFixDiag]   rock 'Kerbin Xn0131000203' 'cactus' #3 vertex 418: ground 600843.265144 m, vertex 600847.065350 m, +3800.207 mm above the ground
[RockPrecisionFixDiag]   rock 'Kerbin Xn0131000203' 'cactus' #3 vertex 303: ground 600843.347517 m, vertex 600847.292148 m, +3944.631 mm above the ground
[RockPrecisionFixDiag]   rock 'Kerbin Xn0131000203' 'cactus' #3 vertex 125: ground 600843.349316 m, vertex 600845.134448 m, +1785.132 mm above the ground
[RockPrecisionFixDiag]   rock 'Kerbin Xn0131000203' 'cactus' #3 vertex 340: ground 600843.274339 m, vertex 600844.821633 m, +1547.294 mm above the ground
[RockPrecisionFixDiag]   rock 'Kerbin Xn0131000203' 'cactus' #3 vertex 348: ground 600843.259905 m, vertex 600846.426538 m, +3166.633 mm above the ground
[RockPrecisionFixDiag]   rock 'Kerbin Xn0131000203' 'cactus' #3 collider: physics 600845.499428 m, drawn 600845.499421 m, up +0.007 mm, across 0.003 mm
[RockPrecisionFixDiag]   rock 'Kerbin Xn0131000203' 'cactus' #4 vertex 53: ground 600862.676986 m, vertex 600862.139137 m, -537.850 mm above the ground
[RockPrecisionFixDiag]   rock 'Kerbin Xn0131000203' 'cactus' #4 vertex 33: ground 600862.671647 m, vertex 600867.697042 m, +5025.394 mm above the ground
[RockPrecisionFixDiag]   rock 'Kerbin Xn0131000203' 'cactus' #4 vertex 334: ground 600862.666128 m, vertex 600865.084292 m, +2418.164 mm above the ground
[RockPrecisionFixDiag]   rock 'Kerbin Xn0131000203' 'cactus' #4 vertex 100: ground 600862.673251 m, vertex 600865.492821 m, +2819.570 mm above the ground
[RockPrecisionFixDiag]   rock 'Kerbin Xn0131000203' 'cactus' #4 vertex 159: ground 600862.679999 m, vertex 600863.817341 m, +1137.342 mm above the ground
[RockPrecisionFixDiag]   rock 'Kerbin Xn0131000203' 'cactus' #4 vertex 418: ground 600862.672770 m, vertex 600866.543127 m, +3870.357 mm above the ground
[RockPrecisionFixDiag]   rock 'Kerbin Xn0131000203' 'cactus' #4 vertex 303: ground 600862.673406 m, vertex 600866.776914 m, +4103.507 mm above the ground
[RockPrecisionFixDiag]   rock 'Kerbin Xn0131000203' 'cactus' #4 vertex 125: ground 600862.665854 m, vertex 600864.538937 m, +1873.083 mm above the ground
[RockPrecisionFixDiag]   rock 'Kerbin Xn0131000203' 'cactus' #4 vertex 340: ground 600862.677507 m, vertex 600864.215626 m, +1538.120 mm above the ground
[RockPrecisionFixDiag]   rock 'Kerbin Xn0131000203' 'cactus' #4 vertex 348: ground 600862.657613 m, vertex 600865.880413 m, +3222.800 mm above the ground
[RockPrecisionFixDiag]   rock 'Kerbin Xn0131000203' 'cactus' #4 collider: physics 600864.918058 m, drawn 600864.918055 m, up +0.003 mm, across 0.034 mm
[RockPrecisionFixDiag] End of record 5: 173 quads with rocks, 306 holders (0 not built yet); nearest quad 'Kerbin Xn0131000203': 6 rocks, 60 vertices measured, 0 without ground under them, 6 colliders measured
