BENCH sphere;name=Mun;radius=200000;minLevel=2;maxLevel=9;highestLevelUnder=6250;subdivisionOffAbove=20000000;maxAnglePerSample=9.204E-005;speedCapAt60Fps=1104
BENCH colliders;name=Mun;maxLevelOffset=0;lowestLevelWithCollider=9
BENCH begin;mode=Calibrate;samples=146;verticesPerQuad=225;warpedSeconds=0;fix=0.1.0.0;fixPatching=True
BENCH;sample;ut;utSpan;realSeconds;frames;fps;altitude;speed;quads;topLevelQuads;vertices;buildMs;topLevelBuildMs;updateMs;subdivisionAvg;subdivisionMax;speedLevelCap;maxLevel
BENCH;0;335.56;1.020;1.014;110;108.5;4999.8;554.4;32;8;7200;85.650;21.802;147.286;6.75;9;8;9
BENCH;1;336.58;1.020;1.025;115;112.1;4999.8;554.4;24;8;5400;64.344;22.049;127.501;8.00;9;9;9
BENCH;2;337.60;1.020;1.017;116;114.0;4999.7;554.4;16;8;3600;43.261;21.933;103.083;8.50;9;9;9
BENCH;3;338.62;1.020;1.040;116;111.5;4999.7;554.4;24;8;5400;65.329;22.451;131.185;6.67;9;9;9
BENCH;4;339.64;1.020;1.017;116;114.1;4999.7;554.4;20;8;4500;53.715;21.885;117.538;8.20;9;9;9
BENCH;5;340.66;1.020;1.025;120;117.1;4999.7;554.4;8;8;1800;21.682;21.682;84.597;9.00;9;9;9
BENCH;6;341.68;1.040;1.037;119;114.7;4999.7;554.4;18;8;4050;48.606;22.160;109.457;8.33;9;9;9
BENCH;7;342.72;1.020;1.021;114;111.7;4999.7;554.4;28;8;6300;75.086;21.941;141.761;7.86;9;9;9
BENCH;8;343.74;1.020;1.016;120;118.1;4999.7;554.4;8;0;1800;21.613;0.000;80.836;8.00;8;9;9
BENCH;9;344.76;1.020;1.025;114;111.2;4999.7;554.4;18;16;4050;55.849;50.472;120.785;8.78;9;9;9
BENCH;10;345.78;1.020;1.019;112;110.0;4999.7;554.4;26;0;5850;68.922;0.000;128.959;7.31;8;9;9
BENCH;11;346.80;1.020;1.023;115;112.4;4999.7;554.4;26;16;5850;70.149;43.749;136.278;8.54;9;9;9
BENCH;12;347.82;1.020;1.026;118;115.0;4999.7;554.4;16;8;3600;42.985;21.932;102.694;8.50;9;9;9
BENCH;13;348.84;1.020;1.007;117;116.1;4999.7;554.4;10;8;2250;26.987;21.691;93.474;8.60;9;9;9
BENCH;14;349.86;1.020;1.026;120;117.0;4999.7;554.4;10;0;2250;26.778;0.000;85.334;5.40;7;9;9
BENCH;15;350.88;1.020;1.017;116;114.1;4999.7;554.4;18;8;4050;48.458;22.229;110.469;8.33;9;9;9
BENCH;16;351.90;1.020;1.041;113;108.5;4999.7;554.4;33;8;7425;91.320;21.628;156.499;7.36;9;9;9
BENCH;17;352.92;1.020;1.034;117;113.2;4999.7;554.4;18;8;4050;48.649;21.883;115.293;8.33;9;9;9
BENCH;18;353.94;1.020;1.016;120;118.1;4999.7;554.4;10;8;2250;28.033;22.498;90.929;8.60;9;9;9
BENCH;19;354.96;1.020;1.025;113;110.2;4999.7;554.4;34;8;7650;90.442;21.912;155.955;7.71;9;9;9
BENCH;20;355.98;1.020;1.033;116;112.3;4999.7;554.4;24;8;5400;64.120;21.780;128.532;7.67;9;9;9
BENCH;21;357.00;1.020;1.016;116;114.1;4999.7;554.4;18;8;4050;48.581;22.339;113.162;8.33;9;9;9
BENCH;22;358.02;1.020;1.026;118;115.1;4999.7;554.4;18;8;4050;48.387;21.908;112.175;7.44;9;9;9
BENCH;23;359.04;1.020;1.016;117;115.1;4999.7;554.4;18;8;4050;48.018;21.864;114.457;8.33;9;9;9
BENCH;24;360.06;1.020;1.025;119;116.1;4999.7;554.4;16;8;3600;44.045;22.457;107.923;8.50;9;9;9
BENCH;25;361.08;1.020;1.017;120;118.0;4999.7;554.4;8;0;1800;21.593;0.000;83.577;7.00;7;9;9
BENCH;26;362.10;1.020;1.017;111;109.1;4999.7;554.4;28;16;6300;75.895;43.943;146.296;8.43;9;9;9
BENCH;27;363.12;1.020;1.024;124;121.1;4999.7;554.4;0;0;0;0.000;0.000;61.355;0.00;0;-1;0
BENCH;28;364.14;1.020;1.017;113;111.1;4999.7;554.4;24;8;5400;64.565;22.231;127.948;8.00;9;9;9
BENCH;29;365.16;1.020;1.025;114;111.3;4999.7;554.4;24;8;5400;64.828;22.759;132.390;8.00;9;9;9
BENCH;30;366.18;1.020;1.017;116;114.1;4999.7;554.4;18;8;4050;49.093;22.430;116.176;8.22;9;9;9
BENCH;31;367.20;1.020;1.017;120;118.0;4999.7;554.4;8;8;1800;22.164;22.164;87.717;9.00;9;9;9
BENCH;32;368.22;1.020;1.025;117;114.1;4999.7;554.4;16;8;3600;42.964;22.090;108.614;8.50;9;9;9
BENCH;33;369.24;1.020;1.016;117;115.1;4999.7;554.4;16;8;3600;43.122;21.848;109.284;8.50;9;9;9
BENCH;34;370.26;1.020;1.025;120;117.0;4999.7;554.4;8;8;1800;21.949;21.949;89.851;9.00;9;9;9
BENCH;35;371.28;1.020;1.016;114;112.2;4999.7;554.4;24;8;5400;64.842;21.632;128.057;8.00;9;9;9
BENCH;36;372.30;1.020;1.016;118;116.1;4999.7;554.4;14;0;3150;38.469;0.000;100.192;5.14;6;9;9
BENCH;37;373.32;1.020;1.026;110;107.2;4999.7;554.4;26;8;5850;70.744;23.109;135.810;8.15;9;9;9
BENCH;38;374.34;1.020;1.033;116;112.3;4999.7;554.4;24;8;5400;64.806;22.138;133.316;7.67;9;9;9
BENCH;39;375.36;1.020;1.025;120;117.0;4999.7;554.4;8;8;1800;22.547;22.547;88.698;9.00;9;9;9
BENCH;40;376.38;1.020;1.016;113;111.2;4999.7;554.4;24;8;5400;64.119;21.634;130.934;7.67;9;9;9
BENCH;41;377.40;1.020;1.021;119;116.6;4999.7;554.4;10;8;2250;27.766;22.205;92.752;8.40;9;9;9
BENCH;42;378.42;1.020;1.021;117;114.6;4999.7;554.4;18;8;4050;48.908;22.164;115.938;7.89;9;9;9
BENCH;43;379.44;1.020;1.017;117;115.1;4999.7;554.4;18;0;4050;47.553;0.000;109.325;6.89;8;9;9
BENCH;44;380.46;1.020;1.025;111;108.2;4999.7;554.4;34;8;7650;91.314;21.911;156.521;7.18;9;9;9
BENCH;45;381.48;1.020;1.017;119;117.0;4999.7;554.4;8;8;1800;21.832;21.832;89.261;9.00;9;9;9
BENCH;46;382.50;1.020;1.016;113;111.2;4999.7;554.4;24;8;5400;64.690;21.855;129.590;7.00;9;9;9
BENCH;47;383.52;1.020;1.025;117;114.1;4999.7;554.4;16;8;3600;43.666;21.899;112.228;8.50;9;9;9
BENCH;48;384.54;1.020;1.018;112;110.0;4999.7;554.4;26;8;5850;71.375;23.512;137.046;7.54;9;9;9
BENCH;49;385.56;1.020;1.024;119;116.2;4999.7;554.4;16;0;3600;42.209;0.000;106.056;6.50;8;9;9
BENCH;50;386.58;1.020;1.017;118;116.0;4999.7;554.4;10;8;2250;27.322;21.903;91.951;8.40;9;9;9
BENCH;51;387.60;1.020;1.017;119;117.0;4999.7;554.4;10;8;2250;27.403;21.746;94.431;8.40;9;9;9
BENCH;52;388.62;1.020;1.025;117;114.2;4999.7;554.4;18;8;4050;47.916;21.661;110.606;7.89;9;9;9
BENCH;53;389.64;1.020;1.016;117;115.1;4999.7;554.4;16;0;3600;42.980;0.000;106.120;6.00;8;9;9
BENCH;54;390.66;1.020;1.025;113;110.3;4999.7;554.4;24;16;5400;65.114;43.938;134.038;8.67;9;9;9
BENCH;55;391.68;1.020;1.017;119;117.0;4999.7;554.4;10;0;2250;27.160;0.000;90.278;6.80;7;9;9
BENCH;56;392.70;1.020;1.017;119;117.0;4999.7;554.4;8;8;1800;22.035;22.035;86.082;9.00;9;9;9
BENCH;57;393.72;1.020;1.021;113;110.7;4999.7;554.4;27;8;6075;72.541;21.951;137.609;7.37;9;9;9
BENCH;58;394.74;1.020;1.021;114;111.6;4999.7;554.4;26;8;5850;70.491;21.742;139.053;6.92;9;9;9
BENCH;59;395.76;1.020;1.025;108;105.4;4999.7;554.4;40;8;9000;106.534;21.747;174.220;7.20;9;8;9
BENCH;60;396.78;1.020;1.017;119;117.0;4999.7;554.4;8;8;1800;21.804;21.804;88.053;9.00;9;9;9
BENCH;61;397.80;1.020;1.018;120;117.9;4999.7;554.4;8;0;1800;21.049;0.000;84.241;8.00;8;9;9
BENCH;62;398.82;1.020;1.041;116;111.4;4999.7;554.4;24;8;5400;64.104;22.019;131.925;7.67;9;9;9
BENCH;63;399.84;1.020;1.016;118;116.1;4999.7;554.4;10;8;2250;27.611;21.891;98.250;8.40;9;9;9
BENCH;64;400.86;1.020;1.017;116;114.1;4999.7;554.4;16;8;3600;43.092;21.859;108.599;8.50;9;9;9
BENCH;65;401.88;1.020;1.026;113;110.2;4999.7;554.4;26;8;5850;69.769;21.942;138.070;7.23;9;9;9
BENCH;66;402.90;1.020;1.016;115;113.2;4999.7;554.4;18;8;4050;48.711;21.712;115.509;8.22;9;9;9
BENCH;67;403.92;1.020;1.027;121;117.9;4999.7;554.4;8;0;1800;21.111;0.000;83.803;8.00;8;9;9
BENCH;68;404.94;1.020;1.015;116;114.3;4999.7;554.4;16;8;3600;43.778;22.305;116.988;8.00;9;9;9
BENCH;69;405.96;1.020;1.016;113;111.2;4999.7;554.4;24;8;5400;65.569;22.739;131.504;8.00;9;9;9
BENCH;70;406.98;1.020;1.026;119;116.0;4999.7;554.4;10;8;2250;27.397;21.976;97.714;8.40;9;9;9
BENCH;71;408.00;1.020;1.016;117;115.1;4999.7;554.4;16;8;3600;43.021;21.972;109.375;8.50;9;9;9
BENCH;72;409.02;1.020;1.023;120;117.3;4999.7;554.4;10;0;2250;26.562;0.000;91.483;7.60;8;9;9
BENCH;73;410.04;1.020;1.020;120;117.7;4999.7;554.4;10;8;2250;27.346;21.994;97.484;8.40;9;9;9
BENCH;74;411.06;1.020;1.015;116;114.2;4999.7;554.4;16;8;3600;43.204;22.171;107.452;8.50;9;9;9
BENCH;75;412.08;1.020;1.020;117;114.7;4999.7;554.4;16;8;3600;43.244;22.017;110.914;8.00;9;9;9
BENCH;76;413.10;1.020;1.033;119;115.2;4999.7;554.4;16;8;3600;42.799;21.650;105.246;8.50;9;9;9
BENCH;77;414.12;1.020;1.006;118;117.3;4999.7;554.4;8;0;1800;21.753;0.000;90.560;8.00;8;9;9
BENCH;78;415.14;1.020;1.024;120;117.2;4999.7;554.4;8;8;1800;21.565;21.565;87.197;9.00;9;9;9
BENCH;79;416.16;1.020;1.019;105;103.1;4999.7;554.4;48;8;10800;127.794;21.812;193.610;6.83;9;9;9
BENCH;80;417.18;1.020;1.021;120;117.5;4999.7;554.4;10;8;2250;27.181;21.769;95.226;8.40;9;9;9
BENCH;81;418.20;1.020;1.018;123;120.8;4999.7;554.4;2;0;450;5.408;0.000;68.661;6.00;6;9;9
BENCH;82;419.22;1.020;1.042;119;114.2;4999.7;554.4;16;8;3600;44.124;22.286;111.984;8.50;9;9;9
BENCH;83;420.24;1.020;1.017;116;114.1;4999.7;554.4;16;8;3600;43.461;22.348;108.739;8.50;9;9;9
BENCH;84;421.26;1.020;1.016;116;114.2;4999.7;554.4;16;8;3600;42.952;21.624;108.775;7.50;9;9;9
BENCH;85;422.28;1.020;1.019;115;112.8;4999.7;554.4;20;8;4500;54.353;21.671;121.306;7.40;9;9;9
BENCH;86;423.30;1.020;1.023;121;118.3;4999.7;554.4;8;0;1800;21.237;0.000;84.485;7.00;7;9;9
BENCH;87;424.32;1.020;1.025;111;108.3;4999.7;554.4;26;8;5850;70.036;21.671;143.422;7.46;9;8;9
BENCH;88;425.34;1.020;1.017;116;114.0;4999.7;554.4;16;8;3600;42.843;21.862;108.972;8.50;9;9;9
BENCH;89;426.36;1.020;1.024;116;113.3;4999.7;554.4;18;8;4050;48.074;21.505;115.137;6.89;9;9;9
BENCH;90;427.38;1.020;1.017;115;113.0;4999.7;554.4;26;0;5850;68.565;0.000;129.877;7.00;8;9;9
BENCH;91;428.40;1.020;1.026;120;117.0;4999.7;554.4;8;8;1800;21.791;21.791;88.389;9.00;9;9;9
BENCH;92;429.42;1.020;1.017;117;115.1;4999.7;554.4;16;8;3600;42.869;21.879;111.283;8.50;9;9;9
BENCH;93;430.44;1.020;1.018;116;114.0;4999.7;554.4;16;8;3600;42.624;21.634;107.649;8.50;9;9;9
BENCH;94;431.46;1.020;1.031;120;116.4;4999.7;554.4;10;8;2250;27.504;22.125;96.183;8.20;9;9;9
BENCH;95;432.48;1.020;1.010;117;115.9;4999.7;554.4;16;0;3600;43.126;0.000;105.907;6.50;8;9;9
BENCH;96;433.50;1.020;1.027;121;117.8;4999.7;554.4;8;8;1800;21.733;21.733;86.839;9.00;9;9;9
BENCH;97;434.52;1.020;1.015;115;113.3;4999.7;554.4;18;8;4050;48.376;21.844;115.308;7.67;9;9;9
BENCH;98;435.54;1.020;1.017;120;118.0;4999.7;554.4;10;0;2250;26.421;0.000;86.577;7.40;8;9;9
BENCH;99;436.56;1.020;1.020;117;114.7;4999.7;554.4;16;8;3600;42.626;21.593;110.200;8.50;9;9;9
BENCH;100;437.58;1.020;1.022;120;117.4;4999.7;554.4;10;8;2250;27.265;21.758;90.409;7.80;9;9;9
BENCH;101;438.60;1.020;1.025;109;106.3;4999.7;554.4;40;8;9000;107.337;21.721;172.193;7.40;9;9;9
BENCH;102;439.62;1.020;1.024;120;117.2;4999.7;554.4;8;8;1800;22.195;22.195;88.421;9.00;9;9;9
BENCH;103;440.64;1.020;1.010;119;117.8;4999.7;554.4;8;0;1800;21.236;0.000;80.547;8.00;8;9;9
BENCH;104;441.66;1.020;1.024;114;111.3;4999.7;554.4;24;8;5400;64.555;21.646;132.638;7.33;9;9;9
BENCH;105;442.68;1.020;1.017;121;119.0;4999.7;554.4;8;8;1800;21.961;21.961;88.550;9.00;9;9;9
BENCH;106;443.70;1.020;1.018;120;117.9;4999.7;554.4;10;0;2250;26.236;0.000;86.682;7.40;8;9;9
BENCH;107;444.72;1.020;1.024;121;118.2;4999.7;554.4;8;8;1800;21.564;21.564;87.067;9.00;9;9;9
BENCH;108;445.74;1.020;1.017;109;107.2;4999.7;554.4;38;8;8550;102.304;21.939;165.351;6.68;9;9;9
BENCH;109;446.76;1.020;1.025;116;113.2;4999.7;554.4;18;8;4050;48.923;22.288;115.517;7.22;9;9;9
BENCH;110;447.78;1.020;1.016;120;118.1;4999.7;554.4;10;0;2250;26.736;0.000;89.588;7.40;8;9;9
BENCH;111;448.80;1.020;1.026;121;118.0;4999.7;554.4;8;8;1800;21.673;21.673;85.711;9.00;9;9;9
BENCH;112;449.82;1.020;1.018;117;115.0;4999.7;554.4;16;0;3600;42.060;0.000;102.745;7.50;8;9;9
BENCH;113;450.84;1.020;1.015;116;114.3;4999.7;554.4;18;8;4050;48.409;21.880;113.535;7.67;9;9;9
BENCH;114;451.86;1.020;1.025;118;115.1;4999.7;554.4;16;8;3600;43.053;21.994;109.572;8.50;9;9;9
BENCH;115;452.88;1.020;1.017;116;114.1;4999.7;554.4;16;8;3600;43.194;22.022;109.373;8.50;9;9;9
BENCH;116;453.90;1.020;1.025;121;118.0;4999.7;554.4;8;8;1800;21.980;21.980;85.245;9.00;9;9;9
BENCH;117;454.92;1.020;1.016;116;114.1;4999.7;554.4;16;8;3600;42.729;21.804;105.855;8.50;9;9;9
BENCH;118;455.94;1.020;1.021;123;120.5;4999.7;554.4;2;0;450;5.443;0.000;66.790;5.00;5;9;9
BENCH;119;456.96;1.020;1.021;115;112.6;4999.7;554.4;24;8;5400;64.329;21.644;127.481;8.00;9;9;9
BENCH;120;457.98;1.020;1.018;119;116.9;4999.7;554.4;8;8;1800;21.941;21.941;89.090;9.00;9;9;9
BENCH;121;459.00;1.020;1.023;117;114.4;4999.7;554.4;16;8;3600;43.129;22.065;106.904;8.50;9;9;9
BENCH;122;460.02;1.020;1.017;118;116.0;4999.7;554.4;18;0;4050;48.078;0.000;106.442;5.89;8;9;9
BENCH;123;461.04;1.020;1.016;113;111.2;4999.7;554.4;26;8;5850;69.833;22.136;136.831;7.46;9;9;9
BENCH;124;462.06;1.020;1.026;116;113.1;4999.7;554.4;24;8;5400;64.615;21.980;129.307;7.67;9;9;9
BENCH;125;463.08;1.020;1.016;119;117.1;4999.7;554.4;8;8;1800;21.717;21.717;87.951;9.00;9;9;9
BENCH;126;464.10;1.020;1.025;117;114.1;4999.7;554.4;16;8;3600;45.487;24.467;108.888;8.50;9;9;9
BENCH;127;465.12;1.020;1.016;120;118.1;4999.7;554.4;12;0;2700;34.358;0.000;95.616;6.50;8;9;9
BENCH;128;466.14;1.020;1.017;119;117.0;4999.7;554.4;8;8;1800;21.841;21.841;86.562;9.00;9;9;9
BENCH;129;467.16;1.020;1.025;117;114.1;4999.7;554.4;16;8;3600;43.460;21.869;107.670;6.50;9;9;9
BENCH;130;468.18;1.020;1.017;114;112.0;4999.7;554.4;26;0;5850;69.045;0.000;129.449;6.62;8;8;9
BENCH;131;469.20;1.020;1.016;116;114.2;4999.7;554.4;16;8;3600;43.419;21.967;110.710;8.50;9;9;9
BENCH;132;470.22;1.020;1.025;118;115.2;4999.7;554.4;18;8;4050;48.673;21.944;113.236;7.22;9;8;9
BENCH;133;471.24;1.020;1.017;115;113.1;4999.7;554.4;24;8;5400;64.478;21.892;130.533;7.33;9;9;9
BENCH;134;472.26;1.020;1.025;118;115.1;4999.7;554.4;16;0;3600;42.601;0.000;106.025;7.00;7;9;9
BENCH;135;473.28;1.020;1.016;117;115.1;4999.7;554.4;16;8;3600;43.676;22.166;107.944;8.50;9;9;9
BENCH;136;474.30;1.020;1.027;117;114.0;4999.7;554.4;10;8;2250;29.250;23.803;98.956;8.20;9;9;9
BENCH;137;475.32;1.020;1.015;116;114.3;4999.7;554.4;18;8;4050;48.272;21.886;111.480;8.11;9;9;9
BENCH;138;476.34;1.020;1.019;120;117.7;4999.7;554.4;8;0;1800;21.826;0.000;79.787;8.00;8;9;9
BENCH;139;477.36;1.020;1.023;120;117.3;4999.7;554.4;8;8;1800;21.866;21.866;89.002;9.00;9;9;9
BENCH;140;478.38;1.020;1.018;112;110.1;4999.7;554.4;24;8;5400;66.502;21.730;129.823;6.00;9;9;9
BENCH;141;479.40;1.020;1.016;117;115.2;4999.7;554.4;18;0;4050;47.826;0.000;110.981;7.22;8;9;9
BENCH;142;480.42;1.040;1.043;119;114.1;4999.7;554.4;18;8;4050;48.734;22.093;115.535;7.89;9;9;9
BENCH;143;481.46;1.020;1.024;119;116.2;4999.7;554.4;12;8;2700;32.909;21.884;95.892;7.00;9;9;9
BENCH;144;482.48;1.020;1.016;120;118.1;4999.7;554.4;8;0;1800;20.819;0.000;83.091;8.00;8;9;9
BENCH;145;483.50;1.020;1.017;117;115.1;4999.7;554.4;16;8;3600;43.500;21.686;105.933;8.00;9;9;9
BENCH calibration;quads=30;refusedQuads=0;verticesPerFormula=54000;stockNsPerVertex=260.0;stockHoistedNsPerVertex=174.8;fixedNsPerVertex=87.8;transformReadsNsPerVertex=85.2;arithmeticNsPerVertex=-87.0;differenceNsPerVertex=-172.2
BENCH end
