BENCH sphere;name=Mun;radius=200000;minLevel=2;maxLevel=9;highestLevelUnder=6250;subdivisionOffAbove=20000000;maxAnglePerSample=9.204E-005;speedCapAt60Fps=1104
BENCH colliders;name=Mun;maxLevelOffset=0;lowestLevelWithCollider=9
BENCH begin;mode=Calibrate;samples=146;verticesPerQuad=225;warpedSeconds=0;fix=0.1.0.0;fixPatching=True
BENCH;sample;ut;utSpan;realSeconds;frames;fps;altitude;speed;quads;topLevelQuads;vertices;buildMs;topLevelBuildMs;updateMs;subdivisionAvg;subdivisionMax;speedLevelCap;maxLevel
BENCH;0;335.56;1.020;1.021;111;108.7;4999.8;554.4;32;8;7200;86.644;23.102;148.044;6.75;9;9;9
BENCH;1;336.58;1.020;1.016;113;111.2;4999.8;554.4;24;8;5400;64.345;21.770;128.740;8.00;9;9;9
BENCH;2;337.60;1.020;1.027;117;113.9;4999.8;554.4;16;8;3600;43.087;22.001;104.111;8.50;9;9;9
BENCH;3;338.62;1.020;1.031;116;112.5;4999.7;554.4;24;8;5400;64.862;22.113;129.759;6.67;9;9;9
BENCH;4;339.64;1.020;1.025;115;112.2;4999.7;554.4;20;8;4500;54.059;21.743;118.491;8.20;9;9;9
BENCH;5;340.66;1.020;1.017;119;117.1;4999.8;554.4;8;8;1800;21.646;21.646;85.352;9.00;9;9;9
BENCH;6;341.68;1.040;1.038;119;114.6;4999.7;554.4;18;8;4050;48.092;21.754;108.669;8.33;9;9;9
BENCH;7;342.72;1.020;1.020;113;110.8;4999.7;554.4;28;8;6300;75.594;22.021;142.931;7.86;9;9;9
BENCH;8;343.74;1.020;1.016;120;118.1;4999.7;554.4;8;0;1800;21.073;0.000;80.530;8.00;8;9;9
BENCH;9;344.76;1.020;1.026;115;112.1;4999.7;554.4;18;16;4050;52.756;46.924;119.502;8.78;9;9;9
BENCH;10;345.78;1.020;1.016;112;110.2;4999.7;554.4;26;0;5850;68.872;0.000;129.090;7.31;8;9;9
BENCH;11;346.80;1.020;1.025;116;113.2;4999.7;554.4;26;16;5850;70.252;43.898;139.125;8.54;9;9;9
BENCH;12;347.82;1.040;1.037;119;114.8;4999.7;554.4;16;8;3600;42.922;21.940;104.181;8.50;9;9;9
BENCH;13;348.86;1.020;1.022;119;116.4;4999.7;554.4;10;8;2250;28.065;22.705;95.937;8.60;9;9;9
BENCH;14;349.88;1.020;1.016;120;118.1;4999.7;554.4;10;0;2250;26.598;0.000;86.616;5.40;7;9;9
BENCH;15;350.90;1.020;1.018;117;114.9;4999.7;554.4;19;8;4275;51.153;21.976;115.604;8.05;9;9;9
BENCH;16;351.92;1.020;1.040;110;105.7;4999.7;554.4;32;8;7200;86.195;21.959;150.149;7.50;9;9;9
BENCH;17;352.94;1.020;1.042;119;114.2;4999.7;554.4;18;8;4050;48.949;21.841;114.889;8.33;9;9;9
BENCH;18;353.96;1.020;1.016;120;118.1;4999.7;554.4;10;8;2250;27.169;21.880;91.694;8.60;9;9;9
BENCH;19;354.98;1.020;1.017;111;109.2;4999.7;554.4;34;8;7650;90.752;21.677;157.117;7.71;9;9;9
BENCH;20;356.00;1.020;1.042;117;112.3;4999.7;554.4;24;8;5400;63.772;21.768;130.001;7.67;9;9;9
BENCH;21;357.02;1.020;1.017;115;113.1;4999.7;554.4;18;8;4050;48.641;22.413;113.117;8.33;9;9;9
BENCH;22;358.04;1.020;1.025;116;113.2;4999.7;554.4;18;8;4050;48.156;21.645;112.189;7.44;9;9;9
BENCH;23;359.06;1.020;1.017;116;114.0;4999.7;554.4;18;8;4050;48.536;22.007;115.808;8.33;9;9;9
BENCH;24;360.08;1.020;1.016;116;114.2;4999.7;554.4;16;8;3600;42.814;21.836;106.976;8.50;9;9;9
BENCH;25;361.10;1.020;1.025;121;118.1;4999.7;554.4;8;0;1800;22.036;0.000;86.249;7.00;7;9;9
BENCH;26;362.12;1.020;1.016;111;109.2;4999.7;554.4;28;16;6300;76.139;44.503;145.467;8.43;9;8;9
BENCH;27;363.14;1.020;1.026;124;120.9;4999.7;554.4;0;0;0;0.000;0.000;63.845;0.00;0;-1;0
BENCH;28;364.16;1.020;1.017;113;111.1;4999.7;554.4;24;8;5400;64.625;21.853;129.751;8.00;9;8;9
BENCH;29;365.18;1.020;1.016;112;110.2;4999.7;554.4;24;8;5400;64.067;22.143;132.330;8.00;9;9;9
BENCH;30;366.20;1.020;1.025;116;113.1;4999.7;554.4;18;8;4050;48.128;21.917;116.158;8.22;9;9;9
BENCH;31;367.22;1.020;1.018;119;116.9;4999.7;554.4;8;8;1800;22.355;22.355;87.785;9.00;9;9;9
BENCH;32;368.24;1.020;1.015;117;115.3;4999.7;554.4;16;8;3600;42.715;21.809;109.043;8.50;9;9;9
BENCH;33;369.26;1.020;1.025;117;114.2;4999.7;554.4;16;8;3600;42.843;21.782;110.704;8.50;9;9;9
BENCH;34;370.28;1.020;1.017;119;117.0;4999.7;554.4;8;8;1800;22.986;22.986;91.030;9.00;9;9;9
BENCH;35;371.30;1.020;1.025;114;111.3;4999.7;554.4;24;8;5400;64.576;22.294;129.800;8.00;9;9;9
BENCH;36;372.32;1.040;1.038;117;112.7;4999.7;554.4;22;8;4950;60.414;22.326;125.395;6.55;9;9;9
BENCH;37;373.36;1.040;1.062;115;108.2;4999.7;554.4;34;8;7650;90.171;21.850;160.998;7.88;9;9;9
BENCH;38;374.40;1.020;1.019;119;116.8;4999.7;554.4;8;0;1800;21.209;0.000;93.840;7.00;7;9;9
BENCH;39;375.42;1.020;1.016;119;117.2;4999.7;554.4;8;8;1800;22.097;22.097;91.801;9.00;9;9;9
BENCH;40;376.44;1.020;1.016;113;111.3;4999.7;554.4;24;8;5400;64.195;21.642;134.710;7.67;9;9;9
BENCH;41;377.46;1.020;1.026;120;117.0;4999.7;554.4;10;8;2250;27.321;21.954;96.029;8.40;9;9;9
BENCH;42;378.48;1.020;1.017;114;112.1;4999.7;554.4;18;8;4050;52.020;25.305;123.084;7.89;9;9;9
BENCH;43;379.50;1.020;1.018;116;114.0;4999.7;554.4;18;0;4050;47.830;0.000;110.353;6.89;8;9;9
BENCH;44;380.52;1.020;1.021;110;107.7;4999.7;554.4;34;8;7650;91.526;21.892;159.017;7.18;9;9;9
BENCH;45;381.54;1.020;1.021;120;117.6;4999.7;554.4;8;8;1800;21.705;21.705;92.301;9.00;9;9;9
BENCH;46;382.56;1.020;1.023;114;111.4;4999.7;554.4;24;8;5400;66.151;23.420;135.141;7.00;9;9;9
BENCH;47;383.58;1.020;1.017;116;114.1;4999.7;554.4;16;8;3600;43.435;21.958;114.029;8.50;9;9;9
BENCH;48;384.60;1.020;1.018;112;110.0;4999.7;554.4;26;8;5850;70.675;22.246;139.775;7.54;9;9;9
BENCH;49;385.62;1.020;1.032;115;111.4;4999.7;554.4;24;8;5400;64.530;22.119;135.880;7.33;9;9;9
BENCH;50;386.64;1.020;1.007;122;121.1;4999.7;554.4;2;0;450;5.386;0.000;68.801;6.00;6;9;9
BENCH;51;387.66;1.020;1.026;120;117.0;4999.7;554.4;10;8;2250;27.254;21.892;97.665;8.40;9;9;9
BENCH;52;388.68;1.020;1.017;115;113.1;4999.7;554.4;18;8;4050;49.221;21.929;113.842;7.89;9;9;9
BENCH;53;389.70;1.020;1.024;118;115.2;4999.7;554.4;16;0;3600;43.290;0.000;108.900;6.00;8;9;9
BENCH;54;390.72;1.020;1.015;111;109.4;4999.7;554.4;24;16;5400;65.202;43.586;133.927;8.67;9;9;9
BENCH;55;391.74;1.020;1.019;117;114.8;4999.7;554.4;10;0;2250;27.524;0.000;93.547;6.80;7;9;9
BENCH;56;392.76;1.020;1.025;120;117.1;4999.7;554.4;8;8;1800;21.971;21.971;88.958;9.00;9;9;9
BENCH;57;393.78;1.020;1.017;112;110.1;4999.7;554.4;27;8;6075;72.723;21.984;139.470;7.37;9;9;9
BENCH;58;394.80;1.020;1.016;112;110.2;4999.7;554.4;26;8;5850;70.033;21.707;138.561;6.92;9;9;9
BENCH;59;395.82;1.020;1.025;108;105.4;4999.7;554.4;40;8;9000;107.352;21.995;175.651;7.20;9;9;9
BENCH;60;396.84;1.020;1.017;119;117.1;4999.7;554.4;8;8;1800;21.669;21.669;90.081;9.00;9;9;9
BENCH;61;397.86;1.020;1.031;118;114.4;4999.7;554.4;16;8;3600;43.196;21.929;110.542;8.50;9;9;9
BENCH;62;398.88;1.020;1.027;118;114.9;4999.7;554.4;16;0;3600;42.284;0.000;105.771;7.00;8;9;9
BENCH;63;399.90;1.020;1.018;118;115.9;4999.7;554.4;10;8;2250;27.405;22.101;98.878;8.40;9;9;9
BENCH;64;400.92;1.020;1.034;115;111.3;4999.7;554.4;24;8;5400;65.368;23.173;131.993;7.67;9;9;9
BENCH;65;401.94;1.020;1.009;115;114.0;4999.7;554.4;18;8;4050;48.586;21.991;118.323;7.78;9;9;9
BENCH;66;402.96;1.020;1.024;117;114.3;4999.7;554.4;18;8;4050;48.230;21.965;115.175;8.22;9;9;9
BENCH;67;403.98;1.020;1.018;120;117.9;4999.7;554.4;8;0;1800;21.452;0.000;85.169;8.00;8;9;9
BENCH;68;405.00;1.020;1.015;116;114.3;4999.7;554.4;16;8;3600;43.831;21.931;114.442;8.00;9;9;9
BENCH;69;406.02;1.020;1.025;114;111.2;4999.7;554.4;24;8;5400;64.151;22.119;131.707;8.00;9;9;9
BENCH;70;407.04;1.020;1.018;120;117.8;4999.7;554.4;10;8;2250;27.303;21.956;97.781;8.40;9;9;9
BENCH;71;408.06;1.020;1.016;116;114.1;4999.7;554.4;16;8;3600;42.958;21.942;110.598;8.50;9;9;9
BENCH;72;409.08;1.020;1.026;121;117.9;4999.7;554.4;10;0;2250;26.163;0.000;94.191;7.60;8;9;9
BENCH;73;410.10;1.020;1.014;118;116.3;4999.7;554.4;10;8;2250;27.280;21.949;95.847;8.40;9;9;9
BENCH;74;411.12;1.020;1.024;117;114.2;4999.7;554.4;16;8;3600;43.128;21.958;109.876;8.50;9;9;9
BENCH;75;412.14;1.020;1.017;116;114.0;4999.7;554.4;16;8;3600;43.316;22.046;112.704;8.00;9;9;9
BENCH;76;413.16;1.020;1.020;116;113.7;4999.7;554.4;16;8;3600;43.400;22.269;107.583;8.50;9;9;9
BENCH;77;414.18;1.020;1.022;121;118.4;4999.7;554.4;8;0;1800;20.840;0.000;87.367;8.00;8;9;9
BENCH;78;415.20;1.020;1.033;118;114.2;4999.7;554.4;16;8;3600;43.346;21.677;110.568;6.50;9;9;9
BENCH;79;416.22;1.020;1.009;106;105.1;4999.7;554.4;40;8;9000;106.757;21.770;173.501;7.40;9;9;9
BENCH;80;417.24;1.020;1.017;118;116.1;4999.7;554.4;10;8;2250;27.326;21.905;96.176;8.40;9;9;9
BENCH;81;418.26;1.020;1.025;124;121.0;4999.7;554.4;2;0;450;5.373;0.000;68.968;6.00;6;9;9
BENCH;82;419.28;1.020;1.034;119;115.1;4999.7;554.4;16;8;3600;42.425;21.566;114.330;8.50;9;9;9
BENCH;83;420.30;1.020;1.016;116;114.2;4999.7;554.4;16;8;3600;44.170;22.319;114.906;8.50;9;9;9
BENCH;84;421.32;1.020;1.034;115;111.2;4999.7;554.4;24;8;5400;66.346;21.937;133.915;7.67;9;9;9
BENCH;85;422.34;1.020;1.010;118;116.8;4999.7;554.4;12;8;2700;32.973;21.928;101.832;7.00;9;9;9
BENCH;86;423.36;1.020;1.015;120;118.3;4999.7;554.4;8;0;1800;21.821;0.000;86.298;7.00;7;9;9
BENCH;87;424.38;1.020;1.025;110;107.3;4999.7;554.4;26;8;5850;70.658;22.548;146.172;7.46;9;8;9
BENCH;88;425.40;1.020;1.025;117;114.2;4999.7;554.4;16;8;3600;44.013;21.898;112.814;8.50;9;9;9
BENCH;89;426.42;1.020;1.016;114;112.2;4999.7;554.4;18;8;4050;48.348;21.777;117.957;6.89;9;9;9
BENCH;90;427.44;1.020;1.017;113;111.1;4999.7;554.4;26;0;5850;68.778;0.000;132.541;7.00;8;9;9
BENCH;91;428.46;1.020;1.025;120;117.1;4999.7;554.4;8;8;1800;21.860;21.860;91.028;9.00;9;9;9
BENCH;92;429.48;1.020;1.017;116;114.1;4999.7;554.4;16;8;3600;43.520;21.802;113.768;8.50;9;9;9
BENCH;93;430.50;1.020;1.018;116;114.0;4999.7;554.4;16;8;3600;43.244;22.080;111.273;8.50;9;9;9
BENCH;94;431.52;1.020;1.024;119;116.2;4999.7;554.4;10;8;2250;27.214;21.839;98.691;8.20;9;9;9
BENCH;95;432.54;1.020;1.016;117;115.1;4999.7;554.4;16;0;3600;43.274;0.000;107.774;6.50;8;9;9
BENCH;96;433.56;1.020;1.025;120;117.1;4999.7;554.4;8;8;1800;21.748;21.748;89.525;9.00;9;9;9
BENCH;97;434.58;1.020;1.017;116;114.1;4999.7;554.4;18;8;4050;48.430;21.889;117.172;7.67;9;9;9
BENCH;98;435.60;1.020;1.025;120;117.0;4999.7;554.4;10;0;2250;26.253;0.000;88.894;7.40;8;9;9
BENCH;99;436.62;1.020;1.016;116;114.2;4999.7;554.4;16;8;3600;42.679;21.807;112.973;8.50;9;9;9
BENCH;100;437.64;1.020;1.017;118;116.0;4999.7;554.4;10;8;2250;27.474;22.051;93.210;7.80;9;9;9
BENCH;101;438.66;1.020;1.026;108;105.2;4999.7;554.4;40;8;9000;106.576;22.014;174.780;7.40;9;9;9
BENCH;102;439.68;1.020;1.016;119;117.1;4999.7;554.4;8;8;1800;21.955;21.955;91.393;9.00;9;9;9
BENCH;103;440.70;1.020;1.024;121;118.2;4999.7;554.4;8;0;1800;21.060;0.000;83.987;8.00;8;9;9
BENCH;104;441.72;1.020;1.017;113;111.1;4999.7;554.4;24;8;5400;64.436;21.888;137.331;7.33;9;9;9
BENCH;105;442.74;1.020;1.017;119;117.0;4999.7;554.4;8;8;1800;22.029;22.029;88.953;9.00;9;9;9
BENCH;106;443.76;1.020;1.024;120;117.2;4999.7;554.4;10;0;2250;26.938;0.000;91.702;7.40;8;9;9
BENCH;107;444.78;1.020;1.017;119;117.0;4999.7;554.4;8;8;1800;21.699;21.699;89.135;9.00;9;9;9
BENCH;108;445.80;1.020;1.017;107;105.2;4999.7;554.4;38;8;8550;102.447;21.773;168.118;6.68;9;9;9
BENCH;109;446.82;1.020;1.025;115;112.2;4999.7;554.4;18;8;4050;48.503;22.042;117.012;7.22;9;9;9
BENCH;110;447.84;1.020;1.025;118;115.1;4999.7;554.4;10;0;2250;30.340;0.000;94.016;7.40;8;8;9
BENCH;111;448.86;1.020;1.016;119;117.1;4999.7;554.4;8;8;1800;21.760;21.760;87.732;9.00;9;9;9
BENCH;112;449.88;1.020;1.024;114;111.3;4999.7;554.4;24;8;5400;63.848;21.921;133.580;8.00;9;9;9
BENCH;113;450.90;1.020;1.026;117;114.0;4999.7;554.4;18;8;4050;48.527;22.036;116.566;7.67;9;9;9
BENCH;114;451.92;1.020;1.017;120;118.0;4999.7;554.4;8;0;1800;20.928;0.000;85.632;8.00;8;9;9
BENCH;115;452.94;1.020;1.017;116;114.1;4999.7;554.4;16;8;3600;42.669;21.771;110.785;8.50;9;9;9
BENCH;116;453.96;1.020;1.016;120;118.1;4999.7;554.4;8;8;1800;22.005;22.005;87.921;9.00;9;9;9
BENCH;117;454.98;1.020;1.026;117;114.1;4999.7;554.4;16;8;3600;43.317;22.130;113.180;8.50;9;9;9
BENCH;118;456.00;1.020;1.015;122;120.1;4999.7;554.4;2;0;450;5.445;0.000;65.809;5.00;5;9;9
BENCH;119;457.02;1.020;1.018;113;111.0;4999.7;554.4;24;8;5400;63.971;21.825;130.059;8.00;9;9;9
BENCH;120;458.04;1.020;1.026;120;116.9;4999.7;554.4;8;8;1800;22.628;22.628;94.193;9.00;9;9;9
BENCH;121;459.06;1.020;1.016;116;114.1;4999.7;554.4;16;8;3600;43.201;22.014;110.796;8.50;9;9;9
BENCH;122;460.08;1.020;1.022;113;110.5;4999.7;554.4;26;8;5850;70.890;22.377;132.510;6.85;9;9;9
BENCH;123;461.10;1.020;1.018;116;113.9;4999.7;554.4;18;0;4050;47.595;0.000;118.036;6.78;7;9;9
BENCH;124;462.12;1.020;1.019;113;110.9;4999.7;554.4;24;8;5400;65.117;21.956;133.364;7.67;9;9;9
BENCH;125;463.14;1.020;1.024;120;117.2;4999.7;554.4;8;8;1800;21.768;21.768;91.735;9.00;9;9;9
BENCH;126;464.16;1.020;1.016;116;114.2;4999.7;554.4;16;8;3600;43.067;21.712;110.357;8.50;9;9;9
BENCH;127;465.18;1.020;1.025;119;116.1;4999.7;554.4;12;0;2700;32.218;0.000;94.812;6.50;8;9;9
BENCH;128;466.20;1.020;1.017;119;117.0;4999.7;554.4;8;8;1800;22.325;22.325;90.830;9.00;9;9;9
BENCH;129;467.22;1.020;1.021;116;113.6;4999.7;554.4;16;8;3600;43.337;21.768;111.339;6.50;9;9;9
BENCH;130;468.24;1.020;1.020;114;111.7;4999.7;554.4;26;0;5850;68.906;0.000;134.991;6.62;8;8;9
BENCH;131;469.26;1.020;1.016;116;114.1;4999.7;554.4;16;8;3600;42.702;21.805;111.503;8.50;9;9;9
BENCH;132;470.28;1.020;1.025;116;113.1;4999.7;554.4;18;8;4050;48.846;22.055;116.271;7.22;9;9;9
BENCH;133;471.30;1.020;1.016;113;111.2;4999.7;554.4;24;8;5400;64.237;21.968;135.154;7.33;9;9;9
BENCH;134;472.32;1.020;1.021;114;111.7;4999.7;554.4;24;8;5400;64.480;21.777;130.485;7.67;9;8;9
BENCH;135;473.34;1.020;1.018;120;117.8;4999.7;554.4;10;0;2250;27.056;0.000;93.806;7.40;8;9;9
BENCH;136;474.36;1.020;1.021;117;114.6;4999.7;554.4;16;8;3600;43.305;22.281;115.604;8.50;9;9;9
BENCH;137;475.38;1.020;1.023;121;118.3;4999.7;554.4;10;8;2250;27.363;21.897;94.128;8.20;9;9;9
BENCH;138;476.40;1.020;1.017;120;118.0;4999.7;554.4;8;0;1800;20.900;0.000;81.804;8.00;8;9;9
BENCH;139;477.42;1.020;1.016;119;117.1;4999.7;554.4;8;8;1800;21.670;21.670;91.480;9.00;9;9;9
BENCH;140;478.44;1.020;1.025;114;111.2;4999.7;554.4;24;8;5400;64.853;21.811;132.318;6.00;9;9;9
BENCH;141;479.46;1.020;1.017;116;114.1;4999.7;554.4;18;0;4050;47.961;0.000;112.762;7.22;8;9;9
BENCH;142;480.48;1.020;1.025;116;113.2;4999.7;554.4;18;8;4050;48.229;21.738;115.372;7.89;9;9;9
BENCH;143;481.50;1.020;1.017;119;117.1;4999.7;554.4;12;8;2700;32.543;21.641;97.284;7.00;9;9;9
BENCH;144;482.52;1.020;1.019;120;117.7;4999.7;554.4;8;0;1800;20.844;0.000;85.574;8.00;8;9;9
BENCH;145;483.54;1.020;1.023;117;114.4;4999.7;554.4;16;8;3600;42.726;21.659;109.243;8.00;9;9;9
BENCH calibration;quads=30;refusedQuads=0;verticesPerFormula=54000;stockNsPerVertex=262.0;fixedNsPerVertex=88.8;differenceNsPerVertex=-173.2
BENCH end
