BENCH sphere;name=Mun;radius=200000;minLevel=2;maxLevel=9;highestLevelUnder=6250;subdivisionOffAbove=20000000;maxAnglePerSample=9.204E-005;speedCapAt60Fps=1104
BENCH colliders;name=Mun;maxLevelOffset=0;lowestLevelWithCollider=9
BENCH begin;mode=Calibrate;patchEnabled=True;samples=121;verticesPerQuad=225;warpedSeconds=0
BENCH;sample;ut;utSpan;realSeconds;frames;fps;altitude;speed;quads;patchedQuads;vertices;buildMs;patchedBuildMs;updateMs;subdivisionAvg;subdivisionMax;speedLevelCap;maxLevel
BENCH;0;401.68;1.020;1.034;102;98.7;4999.5;554.4;40;24;9000;120.085;77.806;190.585;8.60;9;9;9
BENCH;1;402.70;1.020;1.020;100;98.1;4999.5;554.4;40;8;9000;108.028;22.557;167.228;7.80;9;9;9
BENCH;2;403.72;1.020;1.025;108;105.4;4999.5;554.4;16;16;3600;55.905;55.905;122.026;9.00;9;9;9
BENCH;3;404.74;1.020;1.021;104;101.8;4999.5;554.4;24;8;5400;67.220;24.560;128.945;8.00;9;9;9
BENCH;4;405.76;1.020;1.024;102;99.6;4999.5;554.4;40;16;9000;108.661;44.811;179.256;8.20;9;8;9
BENCH;5;406.78;1.040;1.069;112;104.8;4999.5;554.4;24;16;5400;77.558;56.419;144.089;8.67;9;9;9
BENCH;6;407.82;1.020;1.018;99;97.3;4999.5;554.4;32;16;7200;88.559;45.578;160.627;7.75;9;9;9
BENCH;7;408.84;1.020;1.027;103;100.3;4999.5;554.4;32;8;7200;96.451;32.773;161.755;8.00;9;9;9
BENCH;8;409.86;1.020;1.026;98;95.5;4999.5;554.4;28;16;6300;77.515;44.983;149.326;8.29;9;9;9
BENCH;9;410.88;1.020;1.017;105;103.3;4999.5;554.4;28;8;6300;77.432;23.675;147.392;7.43;9;9;9
BENCH;10;411.90;1.020;1.024;101;98.6;4999.5;554.4;36;16;8100;98.480;45.487;171.044;8.22;9;9;9
BENCH;11;412.92;1.020;1.021;97;95.0;4999.5;554.4;36;8;8100;100.606;23.369;168.065;7.78;9;8;9
BENCH;12;413.94;1.020;1.024;107;104.5;4999.5;554.4;20;16;4500;56.404;45.805;131.219;8.80;9;9;9
BENCH;13;414.96;1.020;1.016;96;94.5;4999.5;554.4;42;24;9450;115.493;67.453;191.774;8.38;9;9;9
BENCH;14;415.98;1.020;1.022;99;96.8;4999.5;554.4;38;8;8550;101.920;22.429;172.551;7.79;9;9;9
BENCH;15;417.00;1.020;1.017;100;98.3;4999.5;554.4;26;16;5850;71.789;45.457;143.126;8.31;9;8;9
BENCH;16;418.02;1.020;1.029;93;90.3;4999.5;554.4;36;16;8100;99.122;44.936;174.467;8.22;9;8;9
BENCH;17;419.04;1.020;1.029;92;89.4;4999.5;554.4;50;16;11250;134.993;45.136;208.799;7.84;9;8;9
BENCH;18;420.06;1.020;1.026;108;105.3;4999.5;554.4;18;16;4050;50.397;44.945;128.640;8.89;9;9;9
BENCH;19;421.08;1.020;1.015;99;97.5;4999.5;554.4;26;16;5850;71.679;44.892;145.547;8.62;9;9;9
BENCH;20;422.10;1.020;1.023;95;92.9;4999.5;554.4;42;16;9450;114.141;45.446;191.351;8.14;9;9;9
BENCH;21;423.12;1.020;1.024;103;100.6;4999.5;554.4;28;16;6300;77.231;44.911;153.706;7.57;9;8;9
BENCH;22;424.14;1.040;1.036;96;92.7;4999.5;554.4;40;16;9000;108.749;44.659;182.995;7.40;9;9;9
BENCH;23;425.18;1.020;1.017;92;90.4;4999.5;554.4;36;16;8100;98.240;44.971;177.232;8.33;9;9;9
BENCH;24;426.20;1.020;1.022;103;100.8;4999.5;554.4;16;8;3600;43.597;22.406;118.743;8.00;9;9;9
BENCH;25;427.22;1.020;1.021;99;96.9;4999.5;554.4;34;16;7650;93.189;44.951;173.018;7.94;9;8;9
BENCH;26;428.24;1.020;1.022;97;94.9;4999.5;554.4;28;8;6300;75.424;22.376;147.232;8.14;9;9;9
BENCH;27;429.26;1.020;1.021;96;94.0;4999.5;554.4;32;24;7200;89.862;68.517;170.987;8.25;9;8;9
BENCH;28;430.28;1.020;1.019;98;96.2;4999.5;554.4;34;8;7650;91.227;22.305;165.700;7.71;9;9;9
BENCH;29;431.30;1.020;1.039;96;92.4;4999.5;554.4;44;16;9900;119.043;44.764;198.951;7.91;9;8;9
BENCH;30;432.32;1.020;1.024;92;89.9;4999.5;554.4;44;24;9900;121.277;67.426;203.263;7.91;9;8;9
BENCH;31;433.34;1.020;1.020;103;100.9;4999.4;554.4;16;8;3600;43.698;22.422;118.352;8.50;9;9;9
BENCH;32;434.36;1.020;1.021;91;89.1;4999.4;554.4;42;24;9450;116.740;68.549;195.804;7.95;9;9;9
BENCH;33;435.38;1.020;1.024;104;101.5;4999.4;554.4;20;8;4500;54.912;22.985;137.115;8.20;9;8;9
BENCH;34;436.40;1.020;1.021;104;101.8;4999.4;554.4;26;8;5850;70.687;22.596;149.002;7.31;9;9;9
BENCH;35;437.42;1.020;1.014;102;100.6;4999.4;554.4;26;8;5850;70.730;22.730;145.932;7.31;9;9;9
BENCH;36;438.44;1.020;1.045;99;94.8;4999.4;554.4;44;16;9900;121.723;46.014;206.603;8.09;9;8;9
BENCH;37;439.46;1.020;1.015;113;111.3;4999.4;554.4;8;0;1800;21.255;0.000;95.804;7.00;7;9;9
BENCH;38;440.48;1.020;1.021;99;97.0;4999.4;554.4;34;16;7650;93.201;45.377;174.589;8.18;9;9;9
BENCH;39;441.50;1.020;1.020;115;112.7;4999.4;554.4;4;0;900;10.827;0.000;85.174;7.00;7;9;9
BENCH;40;442.52;1.020;1.023;107;104.6;4999.4;554.4;24;16;5400;65.751;44.489;150.148;8.67;9;9;9
BENCH;41;443.54;1.020;1.018;112;110.0;4999.4;554.4;10;0;2250;26.503;0.000;102.733;7.80;8;9;9
BENCH;42;444.56;1.020;1.017;101;99.3;4999.4;554.4;36;16;8100;97.757;44.843;178.653;7.89;9;9;9
BENCH;43;445.58;1.020;1.022;115;112.5;4999.4;554.4;8;0;1800;21.285;0.000;98.565;7.00;7;9;9
BENCH;44;446.60;1.020;1.019;96;94.2;4999.4;554.4;42;16;9450;119.866;49.146;202.254;7.76;9;8;9
BENCH;45;447.62;1.020;1.025;101;98.5;4999.4;554.4;44;16;9900;119.268;44.828;201.526;7.91;9;8;9
BENCH;46;448.64;1.020;1.018;120;117.9;4999.4;554.4;2;0;450;5.477;0.000;83.455;6.00;6;9;9
BENCH;47;449.66;1.020;1.020;104;101.9;4999.4;554.4;32;16;7200;87.833;45.165;171.066;7.75;9;9;9
BENCH;48;450.68;1.020;1.024;106;103.5;4999.4;554.4;34;8;7650;91.556;22.248;170.143;7.71;9;9;9
BENCH;49;451.70;1.020;1.015;109;107.4;4999.4;554.4;24;8;5400;65.025;22.276;143.929;7.00;9;9;9
BENCH;50;452.72;1.020;1.020;105;102.9;4999.4;554.4;32;16;7200;86.594;44.657;167.232;8.25;9;8;9
BENCH;51;453.74;1.020;1.036;103;99.4;4999.4;554.4;40;16;9000;109.931;45.222;192.651;7.60;9;9;9
BENCH;52;454.76;1.020;1.026;108;105.3;4999.4;554.4;24;8;5400;64.808;22.495;144.406;7.67;9;9;9
BENCH;53;455.78;1.020;1.018;109;107.1;4999.4;554.4;26;8;5850;71.599;23.576;149.419;8.15;9;8;9
BENCH;54;456.80;1.020;1.024;101;98.6;4999.4;554.4;38;16;8550;104.083;45.276;186.659;7.53;9;8;9
BENCH;55;457.82;1.020;1.031;108;104.8;4999.4;554.4;32;16;7200;88.027;45.089;171.783;8.00;9;9;9
BENCH;56;458.84;1.020;1.004;100;99.6;4999.4;554.4;32;16;7200;87.579;45.211;166.718;8.25;9;9;9
BENCH;57;459.86;1.020;1.024;105;102.5;4999.4;554.4;32;8;7200;86.295;22.349;165.224;6.75;9;9;9
BENCH;58;460.88;1.020;1.018;100;98.2;4999.4;554.4;40;8;9000;107.445;22.468;187.540;7.60;9;8;9
BENCH;59;461.90;1.020;1.020;102;100.0;4999.4;554.4;26;8;5850;70.204;22.348;149.598;7.54;9;9;9
BENCH;60;462.92;1.020;1.032;112;108.5;4999.4;554.4;24;16;5400;66.254;45.017;149.129;8.67;9;9;9
BENCH;61;463.94;1.020;1.006;113;112.4;4999.4;554.4;10;8;2250;28.017;22.530;114.823;8.40;9;9;9
BENCH;62;464.96;1.020;1.023;106;103.6;4999.4;554.4;34;8;7650;92.267;22.572;172.019;7.65;9;9;9
BENCH;63;465.98;1.020;1.018;108;106.1;4999.4;554.4;24;16;5400;65.936;44.800;152.902;8.33;9;9;9
BENCH;64;467.00;1.020;1.019;99;97.1;4999.4;554.4;34;24;7650;94.352;67.571;181.148;8.59;9;9;9
BENCH;65;468.02;1.020;1.036;93;89.7;4999.4;554.4;56;16;12600;150.803;44.920;233.788;7.86;9;8;9
BENCH;66;469.04;1.020;1.002;113;112.8;4999.4;554.4;10;8;2250;28.324;22.692;110.926;7.80;9;9;9
BENCH;67;470.06;1.020;1.043;112;107.4;4999.4;554.4;26;16;5850;71.020;44.216;161.036;8.46;9;9;9
BENCH;68;471.08;1.020;1.022;113;110.6;4999.4;554.4;8;8;1800;22.319;22.319;104.307;9.00;9;9;9
BENCH;69;472.10;1.020;1.016;105;103.4;4999.4;554.4;26;8;5850;71.536;22.734;153.067;8.15;9;9;9
BENCH;70;473.12;1.020;1.020;113;110.8;4999.4;554.4;10;8;2250;27.830;22.403;109.986;8.40;9;9;9
BENCH;71;474.14;1.020;1.036;109;105.2;4999.4;554.4;34;16;7650;94.492;45.335;179.007;8.12;9;9;9
BENCH;72;475.16;1.020;1.008;99;98.2;4999.4;554.4;40;8;9000;109.608;22.515;192.533;6.40;9;9;9
BENCH;73;476.18;1.020;1.034;102;98.7;4999.4;554.4;32;8;7200;86.551;22.668;165.167;7.75;9;9;9
BENCH;74;477.20;1.020;1.004;101;100.6;4999.4;554.4;26;8;5850;71.189;22.739;153.477;6.62;9;9;9
BENCH;75;478.22;1.020;1.025;110;107.3;4999.4;554.4;16;8;3600;43.948;22.715;125.116;8.50;9;9;9
BENCH;76;479.24;1.020;1.034;107;103.5;4999.4;554.4;34;8;7650;92.114;22.634;173.972;7.65;9;9;9
BENCH;77;480.26;1.020;1.019;105;103.0;4999.4;554.4;26;8;5850;71.231;22.713;153.204;6.23;9;8;9
BENCH;78;481.28;1.020;1.036;109;105.2;4999.4;554.4;26;8;5850;71.013;23.056;153.663;7.85;9;9;9
BENCH;79;482.30;1.020;1.001;109;108.9;4999.4;554.4;8;8;1800;22.474;22.474;102.784;9.00;9;9;9
BENCH;80;483.32;1.020;1.039;103;99.1;4999.4;554.4;40;16;9000;109.357;45.429;192.826;8.00;9;9;9
BENCH;81;484.34;1.020;1.005;115;114.4;4999.4;554.4;10;0;2250;26.728;0.000;109.676;6.80;7;9;9
BENCH;82;485.36;1.020;1.018;104;102.2;4999.4;554.4;34;16;7650;93.149;45.086;182.330;8.12;9;9;9
BENCH;83;486.38;1.020;1.024;120;117.2;4999.4;554.4;2;0;450;5.472;0.000;90.505;6.00;6;9;9
BENCH;84;487.40;1.020;1.014;105;103.5;4999.4;554.4;32;16;7200;87.432;45.079;172.001;8.50;9;9;9
BENCH;85;488.42;1.020;1.022;118;115.5;4999.4;554.4;10;8;2250;27.888;22.376;117.289;8.40;9;9;9
BENCH;86;489.44;1.020;1.018;111;109.1;4999.4;554.4;24;8;5400;65.173;22.550;148.131;7.33;9;9;9
BENCH;87;490.46;1.020;1.021;114;111.6;4999.4;554.4;18;8;4050;49.173;22.497;131.792;7.78;9;9;9
BENCH;88;491.48;1.020;1.022;111;108.6;4999.4;554.4;24;8;5400;64.966;22.323;148.053;8.33;9;9;9
BENCH;89;492.50;1.020;1.022;109;106.7;4999.4;554.4;26;8;5850;71.147;22.356;152.786;6.62;9;8;9
BENCH;90;493.52;1.020;1.017;110;108.2;4999.4;554.4;26;8;5850;70.144;22.491;152.602;7.85;9;8;9
BENCH;91;494.54;1.040;1.041;118;113.4;4999.4;554.4;16;8;3600;44.051;22.272;128.070;8.50;9;9;9
BENCH;92;495.58;1.020;1.023;112;109.5;4999.4;554.4;24;8;5400;65.611;23.010;149.901;7.67;9;8;9
BENCH;93;496.60;1.020;1.027;114;111.0;4999.4;554.4;20;16;4500;56.034;44.895;141.123;7.80;9;9;9
BENCH;94;497.62;1.020;1.019;109;106.9;4999.4;554.4;26;8;5850;70.943;22.820;152.161;7.54;9;9;9
BENCH;95;498.64;1.020;1.016;108;106.3;4999.4;554.4;32;8;7200;86.802;22.621;166.753;7.50;9;9;9
BENCH;96;499.66;1.020;1.018;110;108.1;4999.4;554.4;26;8;5850;70.867;22.330;155.195;7.23;9;9;9
BENCH;97;500.68;1.020;1.030;109;105.8;4999.4;554.4;26;8;5850;72.171;23.579;154.543;7.85;9;9;9
BENCH;98;501.70;1.020;1.015;109;107.4;4999.4;554.4;28;8;6300;77.826;22.778;158.675;6.64;9;9;9
BENCH;99;502.72;1.020;1.017;110;108.2;4999.4;554.4;24;8;5400;65.229;22.566;145.883;8.33;9;9;9
BENCH;100;503.74;1.020;1.025;117;114.2;4999.4;554.4;10;8;2250;28.125;22.331;111.264;7.60;9;9;9
BENCH;101;504.76;1.020;1.017;117;115.1;4999.4;554.4;10;8;2250;27.844;22.353;113.778;8.40;9;9;9
BENCH;102;505.78;1.020;1.021;115;112.7;4999.4;554.4;18;8;4050;49.021;22.563;131.919;8.22;9;9;9
BENCH;103;506.80;1.020;1.021;118;115.6;4999.4;554.4;10;8;2250;27.995;22.522;112.045;8.40;9;9;9
BENCH;104;507.82;1.020;1.019;113;110.9;4999.4;554.4;24;0;5400;63.787;0.000;142.580;7.67;8;9;9
BENCH;105;508.84;1.020;1.033;117;113.2;4999.4;554.4;16;16;3600;45.434;45.434;128.559;9.00;9;9;9
BENCH;106;509.86;1.020;1.006;116;115.3;4999.4;554.4;8;0;1800;21.318;0.000;103.009;8.00;8;9;9
BENCH;107;510.88;1.020;1.019;108;105.9;4999.4;554.4;32;16;7200;88.198;44.835;171.382;8.00;9;9;9
BENCH;108;511.90;1.020;1.017;115;113.0;4999.4;554.4;20;0;4500;53.321;0.000;134.139;7.30;8;9;9
BENCH;109;512.92;1.020;1.025;115;112.2;4999.4;554.4;18;16;4050;50.276;44.819;135.496;8.67;9;9;9
BENCH;110;513.94;1.020;1.014;120;118.3;4999.4;554.4;8;0;1800;21.126;0.000;101.143;8.00;8;9;9
BENCH;111;514.96;1.020;1.033;113;109.4;4999.4;554.4;24;16;5400;66.146;44.717;149.768;8.00;9;9;9
BENCH;112;515.98;1.020;1.011;113;111.7;4999.4;554.4;24;0;5400;63.733;0.000;142.900;6.33;8;9;9
BENCH;113;517.00;1.020;1.021;116;113.6;4999.4;554.4;16;8;3600;43.409;22.105;125.012;8.50;9;9;9
BENCH;114;518.02;1.020;1.017;115;113.0;4999.4;554.4;18;8;4050;48.960;22.219;132.448;8.11;9;9;9
BENCH;115;519.04;1.020;1.025;110;107.3;4999.4;554.4;32;8;7200;86.539;22.323;167.076;6.75;9;9;9
BENCH;116;520.06;1.020;1.017;111;109.2;4999.4;554.4;26;8;5850;69.941;22.331;152.725;7.77;9;9;9
BENCH;117;521.08;1.020;1.019;115;112.8;4999.4;554.4;16;8;3600;43.332;22.372;124.702;8.50;9;9;9
BENCH;118;522.10;1.020;1.020;108;105.9;4999.4;554.4;32;8;7200;86.224;22.311;166.871;7.00;9;9;9
BENCH;119;523.12;1.020;1.019;119;116.8;4999.4;554.4;8;8;1800;22.356;22.356;104.904;9.00;9;9;9
BENCH;120;524.14;1.020;1.018;119;116.9;4999.4;554.4;8;8;1800;22.356;22.356;106.095;9.00;9;9;9
BENCH calibration;quads=41;verticesPerFormula=73800;stockNsPerVertex=168.6;fixedNsPerVertex=500.4;differenceNsPerVertex=331.8
BENCH end
